Component: ARM Compiler 5.06 update 1 (build 61) Tool: armlink [4d0efa]

==============================================================================

Section Cross References

    blinky.o(.text) refers to stm32f4xx_hal_rcc.o(.text) for HAL_RCC_OscConfig
    blinky.o(.text) refers to rt_cmsis.o(i.osKernelInitialize) for osKernelInitialize
    blinky.o(.text) refers to stm32f4xx_hal.o(.text) for HAL_Init
    blinky.o(.text) refers to led_f429discovery.o(.text) for LED_Initialize
    blinky.o(.text) refers to buttons_f429discovery.o(.text) for Buttons_Initialize
    blinky.o(.text) refers to thread_led.o(.text) for Init_Thread_LED
    blinky.o(.text) refers to rt_cmsis.o(i.osKernelStart) for osKernelStart
    blinky.o(.text) refers to rt_cmsis.o(i.osSignalSet) for osSignalSet
    blinky.o(.text) refers to rt_cmsis.o(i.osDelay) for osDelay
    blinky.o(.text) refers to rt_time.o(.data) for os_time
    blinky.o(.text) refers to thread_led.o(.data) for tid_Thread_LED
    thread_led.o(.text) refers to rt_cmsis.o(i.osThreadCreate) for osThreadCreate
    thread_led.o(.text) refers to led_f429discovery.o(.text) for LED_GetCount
    thread_led.o(.text) refers to rt_cmsis.o(i.osSignalWait) for osSignalWait
    thread_led.o(.text) refers to thread_led.o(.constdata) for os_thread_def_Thread_LED
    thread_led.o(.text) refers to thread_led.o(.data) for tid_Thread_LED
    thread_led.o(.constdata) refers to thread_led.o(.text) for Thread_LED
    buttons_f429discovery.o(.text) refers to stm32f4xx_hal_gpio.o(.text) for HAL_GPIO_Init
    led_f429discovery.o(.text) refers to stm32f4xx_hal_gpio.o(.text) for HAL_GPIO_Init
    led_f429discovery.o(.text) refers to led_f429discovery.o(.constdata) for LED_PIN
    rtx_conf_cm.o(.ARM.Collect$$$$000000FF) refers to rt_cmsis.o(i.osKernelInitialize) for osKernelInitialize
    rtx_conf_cm.o(.ARM.Collect$$$$000000FF) refers to rt_cmsis.o(i.osThreadCreate) for osThreadCreate
    rtx_conf_cm.o(.ARM.Collect$$$$000000FF) refers to rt_cmsis.o(i.osKernelStart) for osKernelStart
    rtx_conf_cm.o(.ARM.Collect$$$$000000FF) refers to rtx_conf_cm.o(.constdata) for .constdata
    rtx_conf_cm.o(.constdata) refers to rt_cmsis.o(i.osTimerThread) for osTimerThread
    rtx_conf_cm.o(.constdata) refers to rtx_conf_cm.o(.bss) for os_messageQ_q_osTimerMessageQ
    rtx_conf_cm.o(.constdata) refers to blinky.o(.text) for main
    stm32f4xx_hal.o(.text) refers to stm32f4xx_hal_cortex.o(.text) for HAL_SYSTICK_Config
    stm32f4xx_hal.o(.text) refers to blinky.o(.text) for HAL_GetTick
    stm32f4xx_hal.o(.text) refers to system_stm32f4xx.o(.data) for SystemCoreClock
    stm32f4xx_hal.o(.text) refers to stm32f4xx_hal.o(.data) for uwTick
    stm32f4xx_hal_pwr_ex.o(.text) refers to blinky.o(.text) for HAL_GetTick
    stm32f4xx_hal_rcc.o(.text) refers to blinky.o(.text) for HAL_GetTick
    stm32f4xx_hal_rcc.o(.text) refers to stm32f4xx_hal.o(.text) for HAL_InitTick
    stm32f4xx_hal_rcc.o(.text) refers to stm32f4xx_hal_gpio.o(.text) for HAL_GPIO_Init
    stm32f4xx_hal_rcc.o(.text) refers to stm32f4xx_hal_rcc.o(.constdata) for APBAHBPrescTable
    stm32f4xx_hal_rcc.o(.text) refers to system_stm32f4xx.o(.data) for SystemCoreClock
    stm32f4xx_hal_rcc_ex.o(.text) refers to blinky.o(.text) for HAL_GetTick
    stm32f4xx_hal_rcc_ex.o(.text) refers to system_stm32f4xx.o(.data) for SystemCoreClock
    startup_stm32f429xx.o(RESET) refers to startup_stm32f429xx.o(STACK) for __initial_sp
    startup_stm32f429xx.o(RESET) refers to startup_stm32f429xx.o(.text) for Reset_Handler
    startup_stm32f429xx.o(RESET) refers to hal_cm4.o(.emb_text) for SVC_Handler
    startup_stm32f429xx.o(.text) refers to system_stm32f4xx.o(.text) for SystemInit
    startup_stm32f429xx.o(.text) refers to entry.o(.ARM.Collect$$$$00000000) for __main
    system_stm32f4xx.o(.text) refers to system_stm32f4xx.o(.data) for SystemCoreClock
    system_stm32f4xx.o(.text) refers to system_stm32f4xx.o(.constdata) for AHBPrescTable
    rt_cmsis.o(i.isrMessageGet) refers to rt_mailbox.o(i.isr_mbx_receive) for isr_mbx_receive
    rt_cmsis.o(i.isrMessagePut) refers to rt_mailbox.o(i.rt_mbx_check) for rt_mbx_check
    rt_cmsis.o(i.isrMessagePut) refers to rt_mailbox.o(i.isr_mbx_send) for isr_mbx_send
    rt_cmsis.o(i.isrSemaphoreRelease) refers to rt_cmsis.o(i.rt_id2obj) for rt_id2obj
    rt_cmsis.o(i.isrSemaphoreRelease) refers to rt_semaphore.o(i.isr_sem_send) for isr_sem_send
    rt_cmsis.o(i.isrSignalSet) refers to rt_cmsis.o(i.rt_tid2ptcb) for rt_tid2ptcb
    rt_cmsis.o(i.isrSignalSet) refers to rt_event.o(i.isr_evt_set) for isr_evt_set
    rt_cmsis.o(i.osDelay) refers to rt_cmsis.o(i.svcDelay) for svcDelay
    rt_cmsis.o(i.osKernelInitialize) refers to rt_cmsis.o(i.svcKernelInitialize) for svcKernelInitialize
    rt_cmsis.o(i.osKernelRunning) refers to rt_cmsis.o(i.svcKernelRunning) for svcKernelRunning
    rt_cmsis.o(i.osKernelRunning) refers to rt_cmsis.o(.data) for .data
    rt_cmsis.o(i.osKernelStart) refers to rtx_conf_cm.o(.constdata) for os_flags
[...]
    rt_system.o(i.rt_resume) refers to rt_task.o(.data) for os_tsk
    rt_system.o(i.rt_resume) refers to rt_robin.o(.data) for os_robin
    rt_system.o(i.rt_resume) refers to rt_list.o(.bss) for os_dly
    rt_system.o(i.rt_resume) refers to rt_time.o(.data) for os_time
    rt_system.o(i.rt_stk_check) refers to rtx_conf_cm.o(.text) for os_error
    rt_system.o(i.rt_stk_check) refers to rt_task.o(.data) for os_tsk
    rt_system.o(i.rt_suspend) refers to rt_system.o(i.rt_tsk_lock) for rt_tsk_lock
    rt_system.o(i.rt_suspend) refers to rt_cmsis.o(i.sysUserTimerWakeupTime) for sysUserTimerWakeupTime
    rt_system.o(i.rt_suspend) refers to rt_list.o(.bss) for os_dly
    rt_system.o(i.rt_systick) refers to rt_list.o(i.rt_put_rdy_first) for rt_put_rdy_first
    rt_system.o(i.rt_systick) refers to rt_robin.o(i.rt_chk_robin) for rt_chk_robin
    rt_system.o(i.rt_systick) refers to rt_list.o(i.rt_dec_dly) for rt_dec_dly
    rt_system.o(i.rt_systick) refers to rt_cmsis.o(i.sysTimerTick) for sysTimerTick
    rt_system.o(i.rt_systick) refers to rt_list.o(i.rt_get_first) for rt_get_first
    rt_system.o(i.rt_systick) refers to rt_task.o(i.rt_switch_req) for rt_switch_req
    rt_system.o(i.rt_systick) refers to rt_task.o(.data) for os_tsk
    rt_system.o(i.rt_systick) refers to rt_time.o(.data) for os_time
    rt_system.o(i.rt_systick) refers to rt_list.o(.bss) for os_rdy
    rt_system.o(i.rt_tsk_lock) refers to rt_system.o(.data) for .data
    rt_system.o(i.rt_tsk_unlock) refers to rt_system.o(.data) for .data
    rt_event.o(i.isr_evt_set) refers to rt_list.o(i.rt_psq_enq) for rt_psq_enq
    rt_event.o(i.isr_evt_set) refers to rt_system.o(i.rt_psh_req) for rt_psh_req
    rt_event.o(i.isr_evt_set) refers to rtx_conf_cm.o(.bss) for os_active_TCB
    rt_event.o(i.rt_evt_clr) refers to rtx_conf_cm.o(.bss) for os_active_TCB
    rt_event.o(i.rt_evt_get) refers to rt_task.o(.data) for os_tsk
    rt_event.o(i.rt_evt_psh) refers to rt_list.o(i.rt_rmv_dly) for rt_rmv_dly
    rt_event.o(i.rt_evt_psh) refers to hal_cm.o(i.rt_ret_val2) for rt_ret_val2
    rt_event.o(i.rt_evt_psh) refers to rt_list.o(i.rt_put_prio) for rt_put_prio
    rt_event.o(i.rt_evt_psh) refers to rt_list.o(.bss) for os_rdy
    rt_event.o(i.rt_evt_set) refers to rt_list.o(i.rt_rmv_dly) for rt_rmv_dly
    rt_event.o(i.rt_evt_set) refers to hal_cm.o(i.rt_ret_val2) for rt_ret_val2
    rt_event.o(i.rt_evt_set) refers to rt_task.o(i.rt_dispatch) for rt_dispatch
    rt_event.o(i.rt_evt_set) refers to rtx_conf_cm.o(.bss) for os_active_TCB
    rt_event.o(i.rt_evt_wait) refers to rt_task.o(i.rt_block) for rt_block
    rt_event.o(i.rt_evt_wait) refers to rt_task.o(.data) for os_tsk
    rt_list.o(i.rt_dec_dly) refers to rt_list.o(i.rt_put_prio) for rt_put_prio
    rt_list.o(i.rt_dec_dly) refers to rt_list.o(.bss) for .bss
    rt_list.o(i.rt_dec_dly) refers to rt_time.o(.data) for os_time
    rt_list.o(i.rt_get_same_rdy_prio) refers to rt_list.o(.bss) for .bss
    rt_list.o(i.rt_get_same_rdy_prio) refers to rt_task.o(.data) for os_tsk
    rt_list.o(i.rt_psq_enq) refers to rtx_conf_cm.o(.text) for os_error
    rt_list.o(i.rt_psq_enq) refers to rtx_conf_cm.o(.bss) for os_fifo
    rt_list.o(i.rt_put_dly) refers to rt_list.o(.bss) for .bss
    rt_list.o(i.rt_put_rdy_first) refers to rt_list.o(.bss) for .bss
    rt_list.o(i.rt_resort_prio) refers to rt_list.o(i.rt_rmv_list) for rt_rmv_list
    rt_list.o(i.rt_resort_prio) refers to rt_list.o(i.rt_put_prio) for rt_put_prio
    rt_list.o(i.rt_resort_prio) refers to rt_list.o(.bss) for .bss
    rt_list.o(i.rt_rmv_list) refers to rt_list.o(.bss) for .bss
    rt_mailbox.o(i.isr_mbx_receive) refers to rt_list.o(i.rt_psq_enq) for rt_psq_enq
    rt_mailbox.o(i.isr_mbx_receive) refers to rt_system.o(i.rt_psh_req) for rt_psh_req
    rt_mailbox.o(i.isr_mbx_send) refers to rt_list.o(i.rt_psq_enq) for rt_psq_enq
    rt_mailbox.o(i.isr_mbx_send) refers to rt_system.o(i.rt_psh_req) for rt_psh_req
    rt_mailbox.o(i.rt_mbx_psh) refers to rt_membox.o(i.rt_alloc_box) for rt_alloc_box
    rt_mailbox.o(i.rt_mbx_psh) refers to rt_list.o(i.rt_get_first) for rt_get_first
    rt_mailbox.o(i.rt_mbx_psh) refers to hal_cm.o(i.rt_ret_val) for rt_ret_val
    rt_mailbox.o(i.rt_mbx_psh) refers to rt_list.o(i.rt_rmv_dly) for rt_rmv_dly
    rt_mailbox.o(i.rt_mbx_psh) refers to rt_list.o(i.rt_put_prio) for rt_put_prio
    rt_mailbox.o(i.rt_mbx_psh) refers to hal_cm.o(i.rt_ret_val2) for rt_ret_val2
    rt_mailbox.o(i.rt_mbx_psh) refers to rtx_conf_cm.o(.text) for os_error
    rt_mailbox.o(i.rt_mbx_psh) refers to rt_list.o(.bss) for os_rdy
    rt_mailbox.o(i.rt_mbx_send) refers to rt_list.o(i.rt_put_prio) for rt_put_prio
    rt_mailbox.o(i.rt_mbx_send) refers to rt_list.o(i.rt_get_first) for rt_get_first
    rt_mailbox.o(i.rt_mbx_send) refers to hal_cm.o(i.rt_ret_val2) for rt_ret_val2
    rt_mailbox.o(i.rt_mbx_send) refers to rt_list.o(i.rt_rmv_dly) for rt_rmv_dly
    rt_mailbox.o(i.rt_mbx_send) refers to rt_task.o(i.rt_dispatch) for rt_dispatch
    rt_mailbox.o(i.rt_mbx_send) refers to rt_task.o(i.rt_block) for rt_block
    rt_mailbox.o(i.rt_mbx_send) refers to rt_task.o(.data) for os_tsk
    rt_mailbox.o(i.rt_mbx_wait) refers to rt_list.o(i.rt_get_first) for rt_get_first
    rt_mailbox.o(i.rt_mbx_wait) refers to hal_cm.o(i.rt_ret_val) for rt_ret_val
    rt_mailbox.o(i.rt_mbx_wait) refers to rt_list.o(i.rt_rmv_dly) for rt_rmv_dly
    rt_mailbox.o(i.rt_mbx_wait) refers to rt_task.o(i.rt_dispatch) for rt_dispatch
    rt_mailbox.o(i.rt_mbx_wait) refers to rt_list.o(i.rt_put_prio) for rt_put_prio
    rt_mailbox.o(i.rt_mbx_wait) refers to rt_task.o(i.rt_block) for rt_block
    rt_mailbox.o(i.rt_mbx_wait) refers to rt_task.o(.data) for os_tsk
    rt_semaphore.o(i.isr_sem_send) refers to rt_list.o(i.rt_psq_enq) for rt_psq_enq
    rt_semaphore.o(i.isr_sem_send) refers to rt_system.o(i.rt_psh_req) for rt_psh_req
    rt_semaphore.o(i.rt_sem_delete) refers to rt_list.o(i.rt_get_first) for rt_get_first
    rt_semaphore.o(i.rt_sem_delete) refers to hal_cm.o(i.rt_ret_val) for rt_ret_val
    rt_semaphore.o(i.rt_sem_delete) refers to rt_list.o(i.rt_rmv_dly) for rt_rmv_dly
    rt_semaphore.o(i.rt_sem_delete) refers to rt_list.o(i.rt_put_prio) for rt_put_prio
    rt_semaphore.o(i.rt_sem_delete) refers to rt_task.o(i.rt_dispatch) for rt_dispatch
    rt_semaphore.o(i.rt_sem_delete) refers to rt_list.o(.bss) for os_rdy
    rt_semaphore.o(i.rt_sem_delete) refers to rt_task.o(.data) for os_tsk
    rt_semaphore.o(i.rt_sem_psh) refers to rt_list.o(i.rt_get_first) for rt_get_first
    rt_semaphore.o(i.rt_sem_psh) refers to rt_list.o(i.rt_rmv_dly) for rt_rmv_dly
    rt_semaphore.o(i.rt_sem_psh) refers to hal_cm.o(i.rt_ret_val) for rt_ret_val
    rt_semaphore.o(i.rt_sem_psh) refers to rt_list.o(i.rt_put_prio) for rt_put_prio
    rt_semaphore.o(i.rt_sem_psh) refers to rt_list.o(.bss) for os_rdy
    rt_semaphore.o(i.rt_sem_send) refers to rt_list.o(i.rt_get_first) for rt_get_first
    rt_semaphore.o(i.rt_sem_send) refers to hal_cm.o(i.rt_ret_val) for rt_ret_val
    rt_semaphore.o(i.rt_sem_send) refers to rt_list.o(i.rt_rmv_dly) for rt_rmv_dly
    rt_semaphore.o(i.rt_sem_send) refers to rt_task.o(i.rt_dispatch) for rt_dispatch
    rt_semaphore.o(i.rt_sem_wait) refers to rt_list.o(i.rt_put_prio) for rt_put_prio
    rt_semaphore.o(i.rt_sem_wait) refers to rt_task.o(i.rt_block) for rt_block
    rt_semaphore.o(i.rt_sem_wait) refers to rt_task.o(.data) for os_tsk
    rt_mutex.o(i.rt_mut_delete) refers to rt_list.o(i.rt_resort_prio) for rt_resort_prio
    rt_mutex.o(i.rt_mut_delete) refers to rt_list.o(i.rt_get_first) for rt_get_first
    rt_mutex.o(i.rt_mut_delete) refers to hal_cm.o(i.rt_ret_val) for rt_ret_val
    rt_mutex.o(i.rt_mut_delete) refers to rt_list.o(i.rt_rmv_dly) for rt_rmv_dly
    rt_mutex.o(i.rt_mut_delete) refers to rt_list.o(i.rt_put_prio) for rt_put_prio
    rt_mutex.o(i.rt_mut_delete) refers to rt_task.o(i.rt_dispatch) for rt_dispatch
    rt_mutex.o(i.rt_mut_delete) refers to rt_task.o(.data) for os_tsk
    rt_mutex.o(i.rt_mut_delete) refers to rt_list.o(.bss) for os_rdy
    rt_mutex.o(i.rt_mut_release) refers to rt_list.o(i.rt_get_first) for rt_get_first
    rt_mutex.o(i.rt_mut_release) refers to hal_cm.o(i.rt_ret_val) for rt_ret_val
    rt_mutex.o(i.rt_mut_release) refers to rt_list.o(i.rt_rmv_dly) for rt_rmv_dly
    rt_mutex.o(i.rt_mut_release) refers to rt_list.o(i.rt_put_prio) for rt_put_prio
    rt_mutex.o(i.rt_mut_release) refers to rt_task.o(i.rt_dispatch) for rt_dispatch
    rt_mutex.o(i.rt_mut_release) refers to rt_task.o(.data) for os_tsk
    rt_mutex.o(i.rt_mut_release) refers to rt_list.o(.bss) for os_rdy
    rt_mutex.o(i.rt_mut_wait) refers to rt_list.o(i.rt_resort_prio) for rt_resort_prio
    rt_mutex.o(i.rt_mut_wait) refers to rt_list.o(i.rt_put_prio) for rt_put_prio
    rt_mutex.o(i.rt_mut_wait) refers to rt_task.o(i.rt_block) for rt_block
    rt_mutex.o(i.rt_mut_wait) refers to rt_task.o(.data) for os_tsk
    rt_membox.o(i._calloc_box) refers to hal_cm4.o(.emb_text) for _alloc_box
    hal_cm.o(i.dbg_init) refers to hal_cm.o(.data) for .data
    hal_cm.o(i.rt_init_stack) refers to rtx_conf_cm.o(.constdata) for os_stackinfo
    hal_cm.o(i.rt_ret_val) refers to hal_cm.o(i.rt_ret_regs) for rt_ret_regs
    hal_cm.o(i.rt_ret_val2) refers to hal_cm.o(i.rt_ret_regs) for rt_ret_regs
    rt_robin.o(i.rt_chk_robin) refers to rt_list.o(i.rt_get_first) for rt_get_first
    rt_robin.o(i.rt_chk_robin) refers to rt_list.o(i.rt_put_prio) for rt_put_prio
    rt_robin.o(i.rt_chk_robin) refers to rt_robin.o(.data) for .data
    rt_robin.o(i.rt_chk_robin) refers to rt_list.o(.bss) for os_rdy
    rt_robin.o(i.rt_chk_robin) refers to rt_time.o(.data) for os_time
    rt_robin.o(i.rt_init_robin) refers to rt_robin.o(.data) for .data
    rt_robin.o(i.rt_init_robin) refers to rtx_conf_cm.o(.constdata) for os_rrobin
    hal_cm4.o(.emb_text) refers to rtx_conf_cm.o(.constdata) for os_flags
    hal_cm4.o(.emb_text) refers to rt_membox.o(i.rt_alloc_box) for rt_alloc_box
    hal_cm4.o(.emb_text) refers to rt_membox.o(i.rt_free_box) for rt_free_box
    hal_cm4.o(.emb_text) refers to rt_system.o(i.rt_stk_check) for rt_stk_check
    hal_cm4.o(.emb_text) refers to rt_task.o(.data) for os_tsk
    hal_cm4.o(.emb_text) refers to svc_table.o(SVC_TABLE) for SVC_Count
    hal_cm4.o(.emb_text) refers to rt_system.o(i.rt_pop_req) for rt_pop_req
    hal_cm4.o(.emb_text) refers to rt_system.o(i.rt_systick) for rt_systick
    hal_cm4.o(.emb_text) refers to rt_system.o(i.os_tick_irqack) for os_tick_irqack
    entry.o(.ARM.Collect$$$$00000000) refers (Special) to entry10a.o(.ARM.Collect$$$$0000000D) for __rt_final_cpp
    entry.o(.ARM.Collect$$$$00000000) refers (Special) to entry11a.o(.ARM.Collect$$$$0000000F) for __rt_final_exit
    entry.o(.ARM.Collect$$$$00000000) refers (Special) to entry7b.o(.ARM.Collect$$$$00000008) for _main_clock
    entry.o(.ARM.Collect$$$$00000000) refers (Special) to entry8b.o(.ARM.Collect$$$$0000000A) for _main_cpp_init
    entry.o(.ARM.Collect$$$$00000000) refers (Special) to rtx_conf_cm.o(.ARM.Collect$$$$000000FF) for _main_init
    entry.o(.ARM.Collect$$$$00000000) refers (Special) to entry5.o(.ARM.Collect$$$$00000004) for _main_scatterload
    entry.o(.ARM.Collect$$$$00000000) refers (Special) to entry2.o(.ARM.Collect$$$$00000001) for _main_stk
    uldiv.o(.text) refers to llushr.o(.text) for __aeabi_llsr
    uldiv.o(.text) refers to llshl.o(.text) for __aeabi_llsl
    entry2.o(.ARM.Collect$$$$00000001) refers to entry2.o(.ARM.Collect$$$$00002712) for __lit__00000000
    entry2.o(.ARM.Collect$$$$00002712) refers to startup_stm32f429xx.o(STACK) for __initial_sp
    entry2.o(__vectab_stack_and_reset_area) refers to startup_stm32f429xx.o(STACK) for __initial_sp
    entry2.o(__vectab_stack_and_reset_area) refers to entry.o(.ARM.Collect$$$$00000000) for __main
    entry5.o(.ARM.Collect$$$$00000004) refers to init.o(.text) for __scatterload
    init.o(.text) refers to entry5.o(.ARM.Collect$$$$00000004) for __main_after_scatterload


==============================================================================

Removing Unused input sections from the image.

    Removing blinky.o(.rev16_text), (4 bytes).
    Removing blinky.o(.revsh_text), (4 bytes).
    Removing blinky.o(.rrx_text), (6 bytes).
    Removing buttons_f429discovery.o(.rev16_text), (4 bytes).
    Removing buttons_f429discovery.o(.revsh_text), (4 bytes).
    Removing buttons_f429discovery.o(.rrx_text), (6 bytes).
    Removing led_f429discovery.o(.rev16_text), (4 bytes).
    Removing led_f429discovery.o(.revsh_text), (4 bytes).
    Removing led_f429discovery.o(.rrx_text), (6 bytes).
    Removing stm32f4xx_hal.o(.rev16_text), (4 bytes).
    Removing stm32f4xx_hal.o(.revsh_text), (4 bytes).
    Removing stm32f4xx_hal.o(.rrx_text), (6 bytes).
    Removing stm32f4xx_hal_cortex.o(.rev16_text), (4 bytes).
    Removing stm32f4xx_hal_cortex.o(.revsh_text), (4 bytes).
    Removing stm32f4xx_hal_cortex.o(.rrx_text), (6 bytes).
    Removing stm32f4xx_hal_gpio.o(.rev16_text), (4 bytes).
    Removing stm32f4xx_hal_gpio.o(.revsh_text), (4 bytes).
    Removing stm32f4xx_hal_gpio.o(.rrx_text), (6 bytes).
    Removing stm32f4xx_hal_pwr.o(.rev16_text), (4 bytes).
    Removing stm32f4xx_hal_pwr.o(.revsh_text), (4 bytes).
    Removing stm32f4xx_hal_pwr.o(.rrx_text), (6 bytes).
    Removing stm32f4xx_hal_pwr.o(.text), (524 bytes).
    Removing stm32f4xx_hal_pwr_ex.o(.rev16_text), (4 bytes).
    Removing stm32f4xx_hal_pwr_ex.o(.revsh_text), (4 bytes).
    Removing stm32f4xx_hal_pwr_ex.o(.rrx_text), (6 bytes).
    Removing stm32f4xx_hal_pwr_ex.o(.text), (884 bytes).
    Removing stm32f4xx_hal_rcc.o(.rev16_text), (4 bytes).
    Removing stm32f4xx_hal_rcc.o(.revsh_text), (4 bytes).
    Removing stm32f4xx_hal_rcc.o(.rrx_text), (6 bytes).
    Removing stm32f4xx_hal_rcc_ex.o(.rev16_text), (4 bytes).
    Removing stm32f4xx_hal_rcc_ex.o(.revsh_text), (4 bytes).
    Removing stm32f4xx_hal_rcc_ex.o(.rrx_text), (6 bytes).
    Removing stm32f4xx_hal_rcc_ex.o(.text), (1272 bytes).
    Removing startup_stm32f429xx.o(HEAP), (512 bytes).
    Removing system_stm32f4xx.o(.rev16_text), (4 bytes).
    Removing system_stm32f4xx.o(.revsh_text), (4 bytes).
    Removing system_stm32f4xx.o(.rrx_text), (6 bytes).
    Removing rt_cmsis.o(.rev16_text), (4 bytes).
    Removing rt_cmsis.o(.revsh_text), (4 bytes).
    Removing rt_cmsis.o(.rrx_text), (6 bytes).
    Removing rt_cmsis.o(i.isrSemaphoreRelease), (40 bytes).
    Removing rt_cmsis.o(i.osKernelRunning), (36 bytes).
    Removing rt_cmsis.o(i.osKernelSysTick), (24 bytes).
    Removing rt_cmsis.o(i.osMailAlloc), (28 bytes).
    Removing rt_cmsis.o(i.osMailCAlloc), (48 bytes).
    Removing rt_cmsis.o(i.osMailCreate), (48 bytes).
    Removing rt_cmsis.o(i.osMailFree), (28 bytes).
    Removing rt_cmsis.o(i.osMailGet), (22 bytes).
    Removing rt_cmsis.o(i.osMailPut), (20 bytes).
    Removing rt_cmsis.o(i.osMessageCreate), (48 bytes).
    Removing rt_cmsis.o(i.osMessagePut), (24 bytes).
    Removing rt_cmsis.o(i.osMutexCreate), (48 bytes).
    Removing rt_cmsis.o(i.osMutexDelete), (24 bytes).
    Removing rt_cmsis.o(i.osMutexRelease), (24 bytes).
    Removing rt_cmsis.o(i.osMutexWait), (24 bytes).
    Removing rt_cmsis.o(i.osPoolAlloc), (32 bytes).
    Removing rt_cmsis.o(i.osPoolCAlloc), (52 bytes).
    Removing rt_cmsis.o(i.osPoolCreate), (48 bytes).
    Removing rt_cmsis.o(i.osPoolFree), (32 bytes).
    Removing rt_cmsis.o(i.osSemaphoreCreate), (48 bytes).
    Removing rt_cmsis.o(i.osSemaphoreDelete), (24 bytes).
    Removing rt_cmsis.o(i.osSemaphoreRelease), (24 bytes).
    Removing rt_cmsis.o(i.osSemaphoreWait), (24 bytes).
    Removing rt_cmsis.o(i.osSignalClear), (24 bytes).
    Removing rt_cmsis.o(i.osThreadGetId), (24 bytes).
    Removing rt_cmsis.o(i.osThreadGetPriority), (24 bytes).
    Removing rt_cmsis.o(i.osThreadSetPriority), (24 bytes).
    Removing rt_cmsis.o(i.osThreadTerminate), (24 bytes).
    Removing rt_cmsis.o(i.osThreadYield), (24 bytes).
    Removing rt_cmsis.o(i.osTimerCreate), (52 bytes).
    Removing rt_cmsis.o(i.osTimerDelete), (24 bytes).
    Removing rt_cmsis.o(i.osTimerStart), (24 bytes).
    Removing rt_cmsis.o(i.osTimerStop), (24 bytes).
    Removing rt_cmsis.o(i.osWait), (4 bytes).
    Removing rt_cmsis.o(i.os_resume), (12 bytes).
    Removing rt_cmsis.o(i.os_suspend), (12 bytes).
    Removing rt_cmsis.o(i.rt_clr_box), (24 bytes).
    Removing rt_cmsis.o(i.rt_timer_remove), (60 bytes).
    Removing rt_cmsis.o(i.svcKernelRunning), (12 bytes).
    Removing rt_cmsis.o(i.svcKernelSysTick), (56 bytes).
    Removing rt_cmsis.o(i.svcMailCreate), (66 bytes).
    Removing rt_cmsis.o(i.svcMessagePut), (54 bytes).
    Removing rt_cmsis.o(i.svcMutexCreate), (28 bytes).
    Removing rt_cmsis.o(i.svcMutexDelete), (26 bytes).
    Removing rt_cmsis.o(i.svcMutexRelease), (34 bytes).
    Removing rt_cmsis.o(i.svcMutexWait), (54 bytes).
    Removing rt_cmsis.o(i.svcPoolCreate), (40 bytes).
    Removing rt_cmsis.o(i.svcSemaphoreCreate), (36 bytes).
    Removing rt_cmsis.o(i.svcSemaphoreDelete), (26 bytes).
    Removing rt_cmsis.o(i.svcSemaphoreRelease), (40 bytes).
    Removing rt_cmsis.o(i.svcSemaphoreWait), (50 bytes).
    Removing rt_cmsis.o(i.svcSignalClear), (36 bytes).
    Removing rt_cmsis.o(i.svcThreadGetPriority), (18 bytes).
    Removing rt_cmsis.o(i.svcThreadSetPriority), (46 bytes).
    Removing rt_cmsis.o(i.svcThreadYield), (10 bytes).
    Removing rt_cmsis.o(i.svcTimerCreate), (56 bytes).
    Removing rt_cmsis.o(i.svcTimerDelete), (40 bytes).
    Removing rt_cmsis.o(i.svcTimerStart), (100 bytes).
    Removing rt_cmsis.o(i.svcTimerStop), (36 bytes).
    Removing rt_cmsis.o(i.sysMailAlloc), (88 bytes).
    Removing rt_cmsis.o(i.sysMailFree), (96 bytes).
    Removing rt_cmsis.o(i.sysPoolAlloc), (10 bytes).
    Removing rt_cmsis.o(i.sysPoolFree), (20 bytes).
    Removing rt_cmsis.o(i.sysUserTimerUpdate), (48 bytes).
    Removing rt_cmsis.o(i.sysUserTimerWakeupTime), (20 bytes).
    Removing rt_time.o(i.rt_itv_set), (24 bytes).
    Removing rt_time.o(i.rt_itv_wait), (40 bytes).
    Removing rt_time.o(i.rt_time_get), (12 bytes).
    Removing rt_task.o(i.rt_tsk_pass), (48 bytes).
    Removing rt_system.o(.emb_text), (0 bytes).
    Removing rt_system.o(i.os_tick_ovf), (16 bytes).
    Removing rt_system.o(i.os_tick_val), (20 bytes).
    Removing rt_system.o(i.rt_resume), (136 bytes).
    Removing rt_system.o(i.rt_suspend), (36 bytes).
    Removing rt_system.o(i.rt_tsk_lock), (80 bytes).
    Removing rt_system.o(i.rt_tsk_unlock), (80 bytes).
    Removing rt_event.o(i.rt_evt_clr), (28 bytes).
    Removing rt_event.o(i.rt_evt_get), (12 bytes).
    Removing rt_list.o(i.rt_get_same_rdy_prio), (36 bytes).
    Removing rt_mailbox.o(i.rt_mbx_send), (152 bytes).
    Removing rt_semaphore.o(i.isr_sem_send), (16 bytes).
    Removing rt_semaphore.o(i.rt_sem_delete), (92 bytes).
    Removing rt_semaphore.o(i.rt_sem_init), (12 bytes).
    Removing rt_semaphore.o(i.rt_sem_send), (42 bytes).
    Removing rt_semaphore.o(i.rt_sem_wait), (64 bytes).
    Removing rt_mutex.o(i.rt_mut_delete), (176 bytes).
    Removing rt_mutex.o(i.rt_mut_init), (16 bytes).
    Removing rt_mutex.o(i.rt_mut_release), (216 bytes).
    Removing rt_mutex.o(i.rt_mut_wait), (104 bytes).
    Removing rt_membox.o(i._calloc_box), (30 bytes).

130 unused section(s) (total 7144 bytes) removed from the image.

==============================================================================

Image Symbol Table

    Local Symbols

    Symbol Name                              Value     Ov Type        Size  Object(Section)

    ../clib/microlib/division.c              0x00000000   Number         0  uldiv.o ABSOLUTE
    ../clib/microlib/init/entry.s            0x00000000   Number         0  entry.o ABSOLUTE
    ../clib/microlib/init/entry.s            0x00000000   Number         0  entry5.o ABSOLUTE
    ../clib/microlib/init/entry.s            0x00000000   Number         0  entry7a.o ABSOLUTE
    ../clib/microlib/init/entry.s            0x00000000   Number         0  entry2.o ABSOLUTE
    ../clib/microlib/init/entry.s            0x00000000   Number         0  entry7b.o ABSOLUTE
    ../clib/microlib/init/entry.s            0x00000000   Number         0  entry8a.o ABSOLUTE
    ../clib/microlib/init/entry.s            0x00000000   Number         0  entry8b.o ABSOLUTE
    ../clib/microlib/init/entry.s            0x00000000   Number         0  entry10a.o ABSOLUTE
    ../clib/microlib/init/entry.s            0x00000000   Number         0  entry10b.o ABSOLUTE
    ../clib/microlib/init/entry.s            0x00000000   Number         0  entry11a.o ABSOLUTE
    ../clib/microlib/init/entry.s            0x00000000   Number         0  entry11b.o ABSOLUTE
    ../clib/microlib/longlong.c              0x00000000   Number         0  llshl.o ABSOLUTE
    ../clib/microlib/longlong.c              0x00000000   Number         0  llushr.o ABSOLUTE
    ..\HAL_CM.c                              0x00000000   Number         0  hal_cm.o ABSOLUTE
    ..\\rt_CMSIS.c                           0x00000000   Number         0  rt_cmsis.o ABSOLUTE
    ..\\rt_System.c                          0x00000000   Number         0  rt_system.o ABSOLUTE
    ..\rt_CMSIS.c                            0x00000000   Number         0  rt_cmsis.o ABSOLUTE
    ..\rt_Event.c                            0x00000000   Number         0  rt_event.o ABSOLUTE
    ..\rt_List.c                             0x00000000   Number         0  rt_list.o ABSOLUTE
    ..\rt_Mailbox.c                          0x00000000   Number         0  rt_mailbox.o ABSOLUTE
    ..\rt_MemBox.c                           0x00000000   Number         0  rt_membox.o ABSOLUTE
    ..\rt_Memory.c                           0x00000000   Number         0  rt_memory.o ABSOLUTE
    ..\rt_Mutex.c                            0x00000000   Number         0  rt_mutex.o ABSOLUTE
    ..\rt_Robin.c                            0x00000000   Number         0  rt_robin.o ABSOLUTE
    ..\rt_Semaphore.c                        0x00000000   Number         0  rt_semaphore.o ABSOLUTE
    ..\rt_System.c                           0x00000000   Number         0  rt_system.o ABSOLUTE
    ..\rt_Task.c                             0x00000000   Number         0  rt_task.o ABSOLUTE
    ..\rt_Time.c                             0x00000000   Number         0  rt_time.o ABSOLUTE
    Blinky.c                                 0x00000000   Number         0  blinky.o ABSOLUTE
    Blinky.c                                 0x00000000   Number         0  blinky.o ABSOLUTE
    E:\Keil_v5\ARM\PACK\Keil\STM32F4xx_DFP\2.9.0\Drivers\STM32F4xx_HAL_Driver\Src\stm32f4xx_hal.c 0x00000000   Number         0  stm32f4xx_hal.o ABSOLUTE
    E:\Keil_v5\ARM\PACK\Keil\STM32F4xx_DFP\2.9.0\Drivers\STM32F4xx_HAL_Driver\Src\stm32f4xx_hal_cortex.c 0x00000000   Number         0  stm32f4xx_hal_cortex.o ABSOLUTE
    E:\Keil_v5\ARM\PACK\Keil\STM32F4xx_DFP\2.9.0\Drivers\STM32F4xx_HAL_Driver\Src\stm32f4xx_hal_gpio.c 0x00000000   Number         0  stm32f4xx_hal_gpio.o ABSOLUTE
    E:\Keil_v5\ARM\PACK\Keil\STM32F4xx_DFP\2.9.0\Drivers\STM32F4xx_HAL_Driver\Src\stm32f4xx_hal_pwr.c 0x00000000   Number         0  stm32f4xx_hal_pwr.o ABSOLUTE
    E:\Keil_v5\ARM\PACK\Keil\STM32F4xx_DFP\2.9.0\Drivers\STM32F4xx_HAL_Driver\Src\stm32f4xx_hal_pwr_ex.c 0x00000000   Number         0  stm32f4xx_hal_pwr_ex.o ABSOLUTE
    E:\Keil_v5\ARM\PACK\Keil\STM32F4xx_DFP\2.9.0\Drivers\STM32F4xx_HAL_Driver\Src\stm32f4xx_hal_rcc.c 0x00000000   Number         0  stm32f4xx_hal_rcc.o ABSOLUTE
    E:\Keil_v5\ARM\PACK\Keil\STM32F4xx_DFP\2.9.0\Drivers\STM32F4xx_HAL_Driver\Src\stm32f4xx_hal_rcc_ex.c 0x00000000   Number         0  stm32f4xx_hal_rcc_ex.o ABSOLUTE
    E:\Keil_v5\ARM\PACK\Keil\STM32F4xx_DFP\2.9.0\MDK\Boards\ST\STM32F429I-Discovery\Common\Buttons_F429Discovery.c 0x00000000   Number         0  buttons_f429discovery.o ABSOLUTE
    E:\Keil_v5\ARM\PACK\Keil\STM32F4xx_DFP\2.9.0\MDK\Boards\ST\STM32F429I-Discovery\Common\LED_F429Discovery.c 0x00000000   Number         0  led_f429discovery.o ABSOLUTE
    E:\\Keil_v5\\ARM\\PACK\\Keil\\STM32F4xx_DFP\\2.9.0\\Drivers\\STM32F4xx_HAL_Driver\\Src\\stm32f4xx_hal.c 0x00000000   Number         0  stm32f4xx_hal.o ABSOLUTE
    E:\\Keil_v5\\ARM\\PACK\\Keil\\STM32F4xx_DFP\\2.9.0\\Drivers\\STM32F4xx_HAL_Driver\\Src\\stm32f4xx_hal_cortex.c 0x00000000   Number         0  stm32f4xx_hal_cortex.o ABSOLUTE
    E:\\Keil_v5\\ARM\\PACK\\Keil\\STM32F4xx_DFP\\2.9.0\\Drivers\\STM32F4xx_HAL_Driver\\Src\\stm32f4xx_hal_gpio.c 0x00000000   Number         0  stm32f4xx_hal_gpio.o ABSOLUTE
    E:\\Keil_v5\\ARM\\PACK\\Keil\\STM32F4xx_DFP\\2.9.0\\Drivers\\STM32F4xx_HAL_Driver\\Src\\stm32f4xx_hal_pwr.c 0x00000000   Number         0  stm32f4xx_hal_pwr.o ABSOLUTE
    E:\\Keil_v5\\ARM\\PACK\\Keil\\STM32F4xx_DFP\\2.9.0\\Drivers\\STM32F4xx_HAL_Driver\\Src\\stm32f4xx_hal_pwr_ex.c 0x00000000   Number         0  stm32f4xx_hal_pwr_ex.o ABSOLUTE
    E:\\Keil_v5\\ARM\\PACK\\Keil\\STM32F4xx_DFP\\2.9.0\\Drivers\\STM32F4xx_HAL_Driver\\Src\\stm32f4xx_hal_rcc.c 0x00000000   Number         0  stm32f4xx_hal_rcc.o ABSOLUTE
    E:\\Keil_v5\\ARM\\PACK\\Keil\\STM32F4xx_DFP\\2.9.0\\Drivers\\STM32F4xx_HAL_Driver\\Src\\stm32f4xx_hal_rcc_ex.c 0x00000000   Number         0  stm32f4xx_hal_rcc_ex.o ABSOLUTE
    E:\\Keil_v5\\ARM\\PACK\\Keil\\STM32F4xx_DFP\\2.9.0\\MDK\\Boards\\ST\\STM32F429I-Discovery\\Common\\Buttons_F429Discovery.c 0x00000000   Number         0  buttons_f429discovery.o ABSOLUTE
    E:\\Keil_v5\\ARM\\PACK\\Keil\\STM32F4xx_DFP\\2.9.0\\MDK\\Boards\\ST\\STM32F429I-Discovery\\Common\\LED_F429Discovery.c 0x00000000   Number         0  led_f429discovery.o ABSOLUTE
    HAL_CM4.c                                0x00000000   Number         0  hal_cm4.o ABSOLUTE
    HAL_CM4.c                                0x00000000   Number         0  hal_cm4.o ABSOLUTE
    RTE\CMSIS\RTX_Conf_CM.c                  0x00000000   Number         0  rtx_conf_cm.o ABSOLUTE
    RTE\Device\STM32F429ZITx\startup_stm32f429xx.s 0x00000000   Number         0  startup_stm32f429xx.o ABSOLUTE
    RTE\Device\STM32F429ZITx\system_stm32f4xx.c 0x00000000   Number         0  system_stm32f4xx.o ABSOLUTE
    RTE\\Device\\STM32F429ZITx\\system_stm32f4xx.c 0x00000000   Number         0  system_stm32f4xx.o ABSOLUTE
    SVC_Table.s                              0x00000000   Number         0  svc_table.o ABSOLUTE
    Thread_LED.c                             0x00000000   Number         0  thread_led.o ABSOLUTE
    dc.s                                     0x00000000   Number         0  dc.o ABSOLUTE
    handlers.s                               0x00000000   Number         0  handlers.o ABSOLUTE
    init.s                                   0x00000000   Number         0  init.o ABSOLUTE
    RESET                                    0x08000000   Section      428  startup_stm32f429xx.o(RESET)
    .ARM.Collect$$$$00000000                 0x080001ac   Section        0  entry.o(.ARM.Collect$$$$00000000)
    .ARM.Collect$$$$00000001                 0x080001ac   Section        4  entry2.o(.ARM.Collect$$$$00000001)
    .ARM.Collect$$$$00000004                 0x080001b0   Section        4  entry5.o(.ARM.Collect$$$$00000004)
    .ARM.Collect$$$$00000008                 0x080001b4   Section        0  entry7b.o(.ARM.Collect$$$$00000008)
    .ARM.Collect$$$$0000000A                 0x080001b4   Section        0  entry8b.o(.ARM.Collect$$$$0000000A)
    .ARM.Collect$$$$0000000D                 0x080001b4   Section        0  entry10a.o(.ARM.Collect$$$$0000000D)
    .ARM.Collect$$$$0000000F                 0x080001b4   Section        0  entry11a.o(.ARM.Collect$$$$0000000F)
    .ARM.Collect$$$$000000FF                 0x080001b4   Section        0  rtx_conf_cm.o(.ARM.Collect$$$$000000FF)
    .ARM.Collect$$$$00002712                 0x080001cc   Section        4  entry2.o(.ARM.Collect$$$$00002712)
    __lit__00000000                          0x080001cc   Data           4  entry2.o(.ARM.Collect$$$$00002712)
    .emb_text                                0x080001d0   Section      408  hal_cm4.o(.emb_text)
    $v0                                      0x080001d0   Number         0  hal_cm4.o(.emb_text)
    .text                                    0x08000368   Section        0  blinky.o(.text)
    .text                                    0x0800044c   Section        0  thread_led.o(.text)
    .text                                    0x080004b0   Section        0  buttons_f429discovery.o(.text)
    .text                                    0x08000520   Section        0  led_f429discovery.o(.text)
    .text                                    0x080005e4   Section        0  rtx_conf_cm.o(.text)
    .text                                    0x0800060c   Section        0  stm32f4xx_hal.o(.text)
    .text                                    0x080007d8   Section        0  stm32f4xx_hal_cortex.o(.text)
    __NVIC_SetPriority                       0x080007d9   Thumb Code    32  stm32f4xx_hal_cortex.o(.text)
    __NVIC_GetPriorityGrouping               0x08000b03   Thumb Code    12  stm32f4xx_hal_cortex.o(.text)
    .text                                    0x08000b24   Section        0  stm32f4xx_hal_gpio.o(.text)
    .text                                    0x08000f00   Section        0  stm32f4xx_hal_rcc.o(.text)
    .text                                    0x080017d0   Section       36  startup_stm32f429xx.o(.text)
    $v0                                      0x080017d0   Number         0  startup_stm32f429xx.o(.text)
    .text                                    0x080017f4   Section        0  system_stm32f4xx.o(.text)
    .text                                    0x08001914   Section       36  init.o(.text)
    SVC_TABLE                                0x08001938   Section        4  svc_table.o(SVC_TABLE)
    i.__scatterload_copy                     0x0800193c   Section       14  handlers.o(i.__scatterload_copy)
    i.__scatterload_null                     0x0800194a   Section        2  handlers.o(i.__scatterload_null)
    i.__scatterload_zeroinit                 0x0800194c   Section       14  handlers.o(i.__scatterload_zeroinit)
    i._init_box                              0x0800195a   Section        0  rt_membox.o(i._init_box)
    i.dbg_init                               0x080019a0   Section        0  hal_cm.o(i.dbg_init)
    i.dbg_task_notify                        0x080019d0   Section        0  hal_cm.o(i.dbg_task_notify)
    i.dbg_task_switch                        0x080019f0   Section        0  hal_cm.o(i.dbg_task_switch)
    i.isrMessageGet                          0x08001a00   Section        0  rt_cmsis.o(i.isrMessageGet)
    i.isrMessagePut                          0x08001a2a   Section        0  rt_cmsis.o(i.isrMessagePut)
    i.isrSignalSet                           0x08001a56   Section        0  rt_cmsis.o(i.isrSignalSet)
    i.isr_evt_set                            0x08001a7c   Section        0  rt_event.o(i.isr_evt_set)
    i.isr_mbx_receive                        0x08001aa4   Section        0  rt_mailbox.o(i.isr_mbx_receive)
    i.isr_mbx_send                           0x08001afa   Section        0  rt_mailbox.o(i.isr_mbx_send)
    i.osDelay                                0x08001b08   Section        0  rt_cmsis.o(i.osDelay)
    i.osKernelInitialize                     0x08001b20   Section        0  rt_cmsis.o(i.osKernelInitialize)
    i.osKernelStart                          0x08001b44   Section        0  rt_cmsis.o(i.osKernelStart)
    i.osMessageGet                           0x08001bb0   Section        0  rt_cmsis.o(i.osMessageGet)
    i.osSignalSet                            0x08001bc8   Section        0  rt_cmsis.o(i.osSignalSet)
    i.osSignalWait                           0x08001be0   Section        0  rt_cmsis.o(i.osSignalWait)
    i.osThreadCreate                         0x08001bf8   Section        0  rt_cmsis.o(i.osThreadCreate)
    i.osThreadExit                           0x08001c28   Section        0  rt_cmsis.o(i.osThreadExit)
    i.osTimerCall                            0x08001c40   Section        0  rt_cmsis.o(i.osTimerCall)
    i.osTimerThread                          0x08001c4c   Section        0  rt_cmsis.o(i.osTimerThread)
    i.os_tick_init                           0x08001c78   Section        0  rt_system.o(i.os_tick_init)
    i.os_tick_irqack                         0x08001ca0   Section        0  rt_system.o(i.os_tick_irqack)
    i.rt_alloc_box                           0x08001ca2   Section        0  rt_membox.o(i.rt_alloc_box)
    i.rt_alloc_mem                           0x08001cbc   Section        0  rt_memory.o(i.rt_alloc_mem)
    i.rt_block                               0x08001cfc   Section        0  rt_task.o(i.rt_block)
    i.rt_chk_robin                           0x08001d34   Section        0  rt_robin.o(i.rt_chk_robin)
    i.rt_dec_dly                             0x08001d7c   Section        0  rt_list.o(i.rt_dec_dly)
    i.rt_dispatch                            0x08001dec   Section        0  rt_task.o(i.rt_dispatch)
    i.rt_dly_wait                            0x08001e30   Section        0  rt_time.o(i.rt_dly_wait)
    i.rt_evt_psh                             0x08001e38   Section        0  rt_event.o(i.rt_evt_psh)
    i.rt_evt_set                             0x08001e88   Section        0  rt_event.o(i.rt_evt_set)
    i.rt_evt_wait                            0x08001ee4   Section        0  rt_event.o(i.rt_evt_wait)
    i.rt_free_box                            0x08001f20   Section        0  rt_membox.o(i.rt_free_box)
    i.rt_free_mem                            0x08001f4c   Section        0  rt_memory.o(i.rt_free_mem)
    i.rt_get_first                           0x08001f74   Section        0  rt_list.o(i.rt_get_first)
    i.rt_id2obj                              0x08001f9c   Section        0  rt_cmsis.o(i.rt_id2obj)
    rt_id2obj                                0x08001f9d   Thumb Code     8  rt_cmsis.o(i.rt_id2obj)
    i.rt_init_context                        0x08001fa4   Section        0  rt_task.o(i.rt_init_context)
    rt_init_context                          0x08001fa5   Thumb Code    66  rt_task.o(i.rt_init_context)
    i.rt_init_mem                            0x08001fec   Section        0  rt_memory.o(i.rt_init_mem)
    i.rt_init_robin                          0x08002008   Section        0  rt_robin.o(i.rt_init_robin)
    i.rt_init_stack                          0x08002020   Section        0  hal_cm.o(i.rt_init_stack)
    i.rt_mbx_check                           0x080020a0   Section        0  rt_mailbox.o(i.rt_mbx_check)
    i.rt_mbx_init                            0x080020a8   Section        0  rt_mailbox.o(i.rt_mbx_init)
    i.rt_mbx_psh                             0x080020c4   Section        0  rt_mailbox.o(i.rt_mbx_psh)
    i.rt_mbx_wait                            0x080021b4   Section        0  rt_mailbox.o(i.rt_mbx_wait)
    i.rt_ms2tick                             0x08002268   Section        0  rt_cmsis.o(i.rt_ms2tick)
    rt_ms2tick                               0x08002269   Thumb Code    58  rt_cmsis.o(i.rt_ms2tick)
    i.rt_pop_req                             0x080022ac   Section        0  rt_system.o(i.rt_pop_req)
    i.rt_psh_req                             0x08002328   Section        0  rt_system.o(i.rt_psh_req)
    i.rt_psq_enq                             0x08002348   Section        0  rt_list.o(i.rt_psq_enq)
    i.rt_put_dly                             0x080023a4   Section        0  rt_list.o(i.rt_put_dly)
    i.rt_put_prio                            0x080023ec   Section        0  rt_list.o(i.rt_put_prio)
    i.rt_put_rdy_first                       0x08002424   Section        0  rt_list.o(i.rt_put_rdy_first)
    i.rt_resort_prio                         0x08002438   Section        0  rt_list.o(i.rt_resort_prio)
    i.rt_ret_regs                            0x0800246c   Section        0  hal_cm.o(i.rt_ret_regs)
    rt_ret_regs                              0x0800246d   Thumb Code    16  hal_cm.o(i.rt_ret_regs)
    i.rt_ret_val                             0x0800247c   Section        0  hal_cm.o(i.rt_ret_val)
    i.rt_ret_val2                            0x08002488   Section        0  hal_cm.o(i.rt_ret_val2)
    i.rt_rmv_dly                             0x08002498   Section        0  rt_list.o(i.rt_rmv_dly)
    i.rt_rmv_list                            0x080024c0   Section        0  rt_list.o(i.rt_rmv_list)
    i.rt_sem_psh                             0x080024f0   Section        0  rt_semaphore.o(i.rt_sem_psh)
    i.rt_stk_check                           0x08002524   Section        0  rt_system.o(i.rt_stk_check)
    i.rt_switch_req                          0x08002548   Section        0  rt_task.o(i.rt_switch_req)
    i.rt_sys_init                            0x08002570   Section        0  rt_task.o(i.rt_sys_init)
    i.rt_sys_start                           0x0800263c   Section        0  rt_task.o(i.rt_sys_start)
    i.rt_systick                             0x080026b4   Section        0  rt_system.o(i.rt_systick)
    i.rt_tid2ptcb                            0x080026f4   Section        0  rt_cmsis.o(i.rt_tid2ptcb)
    rt_tid2ptcb                              0x080026f5   Thumb Code    18  rt_cmsis.o(i.rt_tid2ptcb)
    i.rt_timer_insert                        0x08002708   Section        0  rt_cmsis.o(i.rt_timer_insert)
    rt_timer_insert                          0x08002709   Thumb Code    48  rt_cmsis.o(i.rt_timer_insert)
    i.rt_tsk_create                          0x0800273c   Section        0  rt_task.o(i.rt_tsk_create)
    i.rt_tsk_delete                          0x080027c4   Section        0  rt_task.o(i.rt_tsk_delete)
    i.rt_tsk_prio                            0x08002940   Section        0  rt_task.o(i.rt_tsk_prio)
    i.rt_tsk_self                            0x080029bc   Section        0  rt_task.o(i.rt_tsk_self)
    i.svcDelay                               0x080029cc   Section        0  rt_cmsis.o(i.svcDelay)
    i.svcKernelInitialize                    0x080029e0   Section        0  rt_cmsis.o(i.svcKernelInitialize)
    i.svcKernelStart                         0x08002a50   Section        0  rt_cmsis.o(i.svcKernelStart)
    i.svcMessageCreate                       0x08002a98   Section        0  rt_cmsis.o(i.svcMessageCreate)
    i.svcMessageGet                          0x08002abc   Section        0  rt_cmsis.o(i.svcMessageGet)
    i.svcSignalSet                           0x08002af6   Section        0  rt_cmsis.o(i.svcSignalSet)
    i.svcSignalWait                          0x08002b1c   Section        0  rt_cmsis.o(i.svcSignalWait)
    i.svcThreadCreate                        0x08002b70   Section        0  rt_cmsis.o(i.svcThreadCreate)
    i.svcThreadGetId                         0x08002be0   Section        0  rt_cmsis.o(i.svcThreadGetId)
    i.svcThreadTerminate                     0x08002bfc   Section        0  rt_cmsis.o(i.svcThreadTerminate)
    i.svcTimerCall                           0x08002c34   Section        0  rt_cmsis.o(i.svcTimerCall)
    i.sysTimerTick                           0x08002c4c   Section        0  rt_cmsis.o(i.sysTimerTick)
    .constdata                               0x08002ca8   Section       16  thread_led.o(.constdata)
    .constdata                               0x08002cb8   Section       16  led_f429discovery.o(.constdata)
    LED_PIN                                  0x08002cb8   Data          16  led_f429discovery.o(.constdata)
    .constdata                               0x08002cc8   Section      104  rtx_conf_cm.o(.constdata)
    __tagsym$$used                           0x08002ce4   Number         0  rtx_conf_cm.o(.constdata)
    __tagsym$$used                           0x08002ce8   Number         0  rtx_conf_cm.o(.constdata)
    __tagsym$$used                           0x08002cec   Number         0  rtx_conf_cm.o(.constdata)
    __tagsym$$used                           0x08002cf0   Number         0  rtx_conf_cm.o(.constdata)
    .constdata                               0x08002d30   Section       16  stm32f4xx_hal_rcc.o(.constdata)
    .constdata                               0x08002d40   Section       16  system_stm32f4xx.o(.constdata)
    .data                                    0x20000000   Section        4  thread_led.o(.data)
    .data                                    0x20000004   Section       16  rtx_conf_cm.o(.data)
    .data                                    0x20000014   Section        4  stm32f4xx_hal.o(.data)
    .data                                    0x20000018   Section        4  system_stm32f4xx.o(.data)
    .data                                    0x2000001c   Section        8  rt_cmsis.o(.data)
    .data                                    0x20000024   Section        4  rt_time.o(.data)
    .data                                    0x20000028   Section        8  rt_task.o(.data)
    .data                                    0x20000030   Section        8  rt_system.o(.data)
    os_lock                                  0x20000030   Data           1  rt_system.o(.data)
    os_psh_flag                              0x20000031   Data           1  rt_system.o(.data)
    pend_flags                               0x20000032   Data           1  rt_system.o(.data)
    .data                                    0x20000038   Section        1  hal_cm.o(.data)
    .data                                    0x2000003c   Section        8  rt_robin.o(.data)
    .bss                                     0x20000048   Section     2216  rtx_conf_cm.o(.bss)
    .bss                                     0x200008f0   Section       52  rt_task.o(.bss)
    .bss                                     0x20000924   Section       48  rt_list.o(.bss)
    STACK                                    0x20000958   Section     1024  startup_stm32f429xx.o(STACK)

    Global Symbols

    Symbol Name                              Value     Ov Type        Size  Object(Section)

    BuildAttributes$$THM_ISAv4$E$P$D$K$B$S$7EM$VFPi3$EXTD16$VFPS$VFMA$PE$A:L22UL41UL21$X:L11$S22US41US21$IEEE1$IW$USESV6$~STKCKD$USESV7$~SHL$OSPACE$EBA8$MICROLIB$REQ8$PRES8$EABIv2 0x00000000   Number         0  anon$$obj.o ABSOLUTE
    __ARM_use_no_argv                        0x00000000   Number         0  blinky.o ABSOLUTE
    __cpp_initialize__aeabi_                  - Undefined Weak Reference
    __cxa_finalize                            - Undefined Weak Reference
    __decompress                              - Undefined Weak Reference
    _clock_init                               - Undefined Weak Reference
    _microlib_exit                            - Undefined Weak Reference
    __Vectors_Size                           0x000001ac   Number         0  startup_stm32f429xx.o ABSOLUTE
    __RL_RTX_VER                             0x00000481   Number         0  rt_system.o ABSOLUTE
    __Vectors                                0x08000000   Data           4  startup_stm32f429xx.o(RESET)
    __Vectors_End                            0x080001ac   Data           0  startup_stm32f429xx.o(RESET)
    __main                                   0x080001ad   Thumb Code     0  entry.o(.ARM.Collect$$$$00000000)
    _main_stk                                0x080001ad   Thumb Code     0  entry2.o(.ARM.Collect$$$$00000001)
    _main_scatterload                        0x080001b1   Thumb Code     0  entry5.o(.ARM.Collect$$$$00000004)
    __main_after_scatterload                 0x080001b5   Thumb Code     0  entry5.o(.ARM.Collect$$$$00000004)
    __rt_final_cpp                           0x080001b5   Thumb Code     0  entry10a.o(.ARM.Collect$$$$0000000D)
    __rt_final_exit                          0x080001b5   Thumb Code     0  entry11a.o(.ARM.Collect$$$$0000000F)
    _main_clock                              0x080001b5   Thumb Code     0  entry7b.o(.ARM.Collect$$$$00000008)
    _main_cpp_init                           0x080001b5   Thumb Code     0  entry8b.o(.ARM.Collect$$$$0000000A)
    _main_init                               0x080001b5   Thumb Code    18  rtx_conf_cm.o(.ARM.Collect$$$$000000FF)
    rt_set_PSP                               0x080001d1   Thumb Code     6  hal_cm4.o(.emb_text)
    rt_get_PSP                               0x080001d7   Thumb Code     6  hal_cm4.o(.emb_text)
    os_set_env                               0x080001dd   Thumb Code    24  hal_cm4.o(.emb_text)
    _alloc_box                               0x080001f9   Thumb Code    28  hal_cm4.o(.emb_text)
    _free_box                                0x08000219   Thumb Code    28  hal_cm4.o(.emb_text)
    SVC_Handler                              0x08000239   Thumb Code   168  hal_cm4.o(.emb_text)
    PendSV_Handler                           0x080002f1   Thumb Code    96  hal_cm4.o(.emb_text)
    SysTick_Handler                          0x08000355   Thumb Code     8  hal_cm4.o(.emb_text)
    OS_Tick_Handler                          0x0800035d   Thumb Code    12  hal_cm4.o(.emb_text)
    HAL_GetTick                              0x08000369   Thumb Code     6  blinky.o(.text)
    SystemClock_Config                       0x0800036f   Thumb Code   142  blinky.o(.text)
    main                                     0x080003fd   Thumb Code    64  blinky.o(.text)
    Init_Thread_LED                          0x0800044d   Thumb Code    30  thread_led.o(.text)
    Thread_LED                               0x0800046b   Thumb Code    62  thread_led.o(.text)
    Buttons_Initialize                       0x080004b1   Thumb Code    60  buttons_f429discovery.o(.text)
    Buttons_Uninitialize                     0x080004ed   Thumb Code    14  buttons_f429discovery.o(.text)
    Buttons_GetState                         0x080004fb   Thumb Code    24  buttons_f429discovery.o(.text)
    Buttons_GetCount                         0x08000513   Thumb Code     4  buttons_f429discovery.o(.text)
    LED_Initialize                           0x08000521   Thumb Code    68  led_f429discovery.o(.text)
    LED_Uninitialize                         0x08000565   Thumb Code    16  led_f429discovery.o(.text)
    LED_On                                   0x08000575   Thumb Code    28  led_f429discovery.o(.text)
    LED_Off                                  0x08000591   Thumb Code    28  led_f429discovery.o(.text)
    LED_SetOut                               0x080005ad   Thumb Code    40  led_f429discovery.o(.text)
    LED_GetCount                             0x080005d5   Thumb Code     4  led_f429discovery.o(.text)
    os_idle_demon                            0x080005e5   Thumb Code     4  rtx_conf_cm.o(.text)
    os_error                                 0x080005e9   Thumb Code    34  rtx_conf_cm.o(.text)
    HAL_MspInit                              0x0800060d   Thumb Code     2  stm32f4xx_hal.o(.text)
    HAL_InitTick                             0x0800060f   Thumb Code    36  stm32f4xx_hal.o(.text)
    HAL_Init                                 0x08000633   Thumb Code    54  stm32f4xx_hal.o(.text)
    HAL_MspDeInit                            0x08000669   Thumb Code     2  stm32f4xx_hal.o(.text)
    HAL_DeInit                               0x0800066b   Thumb Code    64  stm32f4xx_hal.o(.text)
    HAL_IncTick                              0x080006ab   Thumb Code    12  stm32f4xx_hal.o(.text)
    HAL_Delay                                0x080006bd   Thumb Code    26  stm32f4xx_hal.o(.text)
    HAL_SuspendTick                          0x080006d7   Thumb Code    18  stm32f4xx_hal.o(.text)
    HAL_ResumeTick                           0x080006e9   Thumb Code    18  stm32f4xx_hal.o(.text)
    HAL_GetHalVersion                        0x080006fb   Thumb Code     4  stm32f4xx_hal.o(.text)
    HAL_GetREVID                             0x080006ff   Thumb Code     8  stm32f4xx_hal.o(.text)
    HAL_GetDEVID                             0x08000707   Thumb Code    10  stm32f4xx_hal.o(.text)
    HAL_DBGMCU_EnableDBGSleepMode            0x08000711   Thumb Code    14  stm32f4xx_hal.o(.text)
    HAL_DBGMCU_DisableDBGSleepMode           0x0800071f   Thumb Code    14  stm32f4xx_hal.o(.text)
    HAL_DBGMCU_EnableDBGStopMode             0x0800072d   Thumb Code    14  stm32f4xx_hal.o(.text)
    HAL_DBGMCU_DisableDBGStopMode            0x0800073b   Thumb Code    14  stm32f4xx_hal.o(.text)
    HAL_DBGMCU_EnableDBGStandbyMode          0x08000749   Thumb Code    14  stm32f4xx_hal.o(.text)
    HAL_DBGMCU_DisableDBGStandbyMode         0x08000757   Thumb Code    14  stm32f4xx_hal.o(.text)
    HAL_EnableCompensationCell               0x08000765   Thumb Code    22  stm32f4xx_hal.o(.text)
    HAL_DisableCompensationCell              0x0800077b   Thumb Code    24  stm32f4xx_hal.o(.text)
    HAL_EnableMemorySwappingBank             0x08000793   Thumb Code    20  stm32f4xx_hal.o(.text)
    HAL_DisableMemorySwappingBank            0x080007a7   Thumb Code    22  stm32f4xx_hal.o(.text)
    HAL_NVIC_SetPriorityGrouping             0x080007f9   Thumb Code    36  stm32f4xx_hal_cortex.o(.text)
    HAL_NVIC_SetPriority                     0x0800081d   Thumb Code   124  stm32f4xx_hal_cortex.o(.text)
    HAL_NVIC_EnableIRQ                       0x08000899   Thumb Code    32  stm32f4xx_hal_cortex.o(.text)
    HAL_NVIC_DisableIRQ                      0x080008b9   Thumb Code    30  stm32f4xx_hal_cortex.o(.text)
    HAL_NVIC_SystemReset                     0x080008d7   Thumb Code    64  stm32f4xx_hal_cortex.o(.text)
    HAL_SYSTICK_Config                       0x08000917   Thumb Code    52  stm32f4xx_hal_cortex.o(.text)
    HAL_MPU_ConfigRegion                     0x0800094b   Thumb Code    90  stm32f4xx_hal_cortex.o(.text)
    HAL_NVIC_GetPriorityGrouping             0x080009a5   Thumb Code     8  stm32f4xx_hal_cortex.o(.text)
    HAL_NVIC_GetPriority                     0x080009ad   Thumb Code   138  stm32f4xx_hal_cortex.o(.text)
    HAL_NVIC_SetPendingIRQ                   0x08000a37   Thumb Code    32  stm32f4xx_hal_cortex.o(.text)
    HAL_NVIC_GetPendingIRQ                   0x08000a57   Thumb Code    46  stm32f4xx_hal_cortex.o(.text)
    HAL_NVIC_ClearPendingIRQ                 0x08000a85   Thumb Code    30  stm32f4xx_hal_cortex.o(.text)
    HAL_NVIC_GetActive                       0x08000aa3   Thumb Code    46  stm32f4xx_hal_cortex.o(.text)
    HAL_SYSTICK_CLKSourceConfig              0x08000ad1   Thumb Code    40  stm32f4xx_hal_cortex.o(.text)
    HAL_SYSTICK_Callback                     0x08000af9   Thumb Code     2  stm32f4xx_hal_cortex.o(.text)
    HAL_SYSTICK_IRQHandler                   0x08000afb   Thumb Code     8  stm32f4xx_hal_cortex.o(.text)
    HAL_GPIO_Init                            0x08000b25   Thumb Code   486  stm32f4xx_hal_gpio.o(.text)
    HAL_GPIO_DeInit                          0x08000d0b   Thumb Code   336  stm32f4xx_hal_gpio.o(.text)
    HAL_GPIO_ReadPin                         0x08000e5b   Thumb Code    16  stm32f4xx_hal_gpio.o(.text)
    HAL_GPIO_WritePin                        0x08000e6b   Thumb Code    12  stm32f4xx_hal_gpio.o(.text)
    HAL_GPIO_TogglePin                       0x08000e77   Thumb Code     8  stm32f4xx_hal_gpio.o(.text)
    HAL_GPIO_LockPin                         0x08000e7f   Thumb Code    46  stm32f4xx_hal_gpio.o(.text)
    HAL_GPIO_EXTI_Callback                   0x08000ead   Thumb Code     2  stm32f4xx_hal_gpio.o(.text)
    HAL_GPIO_EXTI_IRQHandler                 0x08000eaf   Thumb Code    28  stm32f4xx_hal_gpio.o(.text)
    HAL_RCC_OscConfig                        0x08000f03   Thumb Code   906  stm32f4xx_hal_rcc.o(.text)
    HAL_RCC_GetSysClockFreq                  0x0800128d   Thumb Code   194  stm32f4xx_hal_rcc.o(.text)
    HAL_RCC_ClockConfig                      0x0800134f   Thumb Code   446  stm32f4xx_hal_rcc.o(.text)
    HAL_RCC_MCOConfig                        0x0800150d   Thumb Code   178  stm32f4xx_hal_rcc.o(.text)
    HAL_RCC_EnableCSS                        0x080015bf   Thumb Code     8  stm32f4xx_hal_rcc.o(.text)
    HAL_RCC_DisableCSS                       0x080015c7   Thumb Code     8  stm32f4xx_hal_rcc.o(.text)
    HAL_RCC_GetHCLKFreq                      0x080015cf   Thumb Code     6  stm32f4xx_hal_rcc.o(.text)
    HAL_RCC_GetPCLK1Freq                     0x080015d5   Thumb Code    36  stm32f4xx_hal_rcc.o(.text)
    HAL_RCC_GetPCLK2Freq                     0x080015f9   Thumb Code    36  stm32f4xx_hal_rcc.o(.text)
    HAL_RCC_GetOscConfig                     0x0800161d   Thumb Code   330  stm32f4xx_hal_rcc.o(.text)
    HAL_RCC_GetClockConfig                   0x08001767   Thumb Code    66  stm32f4xx_hal_rcc.o(.text)
    HAL_RCC_CSSCallback                      0x080017a9   Thumb Code     2  stm32f4xx_hal_rcc.o(.text)
    HAL_RCC_NMI_IRQHandler                   0x080017ab   Thumb Code    30  stm32f4xx_hal_rcc.o(.text)
    Reset_Handler                            0x080017d1   Thumb Code     8  startup_stm32f429xx.o(.text)
    NMI_Handler                              0x080017d9   Thumb Code     2  startup_stm32f429xx.o(.text)
    HardFault_Handler                        0x080017db   Thumb Code     2  startup_stm32f429xx.o(.text)
    MemManage_Handler                        0x080017dd   Thumb Code     2  startup_stm32f429xx.o(.text)
    BusFault_Handler                         0x080017df   Thumb Code     2  startup_stm32f429xx.o(.text)
    UsageFault_Handler                       0x080017e1   Thumb Code     2  startup_stm32f429xx.o(.text)
    DebugMon_Handler                         0x080017e5   Thumb Code     2  startup_stm32f429xx.o(.text)
    ADC_IRQHandler                           0x080017eb   Thumb Code     0  startup_stm32f429xx.o(.text)
    CAN1_RX0_IRQHandler                      0x080017eb   Thumb Code     0  startup_stm32f429xx.o(.text)
    CAN1_RX1_IRQHandler                      0x080017eb   Thumb Code     0  startup_stm32f429xx.o(.text)
    CAN1_SCE_IRQHandler                      0x080017eb   Thumb Code     0  startup_stm32f429xx.o(.text)
    CAN1_TX_IRQHandler                       0x080017eb   Thumb Code     0  startup_stm32f429xx.o(.text)
    CAN2_RX0_IRQHandler                      0x080017eb   Thumb Code     0  startup_stm32f429xx.o(.text)
    CAN2_RX1_IRQHandler                      0x080017eb   Thumb Code     0  startup_stm32f429xx.o(.text)
    CAN2_SCE_IRQHandler                      0x080017eb   Thumb Code     0  startup_stm32f429xx.o(.text)
    CAN2_TX_IRQHandler                       0x080017eb   Thumb Code     0  startup_stm32f429xx.o(.text)
    DCMI_IRQHandler                          0x080017eb   Thumb Code     0  startup_stm32f429xx.o(.text)
    DMA1_Stream0_IRQHandler                  0x080017eb   Thumb Code     0  startup_stm32f429xx.o(.text)
    DMA1_Stream1_IRQHandler                  0x080017eb   Thumb Code     0  startup_stm32f429xx.o(.text)
    DMA1_Stream2_IRQHandler                  0x080017eb   Thumb Code     0  startup_stm32f429xx.o(.text)
    DMA1_Stream3_IRQHandler                  0x080017eb   Thumb Code     0  startup_stm32f429xx.o(.text)
    DMA1_Stream4_IRQHandler                  0x080017eb   Thumb Code     0  startup_stm32f429xx.o(.text)
    DMA1_Stream5_IRQHandler                  0x080017eb   Thumb Code     0  startup_stm32f429xx.o(.text)
    DMA1_Stream6_IRQHandler                  0x080017eb   Thumb Code     0  startup_stm32f429xx.o(.text)
    DMA1_Stream7_IRQHandler                  0x080017eb   Thumb Code     0  startup_stm32f429xx.o(.text)
    DMA2D_IRQHandler                         0x080017eb   Thumb Code     0  startup_stm32f429xx.o(.text)
    DMA2_Stream0_IRQHandler                  0x080017eb   Thumb Code     0  startup_stm32f429xx.o(.text)
    DMA2_Stream1_IRQHandler                  0x080017eb   Thumb Code     0  startup_stm32f429xx.o(.text)
    DMA2_Stream2_IRQHandler                  0x080017eb   Thumb Code     0  startup_stm32f429xx.o(.text)
    DMA2_Stream3_IRQHandler                  0x080017eb   Thumb Code     0  startup_stm32f429xx.o(.text)
    DMA2_Stream4_IRQHandler                  0x080017eb   Thumb Code     0  startup_stm32f429xx.o(.text)
    DMA2_Stream5_IRQHandler                  0x080017eb   Thumb Code     0  startup_stm32f429xx.o(.text)
    DMA2_Stream6_IRQHandler                  0x080017eb   Thumb Code     0  startup_stm32f429xx.o(.text)
    DMA2_Stream7_IRQHandler                  0x080017eb   Thumb Code     0  startup_stm32f429xx.o(.text)
    ETH_IRQHandler                           0x080017eb   Thumb Code     0  startup_stm32f429xx.o(.text)
    ETH_WKUP_IRQHandler                      0x080017eb   Thumb Code     0  startup_stm32f429xx.o(.text)
    EXTI0_IRQHandler                         0x080017eb   Thumb Code     0  startup_stm32f429xx.o(.text)
    EXTI15_10_IRQHandler                     0x080017eb   Thumb Code     0  startup_stm32f429xx.o(.text)
    EXTI1_IRQHandler                         0x080017eb   Thumb Code     0  startup_stm32f429xx.o(.text)
    EXTI2_IRQHandler                         0x080017eb   Thumb Code     0  startup_stm32f429xx.o(.text)
    EXTI3_IRQHandler                         0x080017eb   Thumb Code     0  startup_stm32f429xx.o(.text)
    EXTI4_IRQHandler                         0x080017eb   Thumb Code     0  startup_stm32f429xx.o(.text)
    EXTI9_5_IRQHandler                       0x080017eb   Thumb Code     0  startup_stm32f429xx.o(.text)
    FLASH_IRQHandler                         0x080017eb   Thumb Code     0  startup_stm32f429xx.o(.text)
    FMC_IRQHandler                           0x080017eb   Thumb Code     0  startup_stm32f429xx.o(.text)
    FPU_IRQHandler                           0x080017eb   Thumb Code     0  startup_stm32f429xx.o(.text)
    HASH_RNG_IRQHandler                      0x080017eb   Thumb Code     0  startup_stm32f429xx.o(.text)
    I2C1_ER_IRQHandler                       0x080017eb   Thumb Code     0  startup_stm32f429xx.o(.text)
    I2C1_EV_IRQHandler                       0x080017eb   Thumb Code     0  startup_stm32f429xx.o(.text)
    I2C2_ER_IRQHandler                       0x080017eb   Thumb Code     0  startup_stm32f429xx.o(.text)
    I2C2_EV_IRQHandler                       0x080017eb   Thumb Code     0  startup_stm32f429xx.o(.text)
    I2C3_ER_IRQHandler                       0x080017eb   Thumb Code     0  startup_stm32f429xx.o(.text)
    I2C3_EV_IRQHandler                       0x080017eb   Thumb Code     0  startup_stm32f429xx.o(.text)
    LTDC_ER_IRQHandler                       0x080017eb   Thumb Code     0  startup_stm32f429xx.o(.text)
    LTDC_IRQHandler                          0x080017eb   Thumb Code     0  startup_stm32f429xx.o(.text)
    OTG_FS_IRQHandler                        0x080017eb   Thumb Code     0  startup_stm32f429xx.o(.text)
    OTG_FS_WKUP_IRQHandler                   0x080017eb   Thumb Code     0  startup_stm32f429xx.o(.text)
    OTG_HS_EP1_IN_IRQHandler                 0x080017eb   Thumb Code     0  startup_stm32f429xx.o(.text)
    OTG_HS_EP1_OUT_IRQHandler                0x080017eb   Thumb Code     0  startup_stm32f429xx.o(.text)
    OTG_HS_IRQHandler                        0x080017eb   Thumb Code     0  startup_stm32f429xx.o(.text)
    OTG_HS_WKUP_IRQHandler                   0x080017eb   Thumb Code     0  startup_stm32f429xx.o(.text)
    PVD_IRQHandler                           0x080017eb   Thumb Code     0  startup_stm32f429xx.o(.text)
    RCC_IRQHandler                           0x080017eb   Thumb Code     0  startup_stm32f429xx.o(.text)
    RTC_Alarm_IRQHandler                     0x080017eb   Thumb Code     0  startup_stm32f429xx.o(.text)
    RTC_WKUP_IRQHandler                      0x080017eb   Thumb Code     0  startup_stm32f429xx.o(.text)
    SAI1_IRQHandler                          0x080017eb   Thumb Code     0  startup_stm32f429xx.o(.text)
    SDIO_IRQHandler                          0x080017eb   Thumb Code     0  startup_stm32f429xx.o(.text)
    SPI1_IRQHandler                          0x080017eb   Thumb Code     0  startup_stm32f429xx.o(.text)
    SPI2_IRQHandler                          0x080017eb   Thumb Code     0  startup_stm32f429xx.o(.text)
    SPI3_IRQHandler                          0x080017eb   Thumb Code     0  startup_stm32f429xx.o(.text)
    SPI4_IRQHandler                          0x080017eb   Thumb Code     0  startup_stm32f429xx.o(.text)
    SPI5_IRQHandler                          0x080017eb   Thumb Code     0  startup_stm32f429xx.o(.text)
    SPI6_IRQHandler                          0x080017eb   Thumb Code     0  startup_stm32f429xx.o(.text)
    TAMP_STAMP_IRQHandler                    0x080017eb   Thumb Code     0  startup_stm32f429xx.o(.text)
    TIM1_BRK_TIM9_IRQHandler                 0x080017eb   Thumb Code     0  startup_stm32f429xx.o(.text)
    TIM1_CC_IRQHandler                       0x080017eb   Thumb Code     0  startup_stm32f429xx.o(.text)
    TIM1_TRG_COM_TIM11_IRQHandler            0x080017eb   Thumb Code     0  startup_stm32f429xx.o(.text)
    TIM1_UP_TIM10_IRQHandler                 0x080017eb   Thumb Code     0  startup_stm32f429xx.o(.text)
    TIM2_IRQHandler                          0x080017eb   Thumb Code     0  startup_stm32f429xx.o(.text)
    TIM3_IRQHandler                          0x080017eb   Thumb Code     0  startup_stm32f429xx.o(.text)
    TIM4_IRQHandler                          0x080017eb   Thumb Code     0  startup_stm32f429xx.o(.text)
    TIM5_IRQHandler                          0x080017eb   Thumb Code     0  startup_stm32f429xx.o(.text)
    TIM6_DAC_IRQHandler                      0x080017eb   Thumb Code     0  startup_stm32f429xx.o(.text)
    TIM7_IRQHandler                          0x080017eb   Thumb Code     0  startup_stm32f429xx.o(.text)
    TIM8_BRK_TIM12_IRQHandler                0x080017eb   Thumb Code     0  startup_stm32f429xx.o(.text)
    TIM8_CC_IRQHandler                       0x080017eb   Thumb Code     0  startup_stm32f429xx.o(.text)
    TIM8_TRG_COM_TIM14_IRQHandler            0x080017eb   Thumb Code     0  startup_stm32f429xx.o(.text)
    TIM8_UP_TIM13_IRQHandler                 0x080017eb   Thumb Code     0  startup_stm32f429xx.o(.text)
    UART4_IRQHandler                         0x080017eb   Thumb Code     0  startup_stm32f429xx.o(.text)
    UART5_IRQHandler                         0x080017eb   Thumb Code     0  startup_stm32f429xx.o(.text)
    UART7_IRQHandler                         0x080017eb   Thumb Code     0  startup_stm32f429xx.o(.text)
    UART8_IRQHandler                         0x080017eb   Thumb Code     0  startup_stm32f429xx.o(.text)
    USART1_IRQHandler                        0x080017eb   Thumb Code     0  startup_stm32f429xx.o(.text)
    USART2_IRQHandler                        0x080017eb   Thumb Code     0  startup_stm32f429xx.o(.text)
    USART3_IRQHandler                        0x080017eb   Thumb Code     0  startup_stm32f429xx.o(.text)
    USART6_IRQHandler                        0x080017eb   Thumb Code     0  startup_stm32f429xx.o(.text)
    WWDG_IRQHandler                          0x080017eb   Thumb Code     0  startup_stm32f429xx.o(.text)
    SystemInit                               0x080017f5   Thumb Code    82  system_stm32f4xx.o(.text)
    SystemCoreClockUpdate                    0x08001847   Thumb Code   174  system_stm32f4xx.o(.text)
    __scatterload                            0x08001915   Thumb Code    28  init.o(.text)
    __scatterload_rt2                        0x08001915   Thumb Code     0  init.o(.text)
    SVC_Count                                0x08001938   Data           4  svc_table.o(SVC_TABLE)
    SVC_Table                                0x0800193c   Data           0  svc_table.o(SVC_TABLE)
    __scatterload_copy                       0x0800193d   Thumb Code    14  handlers.o(i.__scatterload_copy)
    __scatterload_null                       0x0800194b   Thumb Code     2  handlers.o(i.__scatterload_null)
    __scatterload_zeroinit                   0x0800194d   Thumb Code    14  handlers.o(i.__scatterload_zeroinit)
    _init_box                                0x0800195b   Thumb Code    70  rt_membox.o(i._init_box)
    dbg_init                                 0x080019a1   Thumb Code    34  hal_cm.o(i.dbg_init)
    dbg_task_notify                          0x080019d1   Thumb Code    32  hal_cm.o(i.dbg_task_notify)
    dbg_task_switch                          0x080019f1   Thumb Code    16  hal_cm.o(i.dbg_task_switch)
    isrMessageGet                            0x08001a01   Thumb Code    42  rt_cmsis.o(i.isrMessageGet)
    isrMessagePut                            0x08001a2b   Thumb Code    44  rt_cmsis.o(i.isrMessagePut)
    isrSignalSet                             0x08001a57   Thumb Code    36  rt_cmsis.o(i.isrSignalSet)
    isr_evt_set                              0x08001a7d   Thumb Code    34  rt_event.o(i.isr_evt_set)
    isr_mbx_receive                          0x08001aa5   Thumb Code    86  rt_mailbox.o(i.isr_mbx_receive)
    isr_mbx_send                             0x08001afb   Thumb Code    14  rt_mailbox.o(i.isr_mbx_send)
    osDelay                                  0x08001b09   Thumb Code    18  rt_cmsis.o(i.osDelay)
    osKernelInitialize                       0x08001b21   Thumb Code    30  rt_cmsis.o(i.osKernelInitialize)
    osKernelStart                            0x08001b45   Thumb Code    98  rt_cmsis.o(i.osKernelStart)
    osMessageGet                             0x08001bb1   Thumb Code    18  rt_cmsis.o(i.osMessageGet)
    osSignalSet                              0x08001bc9   Thumb Code    18  rt_cmsis.o(i.osSignalSet)
    osSignalWait                             0x08001be1   Thumb Code    18  rt_cmsis.o(i.osSignalWait)
    osThreadCreate                           0x08001bf9   Thumb Code    38  rt_cmsis.o(i.osThreadCreate)
    osThreadExit                             0x08001c29   Thumb Code    14  rt_cmsis.o(i.osThreadExit)
    osTimerCall                              0x08001c41   Thumb Code     8  rt_cmsis.o(i.osTimerCall)
    osTimerThread                            0x08001c4d   Thumb Code    38  rt_cmsis.o(i.osTimerThread)
    os_tick_init                             0x08001c79   Thumb Code    32  rt_system.o(i.os_tick_init)
    os_tick_irqack                           0x08001ca1   Thumb Code     2  rt_system.o(i.os_tick_irqack)
    rt_alloc_box                             0x08001ca3   Thumb Code    26  rt_membox.o(i.rt_alloc_box)
    rt_alloc_mem                             0x08001cbd   Thumb Code    62  rt_memory.o(i.rt_alloc_mem)
    rt_block                                 0x08001cfd   Thumb Code    48  rt_task.o(i.rt_block)
    rt_chk_robin                             0x08001d35   Thumb Code    60  rt_robin.o(i.rt_chk_robin)
    rt_dec_dly                               0x08001d7d   Thumb Code   102  rt_list.o(i.rt_dec_dly)
    rt_dispatch                              0x08001ded   Thumb Code    60  rt_task.o(i.rt_dispatch)
    rt_dly_wait                              0x08001e31   Thumb Code     6  rt_time.o(i.rt_dly_wait)
    rt_evt_psh                               0x08001e39   Thumb Code    76  rt_event.o(i.rt_evt_psh)
    rt_evt_set                               0x08001e89   Thumb Code    88  rt_event.o(i.rt_evt_set)
    rt_evt_wait                              0x08001ee5   Thumb Code    56  rt_event.o(i.rt_evt_wait)
    rt_free_box                              0x08001f21   Thumb Code    44  rt_membox.o(i.rt_free_box)
    rt_free_mem                              0x08001f4d   Thumb Code    40  rt_memory.o(i.rt_free_mem)
    rt_get_first                             0x08001f75   Thumb Code    40  rt_list.o(i.rt_get_first)
    rt_init_mem                              0x08001fed   Thumb Code    26  rt_memory.o(i.rt_init_mem)
    rt_init_robin                            0x08002009   Thumb Code    14  rt_robin.o(i.rt_init_robin)
    rt_init_stack                            0x08002021   Thumb Code   118  hal_cm.o(i.rt_init_stack)
    rt_mbx_check                             0x080020a1   Thumb Code     8  rt_mailbox.o(i.rt_mbx_check)
    rt_mbx_init                              0x080020a9   Thumb Code    26  rt_mailbox.o(i.rt_mbx_init)
    rt_mbx_psh                               0x080020c5   Thumb Code   236  rt_mailbox.o(i.rt_mbx_psh)
    rt_mbx_wait                              0x080021b5   Thumb Code   174  rt_mailbox.o(i.rt_mbx_wait)
    rt_pop_req                               0x080022ad   Thumb Code   112  rt_system.o(i.rt_pop_req)
    rt_psh_req                               0x08002329   Thumb Code    22  rt_system.o(i.rt_psh_req)
    rt_psq_enq                               0x08002349   Thumb Code    88  rt_list.o(i.rt_psq_enq)
    rt_put_dly                               0x080023a5   Thumb Code    68  rt_list.o(i.rt_put_dly)
    rt_put_prio                              0x080023ed   Thumb Code    54  rt_list.o(i.rt_put_prio)
    rt_put_rdy_first                         0x08002425   Thumb Code    14  rt_list.o(i.rt_put_rdy_first)
    rt_resort_prio                           0x08002439   Thumb Code    46  rt_list.o(i.rt_resort_prio)
    rt_ret_val                               0x0800247d   Thumb Code    12  hal_cm.o(i.rt_ret_val)
    rt_ret_val2                              0x08002489   Thumb Code    16  hal_cm.o(i.rt_ret_val2)
    rt_rmv_dly                               0x08002499   Thumb Code    40  rt_list.o(i.rt_rmv_dly)
    rt_rmv_list                              0x080024c1   Thumb Code    44  rt_list.o(i.rt_rmv_list)
    rt_sem_psh                               0x080024f1   Thumb Code    48  rt_semaphore.o(i.rt_sem_psh)
    rt_stk_check                             0x08002525   Thumb Code    28  rt_system.o(i.rt_stk_check)
    rt_switch_req                            0x08002549   Thumb Code    30  rt_task.o(i.rt_switch_req)
    rt_sys_init                              0x08002571   Thumb Code   138  rt_task.o(i.rt_sys_init)
    rt_sys_start                             0x0800263d   Thumb Code   110  rt_task.o(i.rt_sys_start)
    rt_systick                               0x080026b5   Thumb Code    50  rt_system.o(i.rt_systick)
    rt_tsk_create                            0x0800273d   Thumb Code   118  rt_task.o(i.rt_tsk_create)
    rt_tsk_delete                            0x080027c5   Thumb Code   352  rt_task.o(i.rt_tsk_delete)
    rt_tsk_prio                              0x08002941   Thumb Code   108  rt_task.o(i.rt_tsk_prio)
    rt_tsk_self                              0x080029bd   Thumb Code    12  rt_task.o(i.rt_tsk_self)
    svcDelay                                 0x080029cd   Thumb Code    18  rt_cmsis.o(i.svcDelay)
    svcKernelInitialize                      0x080029e1   Thumb Code    80  rt_cmsis.o(i.svcKernelInitialize)
    svcKernelStart                           0x08002a51   Thumb Code    62  rt_cmsis.o(i.svcKernelStart)
    svcMessageCreate                         0x08002a99   Thumb Code    36  rt_cmsis.o(i.svcMessageCreate)
    svcMessageGet                            0x08002abd   Thumb Code    58  rt_cmsis.o(i.svcMessageGet)
    svcSignalSet                             0x08002af7   Thumb Code    36  rt_cmsis.o(i.svcSignalSet)
    svcSignalWait                            0x08002b1d   Thumb Code    80  rt_cmsis.o(i.svcSignalWait)
    svcThreadCreate                          0x08002b71   Thumb Code   100  rt_cmsis.o(i.svcThreadCreate)
    svcThreadGetId                           0x08002be1   Thumb Code    22  rt_cmsis.o(i.svcThreadGetId)
    svcThreadTerminate                       0x08002bfd   Thumb Code    50  rt_cmsis.o(i.svcThreadTerminate)
    svcTimerCall                             0x08002c35   Thumb Code    24  rt_cmsis.o(i.svcTimerCall)
    sysTimerTick                             0x08002c4d   Thumb Code    84  rt_cmsis.o(i.sysTimerTick)
    os_thread_def_Thread_LED                 0x08002ca8   Data          16  thread_led.o(.constdata)
    os_maxtaskrun                            0x08002cc8   Data           2  rtx_conf_cm.o(.constdata)
    os_stackinfo                             0x08002ccc   Data           4  rtx_conf_cm.o(.constdata)
    os_rrobin                                0x08002cd0   Data           4  rtx_conf_cm.o(.constdata)
    os_tickfreq                              0x08002cd4   Data           4  rtx_conf_cm.o(.constdata)
    os_tickus_i                              0x08002cd8   Data           2  rtx_conf_cm.o(.constdata)
    os_tickus_f                              0x08002cda   Data           2  rtx_conf_cm.o(.constdata)
    os_trv                                   0x08002cdc   Data           4  rtx_conf_cm.o(.constdata)
    os_flags                                 0x08002ce0   Data           1  rtx_conf_cm.o(.constdata)
    CMSIS_RTOS_API_Version                   0x08002ce4   Data           4  rtx_conf_cm.o(.constdata)
    CMSIS_RTOS_RTX_Version                   0x08002ce8   Data           4  rtx_conf_cm.o(.constdata)
    os_clockrate                             0x08002cec   Data           4  rtx_conf_cm.o(.constdata)
    os_timernum                              0x08002cf0   Data           4  rtx_conf_cm.o(.constdata)
    mp_tcb_size                              0x08002cf4   Data           2  rtx_conf_cm.o(.constdata)
    mp_stk_size                              0x08002cf8   Data           4  rtx_conf_cm.o(.constdata)
    os_stack_sz                              0x08002cfc   Data           4  rtx_conf_cm.o(.constdata)
    os_fifo_size                             0x08002d00   Data           1  rtx_conf_cm.o(.constdata)
    os_thread_def_osTimerThread              0x08002d04   Data          16  rtx_conf_cm.o(.constdata)
    os_messageQ_def_osTimerMessageQ          0x08002d14   Data           8  rtx_conf_cm.o(.constdata)
    mp_tmr_size                              0x08002d1c   Data           2  rtx_conf_cm.o(.constdata)
    os_thread_def_main                       0x08002d20   Data          16  rtx_conf_cm.o(.constdata)
    APBAHBPrescTable                         0x08002d30   Data          16  stm32f4xx_hal_rcc.o(.constdata)
    AHBPrescTable                            0x08002d40   Data          16  system_stm32f4xx.o(.constdata)
    Region$$Table$$Base                      0x08002d50   Number         0  anon$$obj.o(Region$$Table)
    Region$$Table$$Limit                     0x08002d70   Number         0  anon$$obj.o(Region$$Table)
    tid_Thread_LED                           0x20000000   Data           4  thread_led.o(.data)
    osThreadId_osTimerThread                 0x20000004   Data           4  rtx_conf_cm.o(.data)
    osMessageQId_osTimerMessageQ             0x20000008   Data           4  rtx_conf_cm.o(.data)
    os_tmr                                   0x2000000c   Data           4  rtx_conf_cm.o(.data)
    m_tmr                                    0x20000010   Data           4  rtx_conf_cm.o(.data)
    uwTick                                   0x20000014   Data           4  stm32f4xx_hal.o(.data)
    SystemCoreClock                          0x20000018   Data           4  system_stm32f4xx.o(.data)
    os_initialized                           0x2000001c   Data           1  rt_cmsis.o(.data)
    os_running                               0x2000001d   Data           1  rt_cmsis.o(.data)
    os_timer_head                            0x20000020   Data           4  rt_cmsis.o(.data)
    os_time                                  0x20000024   Data           4  rt_time.o(.data)
    os_tsk                                   0x20000028   Data           8  rt_task.o(.data)
    os_tick_irqn                             0x20000034   Data           4  rt_system.o(.data)
    dbg_msg                                  0x20000038   Data           1  hal_cm.o(.data)
    os_robin                                 0x2000003c   Data           8  rt_robin.o(.data)
    mp_tcb                                   0x20000048   Data         376  rtx_conf_cm.o(.bss)
    mp_stk                                   0x200001c0   Data        1216  rtx_conf_cm.o(.bss)
    os_stack_mem                             0x20000680   Data         432  rtx_conf_cm.o(.bss)
    os_fifo                                  0x20000830   Data         132  rtx_conf_cm.o(.bss)
    os_active_TCB                            0x200008b4   Data          28  rtx_conf_cm.o(.bss)
    os_messageQ_q_osTimerMessageQ            0x200008d0   Data          32  rtx_conf_cm.o(.bss)
    os_idle_TCB                              0x200008f0   Data          52  rt_task.o(.bss)
    os_rdy                                   0x20000924   Data          24  rt_list.o(.bss)
    os_dly                                   0x2000093c   Data          24  rt_list.o(.bss)
    __initial_sp                             0x20000d58   Data           0  startup_stm32f429xx.o(STACK)



==============================================================================

Memory Map of the image

  Image Entry point : 0x080001ad

  Load Region LR_IROM1 (Base: 0x08000000, Size: 0x00002db4, Max: 0x00200000, ABSOLUTE)

    Execution Region ER_IROM1 (Base: 0x08000000, Size: 0x00002d70, Max: 0x00200000, ABSOLUTE)

    Base Addr    Size         Type   Attr      Idx    E Section Name        Object

    0x08000000   0x000001ac   Data   RO          398    RESET               startup_stm32f429xx.o
    0x080001ac   0x00000000   Code   RO         1653  * .ARM.Collect$$$$00000000  mc_w.l(entry.o)
    0x080001ac   0x00000004   Code   RO         1658    .ARM.Collect$$$$00000001  mc_w.l(entry2.o)
    0x080001b0   0x00000004   Code   RO         1661    .ARM.Collect$$$$00000004  mc_w.l(entry5.o)
    0x080001b4   0x00000000   Code   RO         1663    .ARM.Collect$$$$00000008  mc_w.l(entry7b.o)
    0x080001b4   0x00000000   Code   RO         1665    .ARM.Collect$$$$0000000A  mc_w.l(entry8b.o)
    0x080001b4   0x00000000   Code   RO         1666    .ARM.Collect$$$$0000000D  mc_w.l(entry10a.o)
    0x080001b4   0x00000000   Code   RO         1668    .ARM.Collect$$$$0000000F  mc_w.l(entry11a.o)
    0x080001b4   0x00000018   Code   RO          189    .ARM.Collect$$$$000000FF  rtx_conf_cm.o
    0x080001cc   0x00000004   Code   RO         1659    .ARM.Collect$$$$00002712  mc_w.l(entry2.o)
    0x080001d0   0x00000198   Code   RO         1640    .emb_text           RTX_CM4.lib(hal_cm4.o)
    0x08000368   0x000000e4   Code   RO            4    .text               blinky.o
    0x0800044c   0x00000064   Code   RO          120    .text               thread_led.o
    0x080004b0   0x00000070   Code   RO          142    .text               buttons_f429discovery.o
    0x08000520   0x000000c4   Code   RO          166    .text               led_f429discovery.o
    0x080005e4   0x00000026   Code   RO          190    .text               rtx_conf_cm.o
    0x0800060a   0x00000002   PAD
    0x0800060c   0x000001cc   Code   RO          221    .text               stm32f4xx_hal.o
    0x080007d8   0x0000034c   Code   RO          248    .text               stm32f4xx_hal_cortex.o
    0x08000b24   0x000003dc   Code   RO          276    .text               stm32f4xx_hal_gpio.o
    0x08000f00   0x000008d0   Code   RO          348    .text               stm32f4xx_hal_rcc.o
    0x080017d0   0x00000024   Code   RO          399    .text               startup_stm32f429xx.o
    0x080017f4   0x00000120   Code   RO          406    .text               system_stm32f4xx.o
    0x08001914   0x00000024   Code   RO         1674    .text               mc_w.l(init.o)
    0x08001938   0x00000004   Code   RO         1650    SVC_TABLE           RTX_CM4.lib(svc_table.o)
    0x0800193c   0x0000000e   Code   RO         1678    i.__scatterload_copy  mc_w.l(handlers.o)
    0x0800194a   0x00000002   Code   RO         1679    i.__scatterload_null  mc_w.l(handlers.o)
    0x0800194c   0x0000000e   Code   RO         1680    i.__scatterload_zeroinit  mc_w.l(handlers.o)
    0x0800195a   0x00000046   Code   RO         1513    i._init_box         RTX_CM4.lib(rt_membox.o)
    0x080019a0   0x00000030   Code   RO         1566    i.dbg_init          RTX_CM4.lib(hal_cm.o)
    0x080019d0   0x00000020   Code   RO         1567    i.dbg_task_notify   RTX_CM4.lib(hal_cm.o)
    0x080019f0   0x00000010   Code   RO         1568    i.dbg_task_switch   RTX_CM4.lib(hal_cm.o)
    0x08001a00   0x0000002a   Code   RO          437    i.isrMessageGet     RTX_CM4.lib(rt_cmsis.o)
    0x08001a2a   0x0000002c   Code   RO          438    i.isrMessagePut     RTX_CM4.lib(rt_cmsis.o)
    0x08001a56   0x00000024   Code   RO          440    i.isrSignalSet      RTX_CM4.lib(rt_cmsis.o)
    0x08001a7a   0x00000002   PAD
    0x08001a7c   0x00000028   Code   RO         1270    i.isr_evt_set       RTX_CM4.lib(rt_event.o)
    0x08001aa4   0x00000056   Code   RO         1392    i.isr_mbx_receive   RTX_CM4.lib(rt_mailbox.o)
    0x08001afa   0x0000000e   Code   RO         1393    i.isr_mbx_send      RTX_CM4.lib(rt_mailbox.o)
    0x08001b08   0x00000018   Code   RO          441    i.osDelay           RTX_CM4.lib(rt_cmsis.o)
    0x08001b20   0x00000024   Code   RO          442    i.osKernelInitialize  RTX_CM4.lib(rt_cmsis.o)
    0x08001b44   0x0000006c   Code   RO          444    i.osKernelStart     RTX_CM4.lib(rt_cmsis.o)
    0x08001bb0   0x00000018   Code   RO          453    i.osMessageGet      RTX_CM4.lib(rt_cmsis.o)
    0x08001bc8   0x00000018   Code   RO          468    i.osSignalSet       RTX_CM4.lib(rt_cmsis.o)
    0x08001be0   0x00000018   Code   RO          469    i.osSignalWait      RTX_CM4.lib(rt_cmsis.o)
    0x08001bf8   0x00000030   Code   RO          470    i.osThreadCreate    RTX_CM4.lib(rt_cmsis.o)
    0x08001c28   0x00000018   Code   RO          471    i.osThreadExit      RTX_CM4.lib(rt_cmsis.o)
    0x08001c40   0x0000000c   Code   RO          477    i.osTimerCall       RTX_CM4.lib(rt_cmsis.o)
    0x08001c4c   0x0000002c   Code   RO          482    i.osTimerThread     RTX_CM4.lib(rt_cmsis.o)
    0x08001c78   0x00000028   Code   RO         1180    i.os_tick_init      RTX_CM4.lib(rt_system.o)
    0x08001ca0   0x00000002   Code   RO         1181    i.os_tick_irqack    RTX_CM4.lib(rt_system.o)
    0x08001ca2   0x0000001a   Code   RO         1514    i.rt_alloc_box      RTX_CM4.lib(rt_membox.o)
    0x08001cbc   0x0000003e   Code   RO         1542    i.rt_alloc_mem      RTX_CM4.lib(rt_memory.o)
    0x08001cfa   0x00000002   PAD
    0x08001cfc   0x00000038   Code   RO         1095    i.rt_block          RTX_CM4.lib(rt_task.o)
    0x08001d34   0x00000048   Code   RO         1619    i.rt_chk_robin      RTX_CM4.lib(rt_robin.o)
    0x08001d7c   0x00000070   Code   RO         1316    i.rt_dec_dly        RTX_CM4.lib(rt_list.o)
    0x08001dec   0x00000044   Code   RO         1096    i.rt_dispatch       RTX_CM4.lib(rt_task.o)
    0x08001e30   0x00000006   Code   RO         1062    i.rt_dly_wait       RTX_CM4.lib(rt_time.o)
    0x08001e36   0x00000002   PAD
    0x08001e38   0x00000050   Code   RO         1273    i.rt_evt_psh        RTX_CM4.lib(rt_event.o)
    0x08001e88   0x0000005c   Code   RO         1274    i.rt_evt_set        RTX_CM4.lib(rt_event.o)
    0x08001ee4   0x0000003c   Code   RO         1275    i.rt_evt_wait       RTX_CM4.lib(rt_event.o)
    0x08001f20   0x0000002c   Code   RO         1515    i.rt_free_box       RTX_CM4.lib(rt_membox.o)
    0x08001f4c   0x00000028   Code   RO         1543    i.rt_free_mem       RTX_CM4.lib(rt_memory.o)
    0x08001f74   0x00000028   Code   RO         1317    i.rt_get_first      RTX_CM4.lib(rt_list.o)
    0x08001f9c   0x00000008   Code   RO          487    i.rt_id2obj         RTX_CM4.lib(rt_cmsis.o)
    0x08001fa4   0x00000048   Code   RO         1097    i.rt_init_context   RTX_CM4.lib(rt_task.o)
    0x08001fec   0x0000001a   Code   RO         1544    i.rt_init_mem       RTX_CM4.lib(rt_memory.o)
    0x08002006   0x00000002   PAD
    0x08002008   0x00000018   Code   RO         1620    i.rt_init_robin     RTX_CM4.lib(rt_robin.o)
    0x08002020   0x00000080   Code   RO         1569    i.rt_init_stack     RTX_CM4.lib(hal_cm.o)
    0x080020a0   0x00000008   Code   RO         1394    i.rt_mbx_check      RTX_CM4.lib(rt_mailbox.o)
    0x080020a8   0x0000001a   Code   RO         1395    i.rt_mbx_init       RTX_CM4.lib(rt_mailbox.o)
    0x080020c2   0x00000002   PAD
    0x080020c4   0x000000f0   Code   RO         1396    i.rt_mbx_psh        RTX_CM4.lib(rt_mailbox.o)
    0x080021b4   0x000000b4   Code   RO         1398    i.rt_mbx_wait       RTX_CM4.lib(rt_mailbox.o)
    0x08002268   0x00000044   Code   RO          488    i.rt_ms2tick        RTX_CM4.lib(rt_cmsis.o)
    0x080022ac   0x0000007c   Code   RO         1184    i.rt_pop_req        RTX_CM4.lib(rt_system.o)
    0x08002328   0x00000020   Code   RO         1185    i.rt_psh_req        RTX_CM4.lib(rt_system.o)
    0x08002348   0x0000005c   Code   RO         1319    i.rt_psq_enq        RTX_CM4.lib(rt_list.o)
    0x080023a4   0x00000048   Code   RO         1320    i.rt_put_dly        RTX_CM4.lib(rt_list.o)
    0x080023ec   0x00000036   Code   RO         1321    i.rt_put_prio       RTX_CM4.lib(rt_list.o)
    0x08002422   0x00000002   PAD
    0x08002424   0x00000014   Code   RO         1322    i.rt_put_rdy_first  RTX_CM4.lib(rt_list.o)
    0x08002438   0x00000034   Code   RO         1323    i.rt_resort_prio    RTX_CM4.lib(rt_list.o)
    0x0800246c   0x00000010   Code   RO         1570    i.rt_ret_regs       RTX_CM4.lib(hal_cm.o)
    0x0800247c   0x0000000c   Code   RO         1571    i.rt_ret_val        RTX_CM4.lib(hal_cm.o)
    0x08002488   0x00000010   Code   RO         1572    i.rt_ret_val2       RTX_CM4.lib(hal_cm.o)
    0x08002498   0x00000028   Code   RO         1324    i.rt_rmv_dly        RTX_CM4.lib(rt_list.o)
    0x080024c0   0x00000030   Code   RO         1325    i.rt_rmv_list       RTX_CM4.lib(rt_list.o)
    0x080024f0   0x00000034   Code   RO         1443    i.rt_sem_psh        RTX_CM4.lib(rt_semaphore.o)
    0x08002524   0x00000024   Code   RO         1187    i.rt_stk_check      RTX_CM4.lib(rt_system.o)
    0x08002548   0x00000028   Code   RO         1098    i.rt_switch_req     RTX_CM4.lib(rt_task.o)
    0x08002570   0x000000cc   Code   RO         1099    i.rt_sys_init       RTX_CM4.lib(rt_task.o)
    0x0800263c   0x00000078   Code   RO         1100    i.rt_sys_start      RTX_CM4.lib(rt_task.o)
    0x080026b4   0x00000040   Code   RO         1189    i.rt_systick        RTX_CM4.lib(rt_system.o)
    0x080026f4   0x00000012   Code   RO          489    i.rt_tid2ptcb       RTX_CM4.lib(rt_cmsis.o)
    0x08002706   0x00000002   PAD
    0x08002708   0x00000034   Code   RO          490    i.rt_timer_insert   RTX_CM4.lib(rt_cmsis.o)
    0x0800273c   0x00000088   Code   RO         1101    i.rt_tsk_create     RTX_CM4.lib(rt_task.o)
    0x080027c4   0x0000017c   Code   RO         1102    i.rt_tsk_delete     RTX_CM4.lib(rt_task.o)
    0x08002940   0x0000007c   Code   RO         1104    i.rt_tsk_prio       RTX_CM4.lib(rt_task.o)
    0x080029bc   0x00000010   Code   RO         1105    i.rt_tsk_self       RTX_CM4.lib(rt_task.o)
    0x080029cc   0x00000012   Code   RO          492    i.svcDelay          RTX_CM4.lib(rt_cmsis.o)
    0x080029de   0x00000002   PAD
    0x080029e0   0x00000070   Code   RO          493    i.svcKernelInitialize  RTX_CM4.lib(rt_cmsis.o)
    0x08002a50   0x00000048   Code   RO          495    i.svcKernelStart    RTX_CM4.lib(rt_cmsis.o)
    0x08002a98   0x00000024   Code   RO          498    i.svcMessageCreate  RTX_CM4.lib(rt_cmsis.o)
    0x08002abc   0x0000003a   Code   RO          499    i.svcMessageGet     RTX_CM4.lib(rt_cmsis.o)
    0x08002af6   0x00000024   Code   RO          511    i.svcSignalSet      RTX_CM4.lib(rt_cmsis.o)
    0x08002b1a   0x00000002   PAD
    0x08002b1c   0x00000054   Code   RO          512    i.svcSignalWait     RTX_CM4.lib(rt_cmsis.o)
    0x08002b70   0x00000070   Code   RO          513    i.svcThreadCreate   RTX_CM4.lib(rt_cmsis.o)
    0x08002be0   0x0000001c   Code   RO          514    i.svcThreadGetId    RTX_CM4.lib(rt_cmsis.o)
    0x08002bfc   0x00000038   Code   RO          517    i.svcThreadTerminate  RTX_CM4.lib(rt_cmsis.o)
    0x08002c34   0x00000018   Code   RO          519    i.svcTimerCall      RTX_CM4.lib(rt_cmsis.o)
    0x08002c4c   0x0000005c   Code   RO          528    i.sysTimerTick      RTX_CM4.lib(rt_cmsis.o)
    0x08002ca8   0x00000010   Data   RO          121    .constdata          thread_led.o
    0x08002cb8   0x00000010   Data   RO          167    .constdata          led_f429discovery.o
    0x08002cc8   0x00000068   Data   RO          192    .constdata          rtx_conf_cm.o
    0x08002d30   0x00000010   Data   RO          349    .constdata          stm32f4xx_hal_rcc.o
    0x08002d40   0x00000010   Data   RO          407    .constdata          system_stm32f4xx.o
    0x08002d50   0x00000020   Data   RO         1676    Region$$Table       anon$$obj.o


    Execution Region RW_IRAM1 (Base: 0x20000000, Size: 0x00000d58, Max: 0x00030000, ABSOLUTE)

    Base Addr    Size         Type   Attr      Idx    E Section Name        Object

    0x20000000   0x00000004   Data   RW          122    .data               thread_led.o
    0x20000004   0x00000010   Data   RW          193    .data               rtx_conf_cm.o
    0x20000014   0x00000004   Data   RW          222    .data               stm32f4xx_hal.o
    0x20000018   0x00000004   Data   RW          408    .data               system_stm32f4xx.o
    0x2000001c   0x00000008   Data   RW          531    .data               RTX_CM4.lib(rt_cmsis.o)
    0x20000024   0x00000004   Data   RW         1066    .data               RTX_CM4.lib(rt_time.o)
    0x20000028   0x00000008   Data   RW         1107    .data               RTX_CM4.lib(rt_task.o)
    0x20000030   0x00000008   Data   RW         1192    .data               RTX_CM4.lib(rt_system.o)
    0x20000038   0x00000001   Data   RW         1573    .data               RTX_CM4.lib(hal_cm.o)
    0x20000039   0x00000003   PAD
    0x2000003c   0x00000008   Data   RW         1621    .data               RTX_CM4.lib(rt_robin.o)
    0x20000044   0x00000004   PAD
    0x20000048   0x000008a8   Zero   RW          191    .bss                rtx_conf_cm.o
    0x200008f0   0x00000034   Zero   RW         1106    .bss                RTX_CM4.lib(rt_task.o)
    0x20000924   0x00000030   Zero   RW         1326    .bss                RTX_CM4.lib(rt_list.o)
    0x20000954   0x00000004   PAD
    0x20000958   0x00000400   Zero   RW          396    STACK               startup_stm32f429xx.o


==============================================================================

Image component sizes


      Code (inc. data)   RO Data    RW Data    ZI Data      Debug   Object Name

       228         16          0          0          0     305169   blinky.o
       112         10          0          0          0       1960   buttons_f429discovery.o
       196         12         16          0          0       2545   led_f429discovery.o
        62          6        104         16       2216       7522   rtx_conf_cm.o
        36          8        428          0       1024        868   startup_stm32f429xx.o
       460         28          0          4          0       5190   stm32f4xx_hal.o
       844         22          0          0          0      33415   stm32f4xx_hal_cortex.o
       988         54          0          0          0       3807   stm32f4xx_hal_gpio.o
      2256         66         16          0          0       5518   stm32f4xx_hal_rcc.o
       288         32         16          4          0       1703   system_stm32f4xx.o
       100          8         16          4          0       1443   thread_led.o

    ----------------------------------------------------------------------
      5572        262        628         28       3240     369140   Object Totals
         0          0         32          0          0          0   (incl. Generated)
         2          0          0          0          0          0   (incl. Padding)

    ----------------------------------------------------------------------

      Code (inc. data)   RO Data    RW Data    ZI Data      Debug   Library Member Name

       268         24          0          1          0       4452   hal_cm.o
       408         34          0          0          0        816   hal_cm4.o
      1364        162          0          8          0      38474   rt_cmsis.o
       272         18          0          0          0       2810   rt_event.o
       530         34          0          0         48       8597   rt_list.o
       554         10          0          0          0       4189   rt_mailbox.o
       140          0          0          0          0       2045   rt_membox.o
       128          0          0          0          0       2419   rt_memory.o
        96         22          0          8          0       1230   rt_robin.o
        52          4          0          0          0        613   rt_semaphore.o
       298         52          0          8          0       6439   rt_system.o
      1216        174          0          8         52      10025   rt_task.o
         6          0          0          4          0        684   rt_time.o
         4          4          0          0          0        200   svc_table.o
         0          0          0          0          0          0   entry.o
         0          0          0          0          0          0   entry10a.o
         0          0          0          0          0          0   entry11a.o
         8          4          0          0          0          0   entry2.o
         4          0          0          0          0          0   entry5.o
         0          0          0          0          0          0   entry7b.o
         0          0          0          0          0          0   entry8b.o
        30          0          0          0          0          0   handlers.o
        36          8          0          0          0         68   init.o

    ----------------------------------------------------------------------
      5432        550          0         40        108      83061   Library Totals
        18          0          0          3          8          0   (incl. Padding)

    ----------------------------------------------------------------------

      Code (inc. data)   RO Data    RW Data    ZI Data      Debug   Library Name

      5336        538          0         37        100      82993   RTX_CM4.lib
        78         12          0          0          0         68   mc_w.l

    ----------------------------------------------------------------------
      5432        550          0         40        108      83061   Library Totals

    ----------------------------------------------------------------------

==============================================================================


      Code (inc. data)   RO Data    RW Data    ZI Data      Debug   

     11004        812        628         68       3348     442505   Grand Totals
     11004        812        628         68       3348     442505   ELF Image Totals
     11004        812        628         68          0          0   ROM Totals

==============================================================================

    Total RO  Size (Code + RO Data)                11632 (  11.36kB)
    Total RW  Size (RW Data + ZI Data)              3416 (   3.34kB)
    Total ROM Size (Code + RO Data + RW Data)      11700 (  11.43kB)

==============================================================================

