Component: ARM Compiler 5.06 update 1 (build 61) Tool: armlink [4d0efa]

==============================================================================

Section Cross References

    main.o(i.Delay) refers to main.o(.data) for TimingDelay
    main.o(i.TimingDelay_Decrement) refers to main.o(.data) for TimingDelay
    main.o(i.main) refers to my_stm32f4_discovery.o(i.STM_EVAL_LEDInit) for STM_EVAL_LEDInit
    main.o(i.main) refers to ili9325.o(i.LCD_Init) for LCD_Init
    main.o(i.main) refers to xpt2046.o(i.XPT2046_Init) for XPT2046_Init
    main.o(i.main) refers to ili9325.o(i.LCD_SetBackLight) for LCD_SetBackLight
    main.o(i.main) refers to ili9325.o(i.LCD_DisplayOn) for LCD_DisplayOn
    main.o(i.main) refers to ili9325.o(i.LCD_SetTextColor) for LCD_SetTextColor
    main.o(i.main) refers to ili9325.o(i.LCD_StringLine) for LCD_StringLine
    main.o(i.main) refers to diskio.o(i.power) for power
    main.o(i.main) refers to ff.o(i.f_mount) for f_mount
    main.o(i.main) refers to ff.o(i.f_open) for f_open
    main.o(i.main) refers to ili9325.o(i.LCD_Clear) for LCD_Clear
    main.o(i.main) refers to ff.o(i.f_close) for f_close
    main.o(i.main) refers to main.o(.bss) for fatfs
    main.o(i.main) refers to main.o(.data) for fr
    my_stm32f4_discovery.o(i.STM_EVAL_LEDInit) refers to stm32f4xx_rcc.o(i.RCC_AHB1PeriphClockCmd) for RCC_AHB1PeriphClockCmd
    my_stm32f4_discovery.o(i.STM_EVAL_LEDInit) refers to stm32f4xx_gpio.o(i.GPIO_Init) for GPIO_Init
    my_stm32f4_discovery.o(i.STM_EVAL_LEDInit) refers to my_stm32f4_discovery.o(.constdata) for GPIO_CLK
    my_stm32f4_discovery.o(i.STM_EVAL_LEDInit) refers to my_stm32f4_discovery.o(.data) for GPIO_PORT
    my_stm32f4_discovery.o(i.STM_EVAL_LEDOff) refers to my_stm32f4_discovery.o(.constdata) for GPIO_PIN
    my_stm32f4_discovery.o(i.STM_EVAL_LEDOff) refers to my_stm32f4_discovery.o(.data) for GPIO_PORT
    my_stm32f4_discovery.o(i.STM_EVAL_LEDOn) refers to my_stm32f4_discovery.o(.constdata) for GPIO_PIN
    my_stm32f4_discovery.o(i.STM_EVAL_LEDOn) refers to my_stm32f4_discovery.o(.data) for GPIO_PORT
    my_stm32f4_discovery.o(i.STM_EVAL_LEDToggle) refers to my_stm32f4_discovery.o(.data) for GPIO_PORT
    my_stm32f4_discovery.o(i.STM_EVAL_LEDToggle) refers to my_stm32f4_discovery.o(.constdata) for GPIO_PIN
    my_stm32f4_discovery.o(i.start_LED_On) refers to my_stm32f4_discovery.o(.constdata) for GPIO_PIN
    my_stm32f4_discovery.o(i.start_LED_On) refers to my_stm32f4_discovery.o(.data) for GPIO_PORT
    my_stm32f4_discovery.o(i.update_temporized_LED) refers to my_stm32f4_discovery.o(i.STM_EVAL_LEDOff) for STM_EVAL_LEDOff
    my_stm32f4_discovery.o(i.update_temporized_LED) refers to my_stm32f4_discovery.o(.data) for BlueLED_counter
    startup_stm32f4xx.o(RESET) refers to startup_stm32f4xx.o(STACK) for __initial_sp
    startup_stm32f4xx.o(RESET) refers to startup_stm32f4xx.o(.text) for Reset_Handler
    startup_stm32f4xx.o(RESET) refers to stm32f4xx_it.o(i.NMI_Handler) for NMI_Handler
    startup_stm32f4xx.o(RESET) refers to stm32f4xx_it.o(i.HardFault_Handler) for HardFault_Handler
    startup_stm32f4xx.o(RESET) refers to stm32f4xx_it.o(i.MemManage_Handler) for MemManage_Handler
    startup_stm32f4xx.o(RESET) refers to stm32f4xx_it.o(i.BusFault_Handler) for BusFault_Handler
    startup_stm32f4xx.o(RESET) refers to stm32f4xx_it.o(i.UsageFault_Handler) for UsageFault_Handler
    startup_stm32f4xx.o(RESET) refers to stm32f4xx_it.o(i.SVC_Handler) for SVC_Handler
    startup_stm32f4xx.o(RESET) refers to stm32f4xx_it.o(i.DebugMon_Handler) for DebugMon_Handler
    startup_stm32f4xx.o(RESET) refers to stm32f4xx_it.o(i.PendSV_Handler) for PendSV_Handler
    startup_stm32f4xx.o(.text) refers to system_stm32f4xx.o(i.SystemInit) for SystemInit
    startup_stm32f4xx.o(.text) refers to entry.o(.ARM.Collect$$$$00000000) for __main
    system_stm32f4xx.o(i.SystemCoreClockUpdate) refers to system_stm32f4xx.o(.data) for SystemCoreClock
    system_stm32f4xx.o(i.SystemInit) refers to system_stm32f4xx.o(i.SetSysClock) for SetSysClock
    stm32f4xx_adc.o(i.ADC_DeInit) refers to stm32f4xx_rcc.o(i.RCC_APB2PeriphResetCmd) for RCC_APB2PeriphResetCmd
    stm32f4xx_can.o(i.CAN_DeInit) refers to stm32f4xx_rcc.o(i.RCC_APB1PeriphResetCmd) for RCC_APB1PeriphResetCmd
    stm32f4xx_can.o(i.CAN_GetITStatus) refers to stm32f4xx_can.o(i.CheckITStatus) for CheckITStatus
    stm32f4xx_cryp.o(i.CRYP_DeInit) refers to stm32f4xx_rcc.o(i.RCC_AHB2PeriphResetCmd) for RCC_AHB2PeriphResetCmd
    stm32f4xx_cryp_aes.o(i.CRYP_AES_CBC) refers to stm32f4xx_cryp.o(i.CRYP_KeyStructInit) for CRYP_KeyStructInit
    stm32f4xx_cryp_aes.o(i.CRYP_AES_CBC) refers to stm32f4xx_cryp.o(i.CRYP_FIFOFlush) for CRYP_FIFOFlush
    stm32f4xx_cryp_aes.o(i.CRYP_AES_CBC) refers to stm32f4xx_cryp.o(i.CRYP_Init) for CRYP_Init
    stm32f4xx_cryp_aes.o(i.CRYP_AES_CBC) refers to stm32f4xx_cryp.o(i.CRYP_KeyInit) for CRYP_KeyInit
    stm32f4xx_cryp_aes.o(i.CRYP_AES_CBC) refers to stm32f4xx_cryp.o(i.CRYP_Cmd) for CRYP_Cmd
[...]
    Removing stm32f4xx_pwr.o(i.PWR_MainRegulatorModeConfig), (36 bytes).
    Removing stm32f4xx_pwr.o(i.PWR_PVDCmd), (12 bytes).
    Removing stm32f4xx_pwr.o(i.PWR_PVDLevelConfig), (24 bytes).
    Removing stm32f4xx_pwr.o(i.PWR_WakeUpPinCmd), (12 bytes).
    Removing stm32f4xx_rcc.o(.emb_text), (8 bytes).
    Removing stm32f4xx_rcc.o(i.RCC_AHB1PeriphClockLPModeCmd), (32 bytes).
    Removing stm32f4xx_rcc.o(i.RCC_AHB1PeriphResetCmd), (32 bytes).
    Removing stm32f4xx_rcc.o(i.RCC_AHB2PeriphClockCmd), (32 bytes).
    Removing stm32f4xx_rcc.o(i.RCC_AHB2PeriphClockLPModeCmd), (32 bytes).
    Removing stm32f4xx_rcc.o(i.RCC_AHB2PeriphResetCmd), (32 bytes).
    Removing stm32f4xx_rcc.o(i.RCC_AHB3PeriphClockLPModeCmd), (32 bytes).
    Removing stm32f4xx_rcc.o(i.RCC_AHB3PeriphResetCmd), (32 bytes).
    Removing stm32f4xx_rcc.o(i.RCC_APB1PeriphClockLPModeCmd), (32 bytes).
    Removing stm32f4xx_rcc.o(i.RCC_APB2PeriphClockLPModeCmd), (32 bytes).
    Removing stm32f4xx_rcc.o(i.RCC_AdjustHSICalibrationValue), (24 bytes).
    Removing stm32f4xx_rcc.o(i.RCC_BackupResetCmd), (12 bytes).
    Removing stm32f4xx_rcc.o(i.RCC_ClearFlag), (20 bytes).
    Removing stm32f4xx_rcc.o(i.RCC_ClearITPendingBit), (12 bytes).
    Removing stm32f4xx_rcc.o(i.RCC_ClockSecuritySystemCmd), (12 bytes).
    Removing stm32f4xx_rcc.o(i.RCC_DeInit), (72 bytes).
    Removing stm32f4xx_rcc.o(i.RCC_GetClocksFreq), (232 bytes).
    Removing stm32f4xx_rcc.o(i.RCC_GetFlagStatus), (64 bytes).
    Removing stm32f4xx_rcc.o(i.RCC_GetITStatus), (24 bytes).
    Removing stm32f4xx_rcc.o(i.RCC_GetSYSCLKSource), (16 bytes).
    Removing stm32f4xx_rcc.o(i.RCC_HCLKConfig), (24 bytes).
    Removing stm32f4xx_rcc.o(i.RCC_HSEConfig), (16 bytes).
    Removing stm32f4xx_rcc.o(i.RCC_HSICmd), (12 bytes).
    Removing stm32f4xx_rcc.o(i.RCC_I2SCLKConfig), (12 bytes).
    Removing stm32f4xx_rcc.o(i.RCC_ITConfig), (32 bytes).
    Removing stm32f4xx_rcc.o(i.RCC_LSEConfig), (44 bytes).
    Removing stm32f4xx_rcc.o(i.RCC_LSICmd), (12 bytes).
    Removing stm32f4xx_rcc.o(i.RCC_MCO1Config), (28 bytes).
    Removing stm32f4xx_rcc.o(i.RCC_MCO2Config), (28 bytes).
    Removing stm32f4xx_rcc.o(i.RCC_PCLK1Config), (24 bytes).
    Removing stm32f4xx_rcc.o(i.RCC_PCLK2Config), (24 bytes).
    Removing stm32f4xx_rcc.o(i.RCC_PLLCmd), (12 bytes).
    Removing stm32f4xx_rcc.o(i.RCC_PLLConfig), (36 bytes).
    Removing stm32f4xx_rcc.o(i.RCC_PLLI2SCmd), (12 bytes).
    Removing stm32f4xx_rcc.o(i.RCC_PLLI2SConfig), (16 bytes).
    Removing stm32f4xx_rcc.o(i.RCC_RTCCLKCmd), (12 bytes).
    Removing stm32f4xx_rcc.o(i.RCC_RTCCLKConfig), (60 bytes).
    Removing stm32f4xx_rcc.o(i.RCC_SYSCLKConfig), (24 bytes).
    Removing stm32f4xx_rcc.o(i.RCC_WaitForHSEStartUp), (56 bytes).
    Removing stm32f4xx_rcc.o(.data), (16 bytes).
    Removing stm32f4xx_rng.o(.emb_text), (8 bytes).
    Removing stm32f4xx_rng.o(i.RNG_ClearFlag), (16 bytes).
    Removing stm32f4xx_rng.o(i.RNG_ClearITPendingBit), (16 bytes).
    Removing stm32f4xx_rng.o(i.RNG_Cmd), (36 bytes).
    Removing stm32f4xx_rng.o(i.RNG_DeInit), (20 bytes).
    Removing stm32f4xx_rng.o(i.RNG_GetFlagStatus), (24 bytes).
    Removing stm32f4xx_rng.o(i.RNG_GetITStatus), (24 bytes).
    Removing stm32f4xx_rng.o(i.RNG_GetRandomNumber), (12 bytes).
    Removing stm32f4xx_rng.o(i.RNG_ITConfig), (36 bytes).
    Removing stm32f4xx_rtc.o(.emb_text), (8 bytes).
    Removing stm32f4xx_rtc.o(i.RTC_AlarmCmd), (116 bytes).
    Removing stm32f4xx_rtc.o(i.RTC_AlarmStructInit), (22 bytes).
    Removing stm32f4xx_rtc.o(i.RTC_AlarmSubSecondConfig), (52 bytes).
    Removing stm32f4xx_rtc.o(i.RTC_Bcd2ToByte), (22 bytes).
    Removing stm32f4xx_rtc.o(i.RTC_BypassShadowCmd), (60 bytes).
    Removing stm32f4xx_rtc.o(i.RTC_ByteToBcd2), (28 bytes).
    Removing stm32f4xx_rtc.o(i.RTC_CalibOutputCmd), (60 bytes).
    Removing stm32f4xx_rtc.o(i.RTC_CalibOutputConfig), (48 bytes).
    Removing stm32f4xx_rtc.o(i.RTC_ClearFlag), (28 bytes).
    Removing stm32f4xx_rtc.o(i.RTC_ClearITPendingBit), (32 bytes).
    Removing stm32f4xx_rtc.o(i.RTC_CoarseCalibCmd), (80 bytes).
    Removing stm32f4xx_rtc.o(i.RTC_CoarseCalibConfig), (56 bytes).
    Removing stm32f4xx_rtc.o(i.RTC_DateStructInit), (14 bytes).
    Removing stm32f4xx_rtc.o(i.RTC_DayLightSavingConfig), (56 bytes).
    Removing stm32f4xx_rtc.o(i.RTC_DeInit), (192 bytes).
    Removing stm32f4xx_rtc.o(i.RTC_EnterInitMode), (80 bytes).
    Removing stm32f4xx_rtc.o(i.RTC_ExitInitMode), (20 bytes).
    Removing stm32f4xx_rtc.o(i.RTC_GetAlarm), (116 bytes).
    Removing stm32f4xx_rtc.o(i.RTC_GetAlarmSubSecond), (36 bytes).
    Removing stm32f4xx_rtc.o(i.RTC_GetDate), (76 bytes).
    Removing stm32f4xx_rtc.o(i.RTC_GetFlagStatus), (40 bytes).
    Removing stm32f4xx_rtc.o(i.RTC_GetITStatus), (64 bytes).
    Removing stm32f4xx_rtc.o(i.RTC_GetStoreOperation), (16 bytes).
    Removing stm32f4xx_rtc.o(i.RTC_GetSubSecond), (20 bytes).
    Removing stm32f4xx_rtc.o(i.RTC_GetTime), (80 bytes).
    Removing stm32f4xx_rtc.o(i.RTC_GetTimeStamp), (156 bytes).
    Removing stm32f4xx_rtc.o(i.RTC_GetTimeStampSubSecond), (12 bytes).
    Removing stm32f4xx_rtc.o(i.RTC_GetWakeUpCounter), (12 bytes).
    Removing stm32f4xx_rtc.o(i.RTC_ITConfig), (100 bytes).
    Removing stm32f4xx_rtc.o(i.RTC_Init), (100 bytes).
    Removing stm32f4xx_rtc.o(i.RTC_OutputConfig), (56 bytes).
    Removing stm32f4xx_rtc.o(i.RTC_OutputTypeConfig), (28 bytes).
    Removing stm32f4xx_rtc.o(i.RTC_ReadBackupRegister), (32 bytes).
    Removing stm32f4xx_rtc.o(i.RTC_RefClockCmd), (80 bytes).
    Removing stm32f4xx_rtc.o(i.RTC_SetAlarm), (236 bytes).
    Removing stm32f4xx_rtc.o(i.RTC_SetDate), (184 bytes).
    Removing stm32f4xx_rtc.o(i.RTC_SetTime), (192 bytes).
    Removing stm32f4xx_rtc.o(i.RTC_SetWakeUpCounter), (28 bytes).
    Removing stm32f4xx_rtc.o(i.RTC_SmoothCalibConfig), (96 bytes).
    Removing stm32f4xx_rtc.o(i.RTC_StructInit), (14 bytes).
    Removing stm32f4xx_rtc.o(i.RTC_SynchroShiftConfig), (124 bytes).
    Removing stm32f4xx_rtc.o(i.RTC_TamperCmd), (32 bytes).
    Removing stm32f4xx_rtc.o(i.RTC_TamperFilterConfig), (28 bytes).
    Removing stm32f4xx_rtc.o(i.RTC_TamperPinSelection), (28 bytes).
    Removing stm32f4xx_rtc.o(i.RTC_TamperPinsPrechargeDuration), (28 bytes).
    Removing stm32f4xx_rtc.o(i.RTC_TamperPullUpCmd), (36 bytes).
    Removing stm32f4xx_rtc.o(i.RTC_TamperSamplingFreqConfig), (28 bytes).
    Removing stm32f4xx_rtc.o(i.RTC_TamperTriggerConfig), (36 bytes).
    Removing stm32f4xx_rtc.o(i.RTC_TimeStampCmd), (56 bytes).
    Removing stm32f4xx_rtc.o(i.RTC_TimeStampOnTamperDetectionCmd), (36 bytes).
    Removing stm32f4xx_rtc.o(i.RTC_TimeStampPinSelection), (28 bytes).
    Removing stm32f4xx_rtc.o(i.RTC_TimeStructInit), (12 bytes).
    Removing stm32f4xx_rtc.o(i.RTC_WaitForSynchro), (96 bytes).
    Removing stm32f4xx_rtc.o(i.RTC_WakeUpClockConfig), (48 bytes).
    Removing stm32f4xx_rtc.o(i.RTC_WakeUpCmd), (120 bytes).
    Removing stm32f4xx_rtc.o(i.RTC_WriteBackupRegister), (28 bytes).
    Removing stm32f4xx_rtc.o(i.RTC_WriteProtectionCmd), (28 bytes).
    Removing stm32f4xx_sdio.o(.emb_text), (8 bytes).
    Removing stm32f4xx_sdio.o(i.SDIO_CEATAITCmd), (16 bytes).
    Removing stm32f4xx_sdio.o(i.SDIO_ClearFlag), (12 bytes).
    Removing stm32f4xx_sdio.o(i.SDIO_ClearITPendingBit), (12 bytes).
    Removing stm32f4xx_sdio.o(i.SDIO_ClockCmd), (12 bytes).
    Removing stm32f4xx_sdio.o(i.SDIO_CmdStructInit), (14 bytes).
    Removing stm32f4xx_sdio.o(i.SDIO_CommandCompletionCmd), (12 bytes).
    Removing stm32f4xx_sdio.o(i.SDIO_DMACmd), (12 bytes).
    Removing stm32f4xx_sdio.o(i.SDIO_DataConfig), (52 bytes).
    Removing stm32f4xx_sdio.o(i.SDIO_DataStructInit), (20 bytes).
    Removing stm32f4xx_sdio.o(i.SDIO_DeInit), (22 bytes).
    Removing stm32f4xx_sdio.o(i.SDIO_GetCommandResponse), (12 bytes).
    Removing stm32f4xx_sdio.o(i.SDIO_GetDataCounter), (12 bytes).
    Removing stm32f4xx_sdio.o(i.SDIO_GetFIFOCount), (12 bytes).
    Removing stm32f4xx_sdio.o(i.SDIO_GetFlagStatus), (24 bytes).
    Removing stm32f4xx_sdio.o(i.SDIO_GetITStatus), (24 bytes).
    Removing stm32f4xx_sdio.o(i.SDIO_GetPowerState), (16 bytes).
    Removing stm32f4xx_sdio.o(i.SDIO_GetResponse), (24 bytes).
    Removing stm32f4xx_sdio.o(i.SDIO_ITConfig), (32 bytes).
    Removing stm32f4xx_sdio.o(i.SDIO_Init), (48 bytes).
    Removing stm32f4xx_sdio.o(i.SDIO_ReadData), (12 bytes).
    Removing stm32f4xx_sdio.o(i.SDIO_SendCEATACmd), (12 bytes).
    Removing stm32f4xx_sdio.o(i.SDIO_SendCommand), (44 bytes).
    Removing stm32f4xx_sdio.o(i.SDIO_SendSDIOSuspendCmd), (12 bytes).
    Removing stm32f4xx_sdio.o(i.SDIO_SetPowerState), (12 bytes).
    Removing stm32f4xx_sdio.o(i.SDIO_SetSDIOOperation), (12 bytes).
    Removing stm32f4xx_sdio.o(i.SDIO_SetSDIOReadWaitMode), (12 bytes).
    Removing stm32f4xx_sdio.o(i.SDIO_StartSDIOReadWait), (12 bytes).
    Removing stm32f4xx_sdio.o(i.SDIO_StopSDIOReadWait), (12 bytes).
    Removing stm32f4xx_sdio.o(i.SDIO_StructInit), (16 bytes).
    Removing stm32f4xx_sdio.o(i.SDIO_WriteData), (12 bytes).
    Removing stm32f4xx_spi.o(.emb_text), (8 bytes).
    Removing stm32f4xx_spi.o(i.I2S_Cmd), (24 bytes).
    Removing stm32f4xx_spi.o(i.I2S_FullDuplexConfig), (80 bytes).
    Removing stm32f4xx_spi.o(i.I2S_Init), (360 bytes).
    Removing stm32f4xx_spi.o(i.I2S_StructInit), (20 bytes).
    Removing stm32f4xx_spi.o(i.SPI_BiDirectionalLineConfig), (28 bytes).
    Removing stm32f4xx_spi.o(i.SPI_DataSizeConfig), (18 bytes).
    Removing stm32f4xx_spi.o(i.SPI_GetCRC), (16 bytes).
    Removing stm32f4xx_spi.o(i.SPI_GetCRCPolynomial), (6 bytes).
    Removing stm32f4xx_spi.o(i.SPI_I2S_ClearFlag), (6 bytes).
    Removing stm32f4xx_spi.o(i.SPI_I2S_ClearITPendingBit), (20 bytes).
    Removing stm32f4xx_spi.o(i.SPI_I2S_DMACmd), (18 bytes).
    Removing stm32f4xx_spi.o(i.SPI_I2S_GetITStatus), (52 bytes).
    Removing stm32f4xx_spi.o(i.SPI_I2S_ITConfig), (32 bytes).
    Removing stm32f4xx_spi.o(i.SPI_NSSInternalSoftwareConfig), (30 bytes).
    Removing stm32f4xx_spi.o(i.SPI_SSOutputCmd), (24 bytes).
    Removing stm32f4xx_spi.o(i.SPI_StructInit), (24 bytes).
    Removing stm32f4xx_spi.o(i.SPI_TIModeCmd), (24 bytes).
    Removing stm32f4xx_spi.o(i.SPI_TransmitCRC), (10 bytes).
    Removing stm32f4xx_syscfg.o(.emb_text), (8 bytes).
    Removing stm32f4xx_syscfg.o(i.SYSCFG_CompensationCellCmd), (12 bytes).
    Removing stm32f4xx_syscfg.o(i.SYSCFG_DeInit), (22 bytes).
    Removing stm32f4xx_syscfg.o(i.SYSCFG_ETH_MediaInterfaceConfig), (12 bytes).
    Removing stm32f4xx_syscfg.o(i.SYSCFG_EXTILineConfig), (64 bytes).
    Removing stm32f4xx_syscfg.o(i.SYSCFG_GetCompensationCellStatus), (24 bytes).
    Removing stm32f4xx_syscfg.o(i.SYSCFG_MemoryRemapConfig), (12 bytes).
    Removing stm32f4xx_tim.o(.emb_text), (8 bytes).
    Removing stm32f4xx_tim.o(i.TI1_Config), (58 bytes).
    Removing stm32f4xx_tim.o(i.TI2_Config), (80 bytes).
    Removing stm32f4xx_tim.o(i.TI3_Config), (72 bytes).
    Removing stm32f4xx_tim.o(i.TI4_Config), (80 bytes).
    Removing stm32f4xx_tim.o(i.TIM_BDTRConfig), (32 bytes).
    Removing stm32f4xx_tim.o(i.TIM_BDTRStructInit), (18 bytes).
    Removing stm32f4xx_tim.o(i.TIM_CCPreloadControl), (24 bytes).
    Removing stm32f4xx_tim.o(i.TIM_CCxCmd), (30 bytes).
    Removing stm32f4xx_tim.o(i.TIM_CCxNCmd), (30 bytes).
    Removing stm32f4xx_tim.o(i.TIM_ClearFlag), (6 bytes).
    Removing stm32f4xx_tim.o(i.TIM_ClearITPendingBit), (6 bytes).
    Removing stm32f4xx_tim.o(i.TIM_ClearOC1Ref), (18 bytes).
    Removing stm32f4xx_tim.o(i.TIM_ClearOC2Ref), (24 bytes).
    Removing stm32f4xx_tim.o(i.TIM_ClearOC3Ref), (18 bytes).
    Removing stm32f4xx_tim.o(i.TIM_ClearOC4Ref), (24 bytes).
    Removing stm32f4xx_tim.o(i.TIM_CounterModeConfig), (18 bytes).
    Removing stm32f4xx_tim.o(i.TIM_DMACmd), (18 bytes).
    Removing stm32f4xx_tim.o(i.TIM_DMAConfig), (10 bytes).
    Removing stm32f4xx_tim.o(i.TIM_DeInit), (400 bytes).
    Removing stm32f4xx_tim.o(i.TIM_ETRClockMode1Config), (54 bytes).
    Removing stm32f4xx_tim.o(i.TIM_ETRClockMode2Config), (32 bytes).
    Removing stm32f4xx_tim.o(i.TIM_ETRConfig), (28 bytes).
    Removing stm32f4xx_tim.o(i.TIM_EncoderInterfaceConfig), (66 bytes).
    Removing stm32f4xx_tim.o(i.TIM_ForcedOC1Config), (18 bytes).
    Removing stm32f4xx_tim.o(i.TIM_ForcedOC2Config), (26 bytes).
    Removing stm32f4xx_tim.o(i.TIM_ForcedOC3Config), (18 bytes).
    Removing stm32f4xx_tim.o(i.TIM_ForcedOC4Config), (26 bytes).
    Removing stm32f4xx_tim.o(i.TIM_GenerateEvent), (4 bytes).
    Removing stm32f4xx_tim.o(i.TIM_GetCapture1), (6 bytes).
    Removing stm32f4xx_tim.o(i.TIM_GetCapture2), (6 bytes).
    Removing stm32f4xx_tim.o(i.TIM_GetCapture3), (6 bytes).
    Removing stm32f4xx_tim.o(i.TIM_GetCapture4), (6 bytes).
    Removing stm32f4xx_tim.o(i.TIM_GetCounter), (6 bytes).
    Removing stm32f4xx_tim.o(i.TIM_GetFlagStatus), (18 bytes).
    Removing stm32f4xx_tim.o(i.TIM_GetITStatus), (34 bytes).
    Removing stm32f4xx_tim.o(i.TIM_GetPrescaler), (6 bytes).
    Removing stm32f4xx_tim.o(i.TIM_ICInit), (110 bytes).
    Removing stm32f4xx_tim.o(i.TIM_ICStructInit), (18 bytes).
    Removing stm32f4xx_tim.o(i.TIM_ITConfig), (18 bytes).
    Removing stm32f4xx_tim.o(i.TIM_ITRxExternalClockConfig), (24 bytes).
    Removing stm32f4xx_tim.o(i.TIM_InternalClockConfig), (12 bytes).
    Removing stm32f4xx_tim.o(i.TIM_OC1FastConfig), (18 bytes).
    Removing stm32f4xx_tim.o(i.TIM_OC1NPolarityConfig), (18 bytes).
    Removing stm32f4xx_tim.o(i.TIM_OC1PolarityConfig), (18 bytes).
    Removing stm32f4xx_tim.o(i.TIM_OC2FastConfig), (26 bytes).
    Removing stm32f4xx_tim.o(i.TIM_OC2Init), (164 bytes).
    Removing stm32f4xx_tim.o(i.TIM_OC2NPolarityConfig), (26 bytes).
    Removing stm32f4xx_tim.o(i.TIM_OC2PolarityConfig), (26 bytes).
    Removing stm32f4xx_tim.o(i.TIM_OC2PreloadConfig), (26 bytes).
    Removing stm32f4xx_tim.o(i.TIM_OC3FastConfig), (18 bytes).
    Removing stm32f4xx_tim.o(i.TIM_OC3Init), (160 bytes).
    Removing stm32f4xx_tim.o(i.TIM_OC3NPolarityConfig), (26 bytes).
    Removing stm32f4xx_tim.o(i.TIM_OC3PolarityConfig), (26 bytes).
    Removing stm32f4xx_tim.o(i.TIM_OC3PreloadConfig), (18 bytes).
    Removing stm32f4xx_tim.o(i.TIM_OC4FastConfig), (26 bytes).
    Removing stm32f4xx_tim.o(i.TIM_OC4Init), (120 bytes).
    Removing stm32f4xx_tim.o(i.TIM_OC4PolarityConfig), (26 bytes).
    Removing stm32f4xx_tim.o(i.TIM_OC4PreloadConfig), (26 bytes).
    Removing stm32f4xx_tim.o(i.TIM_OCStructInit), (20 bytes).
    Removing stm32f4xx_tim.o(i.TIM_PWMIConfig), (124 bytes).
    Removing stm32f4xx_tim.o(i.TIM_PrescalerConfig), (6 bytes).
    Removing stm32f4xx_tim.o(i.TIM_RemapConfig), (6 bytes).
    Removing stm32f4xx_tim.o(i.TIM_SelectCCDMA), (24 bytes).
    Removing stm32f4xx_tim.o(i.TIM_SelectCOM), (24 bytes).
    Removing stm32f4xx_tim.o(i.TIM_SelectHallSensor), (24 bytes).
    Removing stm32f4xx_tim.o(i.TIM_SelectInputTrigger), (18 bytes).
    Removing stm32f4xx_tim.o(i.TIM_SelectMasterSlaveMode), (18 bytes).
    Removing stm32f4xx_tim.o(i.TIM_SelectOCxM), (86 bytes).
    Removing stm32f4xx_tim.o(i.TIM_SelectOnePulseMode), (18 bytes).
    Removing stm32f4xx_tim.o(i.TIM_SelectOutputTrigger), (18 bytes).
    Removing stm32f4xx_tim.o(i.TIM_SelectSlaveMode), (18 bytes).
    Removing stm32f4xx_tim.o(i.TIM_SetAutoreload), (4 bytes).
    Removing stm32f4xx_tim.o(i.TIM_SetClockDivision), (18 bytes).
    Removing stm32f4xx_tim.o(i.TIM_SetCompare1), (4 bytes).
    Removing stm32f4xx_tim.o(i.TIM_SetCompare2), (4 bytes).
    Removing stm32f4xx_tim.o(i.TIM_SetCompare3), (4 bytes).
    Removing stm32f4xx_tim.o(i.TIM_SetCompare4), (4 bytes).
    Removing stm32f4xx_tim.o(i.TIM_SetCounter), (4 bytes).
    Removing stm32f4xx_tim.o(i.TIM_SetIC1Prescaler), (18 bytes).
    Removing stm32f4xx_tim.o(i.TIM_SetIC2Prescaler), (26 bytes).
    Removing stm32f4xx_tim.o(i.TIM_SetIC3Prescaler), (18 bytes).
    Removing stm32f4xx_tim.o(i.TIM_SetIC4Prescaler), (26 bytes).
    Removing stm32f4xx_tim.o(i.TIM_TIxExternalClockConfig), (62 bytes).
    Removing stm32f4xx_tim.o(i.TIM_TimeBaseStructInit), (18 bytes).
    Removing stm32f4xx_tim.o(i.TIM_UpdateDisableConfig), (24 bytes).
    Removing stm32f4xx_tim.o(i.TIM_UpdateRequestConfig), (24 bytes).
    Removing stm32f4xx_usart.o(.emb_text), (8 bytes).
    Removing stm32f4xx_usart.o(i.USART_ClearFlag), (18 bytes).
    Removing stm32f4xx_usart.o(i.USART_ClearITPendingBit), (30 bytes).
    Removing stm32f4xx_usart.o(i.USART_ClockInit), (32 bytes).
    Removing stm32f4xx_usart.o(i.USART_ClockStructInit), (12 bytes).
    Removing stm32f4xx_usart.o(i.USART_Cmd), (24 bytes).
    Removing stm32f4xx_usart.o(i.USART_DMACmd), (18 bytes).
    Removing stm32f4xx_usart.o(i.USART_DeInit), (180 bytes).
    Removing stm32f4xx_usart.o(i.USART_GetFlagStatus), (26 bytes).
    Removing stm32f4xx_usart.o(i.USART_GetITStatus), (84 bytes).
    Removing stm32f4xx_usart.o(i.USART_HalfDuplexCmd), (24 bytes).
    Removing stm32f4xx_usart.o(i.USART_ITConfig), (74 bytes).
    Removing stm32f4xx_usart.o(i.USART_Init), (212 bytes).
    Removing stm32f4xx_usart.o(i.USART_IrDACmd), (24 bytes).
    Removing stm32f4xx_usart.o(i.USART_IrDAConfig), (18 bytes).
    Removing stm32f4xx_usart.o(i.USART_LINBreakDetectLengthConfig), (18 bytes).
    Removing stm32f4xx_usart.o(i.USART_LINCmd), (24 bytes).
    Removing stm32f4xx_usart.o(i.USART_OneBitMethodCmd), (24 bytes).
    Removing stm32f4xx_usart.o(i.USART_OverSampling8Cmd), (22 bytes).
    Removing stm32f4xx_usart.o(i.USART_ReceiveData), (10 bytes).
    Removing stm32f4xx_usart.o(i.USART_ReceiverWakeUpCmd), (24 bytes).
    Removing stm32f4xx_usart.o(i.USART_SendBreak), (10 bytes).
    Removing stm32f4xx_usart.o(i.USART_SendData), (8 bytes).
    Removing stm32f4xx_usart.o(i.USART_SetAddress), (18 bytes).
    Removing stm32f4xx_usart.o(i.USART_SetGuardTime), (16 bytes).
    Removing stm32f4xx_usart.o(i.USART_SetPrescaler), (16 bytes).
    Removing stm32f4xx_usart.o(i.USART_SmartCardCmd), (24 bytes).
    Removing stm32f4xx_usart.o(i.USART_SmartCardNACKCmd), (24 bytes).
    Removing stm32f4xx_usart.o(i.USART_StructInit), (24 bytes).
    Removing stm32f4xx_usart.o(i.USART_WakeUpConfig), (18 bytes).
    Removing stm32f4xx_wwdg.o(.emb_text), (8 bytes).
    Removing stm32f4xx_wwdg.o(i.WWDG_ClearFlag), (12 bytes).
    Removing stm32f4xx_wwdg.o(i.WWDG_DeInit), (22 bytes).
    Removing stm32f4xx_wwdg.o(i.WWDG_Enable), (16 bytes).
    Removing stm32f4xx_wwdg.o(i.WWDG_EnableIT), (12 bytes).
    Removing stm32f4xx_wwdg.o(i.WWDG_GetFlagStatus), (20 bytes).
    Removing stm32f4xx_wwdg.o(i.WWDG_SetCounter), (16 bytes).
    Removing stm32f4xx_wwdg.o(i.WWDG_SetPrescaler), (24 bytes).
    Removing stm32f4xx_wwdg.o(i.WWDG_SetWindowValue), (40 bytes).
    Removing asciilib.o(i.getAsciiFromShort), (52 bytes).
    Removing asciilib.o(i.getDecimalFromShort), (272 bytes).
    Removing asciilib.o(.data), (16 bytes).
    Removing ili9325.o(.emb_text), (8 bytes).
    Removing ili9325.o(i.LCD_CharSize), (12 bytes).
    Removing ili9325.o(i.LCD_Cross), (172 bytes).
    Removing ili9325.o(i.LCD_Disp_Image), (80 bytes).
    Removing ili9325.o(i.LCD_DisplayOff), (12 bytes).
    Removing ili9325.o(i.LCD_DrawCircle), (172 bytes).
    Removing ili9325.o(i.LCD_DrawFullCircle), (220 bytes).
    Removing ili9325.o(i.LCD_DrawFullRect), (50 bytes).
    Removing ili9325.o(i.LCD_DrawFullSquare), (50 bytes).
    Removing ili9325.o(i.LCD_DrawLine), (120 bytes).
    Removing ili9325.o(i.LCD_DrawRect), (92 bytes).
    Removing ili9325.o(i.LCD_DrawSquare), (88 bytes).
    Removing ili9325.o(i.LCD_DrawUniLine), (274 bytes).
    Removing ili9325.o(i.LCD_GetColors), (68 bytes).
    Removing ili9325.o(i.LCD_GetType), (54 bytes).
    Removing ili9325.o(i.LCD_ReadRAM), (84 bytes).
    Removing ili9325.o(i.LCD_SetBackColor), (28 bytes).
    Removing ili9325.o(i.LCD_SetColors), (56 bytes).
    Removing ili9325.o(i.PutPixel), (64 bytes).
    Removing xpt2046.o(.emb_text), (8 bytes).
    Removing xpt2046.o(i.RD_AD), (120 bytes).
    Removing xpt2046.o(i.Read_X), (38 bytes).
    Removing xpt2046.o(i.Read_XPT2046), (504 bytes).
    Removing xpt2046.o(i.Read_Y), (38 bytes).
    Removing xpt2046.o(i.TouchPanel_Calibrate), (72 bytes).
    Removing xpt2046.o(i.WR_CMD), (52 bytes).
    Removing xpt2046.o(i.XPT2046_GetAdXY), (34 bytes).
    Removing xpt2046.o(i.XPT2046_Press), (8 bytes).
    Removing xpt2046.o(i.getDisplayPoint), (340 bytes).
    Removing xpt2046.o(i.read_IRQ), (20 bytes).
    Removing xpt2046.o(i.reset_CS), (20 bytes).
    Removing xpt2046.o(i.setCalibrationMatrix), (408 bytes).
    Removing xpt2046.o(.bss), (68 bytes).
    Removing xpt2046.o(.data), (20 bytes).
    Removing diskio.o(.emb_text), (8 bytes).
    Removing fattime.o(.emb_text), (8 bytes).
    Removing fattime.o(i.settime), (8 bytes).
    Removing ff.o(.emb_text), (8 bytes).
    Removing ff.o(i.dir_read), (188 bytes).
    Removing ff.o(i.dir_remove), (96 bytes).
    Removing ff.o(i.f_chdir), (92 bytes).
    Removing ff.o(i.f_chdrive), (24 bytes).
    Removing ff.o(i.f_chmod), (104 bytes).
    Removing ff.o(i.f_getcwd), (316 bytes).
    Removing ff.o(i.f_getfree), (260 bytes).
    Removing ff.o(i.f_lseek), (430 bytes).
    Removing ff.o(i.f_mkdir), (376 bytes).
    Removing ff.o(i.f_opendir), (120 bytes).
    Removing ff.o(i.f_read), (458 bytes).
    Removing ff.o(i.f_readdir), (96 bytes).
    Removing ff.o(i.f_rename), (296 bytes).
    Removing ff.o(i.f_stat), (68 bytes).
    Removing ff.o(i.f_truncate), (160 bytes).
    Removing ff.o(i.f_unlink), (196 bytes).
    Removing ff.o(i.f_utime), (108 bytes).
    Removing ff.o(i.f_write), (524 bytes).
    Removing ff.o(i.get_fileinfo), (296 bytes).
    Removing ff.o(i.pick_lfn), (116 bytes).
    Removing ccsbcs.o(.emb_text), (8 bytes).
    Removing dadd.o(.text), (334 bytes).
    Removing dmul.o(.text), (228 bytes).
    Removing ddiv.o(.text), (222 bytes).
    Removing dflti.o(.text), (34 bytes).
    Removing dfltui.o(.text), (26 bytes).
    Removing dfixui.o(.text), (50 bytes).
    Removing cdcmple.o(.text), (48 bytes).
    Removing depilogue.o(.text), (186 bytes).

687 unused section(s) (total 36996 bytes) removed from the image.

==============================================================================

Image Symbol Table

    Local Symbols

    Symbol Name                              Value     Ov Type        Size  Object(Section)

    ../clib/microlib/init/entry.s            0x00000000   Number         0  entry2.o ABSOLUTE
    ../clib/microlib/init/entry.s            0x00000000   Number         0  entry.o ABSOLUTE
    ../clib/microlib/init/entry.s            0x00000000   Number         0  entry8b.o ABSOLUTE
    ../clib/microlib/init/entry.s            0x00000000   Number         0  entry11b.o ABSOLUTE
    ../clib/microlib/init/entry.s            0x00000000   Number         0  entry11a.o ABSOLUTE
    ../clib/microlib/init/entry.s            0x00000000   Number         0  entry10a.o ABSOLUTE
    ../clib/microlib/init/entry.s            0x00000000   Number         0  entry9b.o ABSOLUTE
    ../clib/microlib/init/entry.s            0x00000000   Number         0  entry7b.o ABSOLUTE
    ../clib/microlib/init/entry.s            0x00000000   Number         0  entry9a.o ABSOLUTE
    ../clib/microlib/init/entry.s            0x00000000   Number         0  entry8a.o ABSOLUTE
    ../clib/microlib/init/entry.s            0x00000000   Number         0  entry7a.o ABSOLUTE
    ../clib/microlib/init/entry.s            0x00000000   Number         0  entry5.o ABSOLUTE
    ../clib/microlib/init/entry.s            0x00000000   Number         0  entry10b.o ABSOLUTE
    ../clib/microlib/longlong.c              0x00000000   Number         0  llsshr.o ABSOLUTE
    ../clib/microlib/longlong.c              0x00000000   Number         0  llushr.o ABSOLUTE
    ../clib/microlib/longlong.c              0x00000000   Number         0  llshl.o ABSOLUTE
    ../clib/microlib/string/memcpy.c         0x00000000   Number         0  memcpya.o ABSOLUTE
    ../clib/microlib/string/memcpy.c         0x00000000   Number         0  memcpyb.o ABSOLUTE
    ../clib/microlib/string/memset.c         0x00000000   Number         0  memseta.o ABSOLUTE
    ../clib/microlib/stubs.s                 0x00000000   Number         0  iusefp.o ABSOLUTE
    ../fplib/microlib/fpadd.c                0x00000000   Number         0  dadd.o ABSOLUTE
    ../fplib/microlib/fpdiv.c                0x00000000   Number         0  ddiv.o ABSOLUTE
    ../fplib/microlib/fpepilogue.c           0x00000000   Number         0  depilogue.o ABSOLUTE
    ../fplib/microlib/fpfix.c                0x00000000   Number         0  dfixui.o ABSOLUTE
    ../fplib/microlib/fpflt.c                0x00000000   Number         0  dfltui.o ABSOLUTE
    ../fplib/microlib/fpflt.c                0x00000000   Number         0  dflti.o ABSOLUTE
    ../fplib/microlib/fpmul.c                0x00000000   Number         0  dmul.o ABSOLUTE
    ..\FATFS\diskio.c                        0x00000000   Number         0  diskio.o ABSOLUTE
    ..\FATFS\fattime.c                       0x00000000   Number         0  fattime.o ABSOLUTE
    ..\FATFS\ff.c                            0x00000000   Number         0  ff.o ABSOLUTE
    ..\FATFS\option\ccsbcs.c                 0x00000000   Number         0  ccsbcs.o ABSOLUTE
    ..\LCD_Touch\AsciiLib.c                  0x00000000   Number         0  asciilib.o ABSOLUTE
    ..\LCD_Touch\ILI9325.c                   0x00000000   Number         0  ili9325.o ABSOLUTE
    ..\LCD_Touch\XPT2046.c                   0x00000000   Number         0  xpt2046.o ABSOLUTE
    ..\Libraries\CMSIS\Device\ST\STM32F4xx\Source\Templates\arm\startup_stm32f4xx.s 0x00000000   Number         0  startup_stm32f4xx.o ABSOLUTE
    ..\Libraries\STM32F4xx_StdPeriph_Driver\src\misc.c 0x00000000   Number         0  misc.o ABSOLUTE
    ..\Libraries\STM32F4xx_StdPeriph_Driver\src\stm32f4xx_adc.c 0x00000000   Number         0  stm32f4xx_adc.o ABSOLUTE
    ..\Libraries\STM32F4xx_StdPeriph_Driver\src\stm32f4xx_can.c 0x00000000   Number         0  stm32f4xx_can.o ABSOLUTE
    ..\Libraries\STM32F4xx_StdPeriph_Driver\src\stm32f4xx_crc.c 0x00000000   Number         0  stm32f4xx_crc.o ABSOLUTE
    ..\Libraries\STM32F4xx_StdPeriph_Driver\src\stm32f4xx_cryp.c 0x00000000   Number         0  stm32f4xx_cryp.o ABSOLUTE
    ..\Libraries\STM32F4xx_StdPeriph_Driver\src\stm32f4xx_cryp_aes.c 0x00000000   Number         0  stm32f4xx_cryp_aes.o ABSOLUTE
    ..\Libraries\STM32F4xx_StdPeriph_Driver\src\stm32f4xx_cryp_des.c 0x00000000   Number         0  stm32f4xx_cryp_des.o ABSOLUTE
    ..\Libraries\STM32F4xx_StdPeriph_Driver\src\stm32f4xx_cryp_tdes.c 0x00000000   Number         0  stm32f4xx_cryp_tdes.o ABSOLUTE
    ..\Libraries\STM32F4xx_StdPeriph_Driver\src\stm32f4xx_dac.c 0x00000000   Number         0  stm32f4xx_dac.o ABSOLUTE
    ..\Libraries\STM32F4xx_StdPeriph_Driver\src\stm32f4xx_dbgmcu.c 0x00000000   Number         0  stm32f4xx_dbgmcu.o ABSOLUTE
    ..\Libraries\STM32F4xx_StdPeriph_Driver\src\stm32f4xx_dcmi.c 0x00000000   Number         0  stm32f4xx_dcmi.o ABSOLUTE
    ..\Libraries\STM32F4xx_StdPeriph_Driver\src\stm32f4xx_dma.c 0x00000000   Number         0  stm32f4xx_dma.o ABSOLUTE
    ..\Libraries\STM32F4xx_StdPeriph_Driver\src\stm32f4xx_exti.c 0x00000000   Number         0  stm32f4xx_exti.o ABSOLUTE
    ..\Libraries\STM32F4xx_StdPeriph_Driver\src\stm32f4xx_flash.c 0x00000000   Number         0  stm32f4xx_flash.o ABSOLUTE
    ..\Libraries\STM32F4xx_StdPeriph_Driver\src\stm32f4xx_fsmc.c 0x00000000   Number         0  stm32f4xx_fsmc.o ABSOLUTE
    ..\Libraries\STM32F4xx_StdPeriph_Driver\src\stm32f4xx_gpio.c 0x00000000   Number         0  stm32f4xx_gpio.o ABSOLUTE
    ..\Libraries\STM32F4xx_StdPeriph_Driver\src\stm32f4xx_hash.c 0x00000000   Number         0  stm32f4xx_hash.o ABSOLUTE
    ..\Libraries\STM32F4xx_StdPeriph_Driver\src\stm32f4xx_hash_md5.c 0x00000000   Number         0  stm32f4xx_hash_md5.o ABSOLUTE
    ..\Libraries\STM32F4xx_StdPeriph_Driver\src\stm32f4xx_hash_sha1.c 0x00000000   Number         0  stm32f4xx_hash_sha1.o ABSOLUTE
    ..\Libraries\STM32F4xx_StdPeriph_Driver\src\stm32f4xx_i2c.c 0x00000000   Number         0  stm32f4xx_i2c.o ABSOLUTE
    ..\Libraries\STM32F4xx_StdPeriph_Driver\src\stm32f4xx_iwdg.c 0x00000000   Number         0  stm32f4xx_iwdg.o ABSOLUTE
    ..\Libraries\STM32F4xx_StdPeriph_Driver\src\stm32f4xx_pwr.c 0x00000000   Number         0  stm32f4xx_pwr.o ABSOLUTE
    ..\Libraries\STM32F4xx_StdPeriph_Driver\src\stm32f4xx_rcc.c 0x00000000   Number         0  stm32f4xx_rcc.o ABSOLUTE
    ..\Libraries\STM32F4xx_StdPeriph_Driver\src\stm32f4xx_rng.c 0x00000000   Number         0  stm32f4xx_rng.o ABSOLUTE
    ..\Libraries\STM32F4xx_StdPeriph_Driver\src\stm32f4xx_rtc.c 0x00000000   Number         0  stm32f4xx_rtc.o ABSOLUTE
    ..\Libraries\STM32F4xx_StdPeriph_Driver\src\stm32f4xx_sdio.c 0x00000000   Number         0  stm32f4xx_sdio.o ABSOLUTE
    ..\Libraries\STM32F4xx_StdPeriph_Driver\src\stm32f4xx_spi.c 0x00000000   Number         0  stm32f4xx_spi.o ABSOLUTE
    ..\Libraries\STM32F4xx_StdPeriph_Driver\src\stm32f4xx_syscfg.c 0x00000000   Number         0  stm32f4xx_syscfg.o ABSOLUTE
    ..\Libraries\STM32F4xx_StdPeriph_Driver\src\stm32f4xx_tim.c 0x00000000   Number         0  stm32f4xx_tim.o ABSOLUTE
    ..\Libraries\STM32F4xx_StdPeriph_Driver\src\stm32f4xx_usart.c 0x00000000   Number         0  stm32f4xx_usart.o ABSOLUTE
    ..\Libraries\STM32F4xx_StdPeriph_Driver\src\stm32f4xx_wwdg.c 0x00000000   Number         0  stm32f4xx_wwdg.o ABSOLUTE
    ..\\FATFS\\diskio.c                      0x00000000   Number         0  diskio.o ABSOLUTE
    ..\\FATFS\\fattime.c                     0x00000000   Number         0  fattime.o ABSOLUTE
    ..\\FATFS\\ff.c                          0x00000000   Number         0  ff.o ABSOLUTE
    ..\\FATFS\\option\\ccsbcs.c              0x00000000   Number         0  ccsbcs.o ABSOLUTE
    ..\\LCD_Touch\\ILI9325.c                 0x00000000   Number         0  ili9325.o ABSOLUTE
    ..\\LCD_Touch\\XPT2046.c                 0x00000000   Number         0  xpt2046.o ABSOLUTE
    ..\\Libraries\\STM32F4xx_StdPeriph_Driver\\src\\misc.c 0x00000000   Number         0  misc.o ABSOLUTE
    ..\\Libraries\\STM32F4xx_StdPeriph_Driver\\src\\stm32f4xx_adc.c 0x00000000   Number         0  stm32f4xx_adc.o ABSOLUTE
    ..\\Libraries\\STM32F4xx_StdPeriph_Driver\\src\\stm32f4xx_can.c 0x00000000   Number         0  stm32f4xx_can.o ABSOLUTE
    ..\\Libraries\\STM32F4xx_StdPeriph_Driver\\src\\stm32f4xx_crc.c 0x00000000   Number         0  stm32f4xx_crc.o ABSOLUTE
    ..\\Libraries\\STM32F4xx_StdPeriph_Driver\\src\\stm32f4xx_cryp.c 0x00000000   Number         0  stm32f4xx_cryp.o ABSOLUTE
    ..\\Libraries\\STM32F4xx_StdPeriph_Driver\\src\\stm32f4xx_cryp_aes.c 0x00000000   Number         0  stm32f4xx_cryp_aes.o ABSOLUTE
    ..\\Libraries\\STM32F4xx_StdPeriph_Driver\\src\\stm32f4xx_cryp_des.c 0x00000000   Number         0  stm32f4xx_cryp_des.o ABSOLUTE
    ..\\Libraries\\STM32F4xx_StdPeriph_Driver\\src\\stm32f4xx_cryp_tdes.c 0x00000000   Number         0  stm32f4xx_cryp_tdes.o ABSOLUTE
    ..\\Libraries\\STM32F4xx_StdPeriph_Driver\\src\\stm32f4xx_dac.c 0x00000000   Number         0  stm32f4xx_dac.o ABSOLUTE
    ..\\Libraries\\STM32F4xx_StdPeriph_Driver\\src\\stm32f4xx_dbgmcu.c 0x00000000   Number         0  stm32f4xx_dbgmcu.o ABSOLUTE
    ..\\Libraries\\STM32F4xx_StdPeriph_Driver\\src\\stm32f4xx_dcmi.c 0x00000000   Number         0  stm32f4xx_dcmi.o ABSOLUTE
    ..\\Libraries\\STM32F4xx_StdPeriph_Driver\\src\\stm32f4xx_dma.c 0x00000000   Number         0  stm32f4xx_dma.o ABSOLUTE
    ..\\Libraries\\STM32F4xx_StdPeriph_Driver\\src\\stm32f4xx_exti.c 0x00000000   Number         0  stm32f4xx_exti.o ABSOLUTE
    ..\\Libraries\\STM32F4xx_StdPeriph_Driver\\src\\stm32f4xx_flash.c 0x00000000   Number         0  stm32f4xx_flash.o ABSOLUTE
    ..\\Libraries\\STM32F4xx_StdPeriph_Driver\\src\\stm32f4xx_fsmc.c 0x00000000   Number         0  stm32f4xx_fsmc.o ABSOLUTE
    ..\\Libraries\\STM32F4xx_StdPeriph_Driver\\src\\stm32f4xx_gpio.c 0x00000000   Number         0  stm32f4xx_gpio.o ABSOLUTE
    ..\\Libraries\\STM32F4xx_StdPeriph_Driver\\src\\stm32f4xx_hash.c 0x00000000   Number         0  stm32f4xx_hash.o ABSOLUTE
    ..\\Libraries\\STM32F4xx_StdPeriph_Driver\\src\\stm32f4xx_hash_md5.c 0x00000000   Number         0  stm32f4xx_hash_md5.o ABSOLUTE
    ..\\Libraries\\STM32F4xx_StdPeriph_Driver\\src\\stm32f4xx_hash_sha1.c 0x00000000   Number         0  stm32f4xx_hash_sha1.o ABSOLUTE
    ..\\Libraries\\STM32F4xx_StdPeriph_Driver\\src\\stm32f4xx_i2c.c 0x00000000   Number         0  stm32f4xx_i2c.o ABSOLUTE
    ..\\Libraries\\STM32F4xx_StdPeriph_Driver\\src\\stm32f4xx_iwdg.c 0x00000000   Number         0  stm32f4xx_iwdg.o ABSOLUTE
    ..\\Libraries\\STM32F4xx_StdPeriph_Driver\\src\\stm32f4xx_pwr.c 0x00000000   Number         0  stm32f4xx_pwr.o ABSOLUTE
    ..\\Libraries\\STM32F4xx_StdPeriph_Driver\\src\\stm32f4xx_rcc.c 0x00000000   Number         0  stm32f4xx_rcc.o ABSOLUTE
    ..\\Libraries\\STM32F4xx_StdPeriph_Driver\\src\\stm32f4xx_rng.c 0x00000000   Number         0  stm32f4xx_rng.o ABSOLUTE
    ..\\Libraries\\STM32F4xx_StdPeriph_Driver\\src\\stm32f4xx_rtc.c 0x00000000   Number         0  stm32f4xx_rtc.o ABSOLUTE
    ..\\Libraries\\STM32F4xx_StdPeriph_Driver\\src\\stm32f4xx_sdio.c 0x00000000   Number         0  stm32f4xx_sdio.o ABSOLUTE
    ..\\Libraries\\STM32F4xx_StdPeriph_Driver\\src\\stm32f4xx_spi.c 0x00000000   Number         0  stm32f4xx_spi.o ABSOLUTE
    ..\\Libraries\\STM32F4xx_StdPeriph_Driver\\src\\stm32f4xx_syscfg.c 0x00000000   Number         0  stm32f4xx_syscfg.o ABSOLUTE
    ..\\Libraries\\STM32F4xx_StdPeriph_Driver\\src\\stm32f4xx_tim.c 0x00000000   Number         0  stm32f4xx_tim.o ABSOLUTE
    ..\\Libraries\\STM32F4xx_StdPeriph_Driver\\src\\stm32f4xx_usart.c 0x00000000   Number         0  stm32f4xx_usart.o ABSOLUTE
    ..\\Libraries\\STM32F4xx_StdPeriph_Driver\\src\\stm32f4xx_wwdg.c 0x00000000   Number         0  stm32f4xx_wwdg.o ABSOLUTE
    ..\\main.c                               0x00000000   Number         0  main.o ABSOLUTE
    ..\\my_stm32f4_discovery.c               0x00000000   Number         0  my_stm32f4_discovery.o ABSOLUTE
    ..\\stm32f4xx_it.c                       0x00000000   Number         0  stm32f4xx_it.o ABSOLUTE
    ..\\system_stm32f4xx.c                   0x00000000   Number         0  system_stm32f4xx.o ABSOLUTE
    ..\main.c                                0x00000000   Number         0  main.o ABSOLUTE
    ..\my_stm32f4_discovery.c                0x00000000   Number         0  my_stm32f4_discovery.o ABSOLUTE
    ..\stm32f4xx_it.c                        0x00000000   Number         0  stm32f4xx_it.o ABSOLUTE
    ..\system_stm32f4xx.c                    0x00000000   Number         0  system_stm32f4xx.o ABSOLUTE
    cdcmple.s                                0x00000000   Number         0  cdcmple.o ABSOLUTE
    dc.s                                     0x00000000   Number         0  dc.o ABSOLUTE
    handlers.s                               0x00000000   Number         0  handlers.o ABSOLUTE
    init.s                                   0x00000000   Number         0  init.o ABSOLUTE
    RESET                                    0x08000000   Section      392  startup_stm32f4xx.o(RESET)
    .ARM.Collect$$$$00000000                 0x08000188   Section        0  entry.o(.ARM.Collect$$$$00000000)
    .ARM.Collect$$$$00000001                 0x08000188   Section        4  entry2.o(.ARM.Collect$$$$00000001)
    .ARM.Collect$$$$00000004                 0x0800018c   Section        4  entry5.o(.ARM.Collect$$$$00000004)
    .ARM.Collect$$$$00000008                 0x08000190   Section        0  entry7b.o(.ARM.Collect$$$$00000008)
    .ARM.Collect$$$$0000000A                 0x08000190   Section        0  entry8b.o(.ARM.Collect$$$$0000000A)
    .ARM.Collect$$$$0000000B                 0x08000190   Section        8  entry9a.o(.ARM.Collect$$$$0000000B)
    .ARM.Collect$$$$0000000D                 0x08000198   Section        0  entry10a.o(.ARM.Collect$$$$0000000D)
    .ARM.Collect$$$$0000000F                 0x08000198   Section        0  entry11a.o(.ARM.Collect$$$$0000000F)
    .ARM.Collect$$$$00002712                 0x08000198   Section        4  entry2.o(.ARM.Collect$$$$00002712)
    __lit__00000000                          0x08000198   Data           4  entry2.o(.ARM.Collect$$$$00002712)
    .text                                    0x0800019c   Section       36  startup_stm32f4xx.o(.text)
    $v0                                      0x0800019c   Number         0  startup_stm32f4xx.o(.text)
    .text                                    0x080001c0   Section        0  memcpya.o(.text)
    .text                                    0x080001e4   Section       36  init.o(.text)
    i.BusFault_Handler                       0x08000208   Section        0  stm32f4xx_it.o(i.BusFault_Handler)
    i.DebugMon_Handler                       0x0800020c   Section        0  stm32f4xx_it.o(i.DebugMon_Handler)
    i.Delay_ms                               0x08000210   Section        0  ili9325.o(i.Delay_ms)
    i.FSMC_NORSRAMCmd                        0x08000254   Section        0  stm32f4xx_fsmc.o(i.FSMC_NORSRAMCmd)
    i.FSMC_NORSRAMInit                       0x08000288   Section        0  stm32f4xx_fsmc.o(i.FSMC_NORSRAMInit)
    i.GPIO_Init                              0x0800036e   Section        0  stm32f4xx_gpio.o(i.GPIO_Init)
    i.GPIO_PinAFConfig                       0x080003fe   Section        0  stm32f4xx_gpio.o(i.GPIO_PinAFConfig)
    i.GPIO_ResetBits                         0x08000444   Section        0  stm32f4xx_gpio.o(i.GPIO_ResetBits)
    i.GPIO_SetBits                           0x08000448   Section        0  stm32f4xx_gpio.o(i.GPIO_SetBits)
    i.GetASCIICode1                          0x0800044c   Section        0  asciilib.o(i.GetASCIICode1)
    i.GetASCIICode2                          0x08000464   Section        0  asciilib.o(i.GetASCIICode2)
    i.GetASCIICode3                          0x08000484   Section        0  asciilib.o(i.GetASCIICode3)
    i.GetASCIICode4                          0x080004a8   Section        0  asciilib.o(i.GetASCIICode4)
    i.GetASCIICode5                          0x080004c8   Section        0  asciilib.o(i.GetASCIICode5)
    i.HardFault_Handler                      0x080004ec   Section        0  stm32f4xx_it.o(i.HardFault_Handler)
    i.LCD_Clear                              0x080004f0   Section        0  ili9325.o(i.LCD_Clear)
    i.LCD_CtrlLinesConfig                    0x0800052c   Section        0  ili9325.o(i.LCD_CtrlLinesConfig)
    i.LCD_DisplayOn                          0x0800062c   Section        0  ili9325.o(i.LCD_DisplayOn)
    i.LCD_FSMCConfig                         0x0800063a   Section        0  ili9325.o(i.LCD_FSMCConfig)
    i.LCD_Init                               0x080006c0   Section        0  ili9325.o(i.LCD_Init)
    i.LCD_PutChar                            0x080008e0   Section        0  ili9325.o(i.LCD_PutChar)
    i.LCD_ReadReg                            0x08000b64   Section        0  ili9325.o(i.LCD_ReadReg)
    i.LCD_SetBackLight                       0x08000b90   Section        0  ili9325.o(i.LCD_SetBackLight)
    i.LCD_SetCursor                          0x08000c50   Section        0  ili9325.o(i.LCD_SetCursor)
    i.LCD_SetTextColor                       0x08000c68   Section        0  ili9325.o(i.LCD_SetTextColor)
    i.LCD_StringLine                         0x08000c84   Section        0  ili9325.o(i.LCD_StringLine)
    i.LCD_WriteRAM                           0x08000ce8   Section        0  ili9325.o(i.LCD_WriteRAM)
    i.LCD_WriteRAM_Prepare                   0x08000d04   Section        0  ili9325.o(i.LCD_WriteRAM_Prepare)
    i.LCD_WriteReg                           0x08000d14   Section        0  ili9325.o(i.LCD_WriteReg)
    i.MemManage_Handler                      0x08000d34   Section        0  stm32f4xx_it.o(i.MemManage_Handler)
    i.NMI_Handler                            0x08000d38   Section        0  stm32f4xx_it.o(i.NMI_Handler)
    i.PendSV_Handler                         0x08000d3a   Section        0  stm32f4xx_it.o(i.PendSV_Handler)
    i.Pixel                                  0x08000d3c   Section        0  ili9325.o(i.Pixel)
    i.RCC_AHB1PeriphClockCmd                 0x08000d74   Section        0  stm32f4xx_rcc.o(i.RCC_AHB1PeriphClockCmd)
    i.RCC_AHB3PeriphClockCmd                 0x08000d94   Section        0  stm32f4xx_rcc.o(i.RCC_AHB3PeriphClockCmd)
    i.RCC_APB1PeriphClockCmd                 0x08000db4   Section        0  stm32f4xx_rcc.o(i.RCC_APB1PeriphClockCmd)
    i.RCC_APB1PeriphResetCmd                 0x08000dd4   Section        0  stm32f4xx_rcc.o(i.RCC_APB1PeriphResetCmd)
    i.RCC_APB2PeriphClockCmd                 0x08000df4   Section        0  stm32f4xx_rcc.o(i.RCC_APB2PeriphClockCmd)
    i.RCC_APB2PeriphResetCmd                 0x08000e14   Section        0  stm32f4xx_rcc.o(i.RCC_APB2PeriphResetCmd)
    i.SPI_CalculateCRC                       0x08000e34   Section        0  stm32f4xx_spi.o(i.SPI_CalculateCRC)
    i.SPI_Cmd                                0x08000e4c   Section        0  stm32f4xx_spi.o(i.SPI_Cmd)
    i.SPI_I2S_DeInit                         0x08000e64   Section        0  stm32f4xx_spi.o(i.SPI_I2S_DeInit)
    i.SPI_I2S_GetFlagStatus                  0x08000ebc   Section        0  stm32f4xx_spi.o(i.SPI_I2S_GetFlagStatus)
    i.SPI_I2S_ReceiveData                    0x08000ece   Section        0  stm32f4xx_spi.o(i.SPI_I2S_ReceiveData)
    i.SPI_I2S_SendData                       0x08000ed4   Section        0  stm32f4xx_spi.o(i.SPI_I2S_SendData)
    i.SPI_Init                               0x08000ed8   Section        0  stm32f4xx_spi.o(i.SPI_Init)
    i.STM_EVAL_LEDInit                       0x08000f14   Section        0  my_stm32f4_discovery.o(i.STM_EVAL_LEDInit)
    i.SVC_Handler                            0x08000f60   Section        0  stm32f4xx_it.o(i.SVC_Handler)
    i.SetSysClock                            0x08000f64   Section        0  system_stm32f4xx.o(i.SetSysClock)
    SetSysClock                              0x08000f65   Thumb Code   220  system_stm32f4xx.o(i.SetSysClock)
    i.SystemInit                             0x08001050   Section        0  system_stm32f4xx.o(i.SystemInit)
    i.TIM_ARRPreloadConfig                   0x080010b8   Section        0  stm32f4xx_tim.o(i.TIM_ARRPreloadConfig)
    i.TIM_Cmd                                0x080010d0   Section        0  stm32f4xx_tim.o(i.TIM_Cmd)
    i.TIM_CtrlPWMOutputs                     0x080010e8   Section        0  stm32f4xx_tim.o(i.TIM_CtrlPWMOutputs)
    i.TIM_OC1Init                            0x08001108   Section        0  stm32f4xx_tim.o(i.TIM_OC1Init)
    i.TIM_OC1PreloadConfig                   0x08001184   Section        0  stm32f4xx_tim.o(i.TIM_OC1PreloadConfig)
    i.TIM_TimeBaseInit                       0x08001198   Section        0  stm32f4xx_tim.o(i.TIM_TimeBaseInit)
    i.UsageFault_Handler                     0x0800121c   Section        0  stm32f4xx_it.o(i.UsageFault_Handler)
    i.XPT2046_Init                           0x08001220   Section        0  xpt2046.o(i.XPT2046_Init)
    i.__scatterload_copy                     0x08001320   Section       14  handlers.o(i.__scatterload_copy)
    i.__scatterload_null                     0x0800132e   Section        2  handlers.o(i.__scatterload_null)
    i.__scatterload_zeroinit                 0x08001330   Section       14  handlers.o(i.__scatterload_zeroinit)
    i.check_fs                               0x08001340   Section        0  ff.o(i.check_fs)
    check_fs                                 0x08001341   Thumb Code   138  ff.o(i.check_fs)
    i.chk_chr                                0x080013d0   Section        0  ff.o(i.chk_chr)
    chk_chr                                  0x080013d1   Thumb Code    20  ff.o(i.chk_chr)
    i.chk_mounted                            0x080013e4   Section        0  ff.o(i.chk_mounted)
    chk_mounted                              0x080013e5   Thumb Code   908  ff.o(i.chk_mounted)
    i.clust2sect                             0x08001784   Section        0  ff.o(i.clust2sect)
    i.cmp_lfn                                0x080017a0   Section        0  ff.o(i.cmp_lfn)
    cmp_lfn                                  0x080017a1   Thumb Code   138  ff.o(i.cmp_lfn)
    i.create_chain                           0x08001830   Section        0  ff.o(i.create_chain)
    create_chain                             0x08001831   Thumb Code   202  ff.o(i.create_chain)
    i.create_name                            0x080018fc   Section        0  ff.o(i.create_name)
    create_name                              0x080018fd   Thumb Code   638  ff.o(i.create_name)
    i.deselect                               0x08001b94   Section        0  diskio.o(i.deselect)
    deselect                                 0x08001b95   Thumb Code    16  diskio.o(i.deselect)
    i.dir_find                               0x08001ba8   Section        0  ff.o(i.dir_find)
    dir_find                                 0x08001ba9   Thumb Code   222  ff.o(i.dir_find)
    i.dir_next                               0x08001c86   Section        0  ff.o(i.dir_next)
    dir_next                                 0x08001c87   Thumb Code   280  ff.o(i.dir_next)
    i.dir_register                           0x08001d9e   Section        0  ff.o(i.dir_register)
    dir_register                             0x08001d9f   Thumb Code   408  ff.o(i.dir_register)
    i.dir_sdi                                0x08001f36   Section        0  ff.o(i.dir_sdi)
    dir_sdi                                  0x08001f37   Thumb Code   156  ff.o(i.dir_sdi)
    i.disk_initialize                        0x08001fd4   Section        0  diskio.o(i.disk_initialize)
    i.disk_ioctl                             0x08002104   Section        0  diskio.o(i.disk_ioctl)
    i.disk_read                              0x080021e4   Section        0  diskio.o(i.disk_read)
    i.disk_status                            0x08002274   Section        0  diskio.o(i.disk_status)
    i.disk_write                             0x080022a8   Section        0  diskio.o(i.disk_write)
    i.f_close                                0x0800234c   Section        0  ff.o(i.f_close)
    i.f_mount                                0x08002364   Section        0  ff.o(i.f_mount)
    i.f_open                                 0x08002390   Section        0  ff.o(i.f_open)
    i.f_sync                                 0x080024f8   Section        0  ff.o(i.f_sync)
    i.ff_convert                             0x080025a8   Section        0  ccsbcs.o(i.ff_convert)
    i.ff_wtoupper                            0x080025f4   Section        0  ccsbcs.o(i.ff_wtoupper)
    i.fit_lfn                                0x0800262c   Section        0  ff.o(i.fit_lfn)
    fit_lfn                                  0x0800262d   Thumb Code   122  ff.o(i.fit_lfn)
    i.follow_path                            0x080026ac   Section        0  ff.o(i.follow_path)
    follow_path                              0x080026ad   Thumb Code   174  ff.o(i.follow_path)
    i.gen_numname                            0x0800275a   Section        0  ff.o(i.gen_numname)
    i.get_fat                                0x08002802   Section        0  ff.o(i.get_fat)
    i.get_fattime                            0x080028e6   Section        0  fattime.o(i.get_fattime)
    i.gettime                                0x08002922   Section        0  fattime.o(i.gettime)
    i.interface_speed                        0x08002948   Section        0  diskio.o(i.interface_speed)
    interface_speed                          0x08002949   Thumb Code    28  diskio.o(i.interface_speed)
    i.ld_clust                               0x08002968   Section        0  ff.o(i.ld_clust)
    ld_clust                                 0x08002969   Thumb Code    32  ff.o(i.ld_clust)
    i.main                                   0x08002988   Section        0  main.o(i.main)
    i.mem_cmp                                0x08002a94   Section        0  ff.o(i.mem_cmp)
    mem_cmp                                  0x08002a95   Thumb Code    38  ff.o(i.mem_cmp)
    i.mem_cpy                                0x08002aba   Section        0  ff.o(i.mem_cpy)
    mem_cpy                                  0x08002abb   Thumb Code    26  ff.o(i.mem_cpy)
    i.mem_set                                0x08002ad4   Section        0  ff.o(i.mem_set)
    mem_set                                  0x08002ad5   Thumb Code    20  ff.o(i.mem_set)
    i.move_window                            0x08002ae8   Section        0  ff.o(i.move_window)
    move_window                              0x08002ae9   Thumb Code   114  ff.o(i.move_window)
    i.power                                  0x08002b5c   Section        0  diskio.o(i.power)
    i.power_off                              0x08002c98   Section        0  diskio.o(i.power_off)
    power_off                                0x08002c99   Thumb Code    74  diskio.o(i.power_off)
    i.put_fat                                0x08002cec   Section        0  ff.o(i.put_fat)
    i.rcvr_datablock                         0x08002e22   Section        0  diskio.o(i.rcvr_datablock)
    rcvr_datablock                           0x08002e23   Thumb Code   100  diskio.o(i.rcvr_datablock)
    i.rcvr_spi                               0x08002e86   Section        0  diskio.o(i.rcvr_spi)
    rcvr_spi                                 0x08002e87   Thumb Code    10  diskio.o(i.rcvr_spi)
    i.release_spi                            0x08002e90   Section        0  diskio.o(i.release_spi)
    release_spi                              0x08002e91   Thumb Code    12  diskio.o(i.release_spi)
    i.remove_chain                           0x08002e9c   Section        0  ff.o(i.remove_chain)
    remove_chain                             0x08002e9d   Thumb Code   104  ff.o(i.remove_chain)
    i.select                                 0x08002f04   Section        0  diskio.o(i.select)
    select                                   0x08002f05   Thumb Code    32  diskio.o(i.select)
    i.send_cmd                               0x08002f28   Section        0  diskio.o(i.send_cmd)
    send_cmd                                 0x08002f29   Thumb Code   142  diskio.o(i.send_cmd)
    i.set_CS                                 0x08002fb8   Section        0  xpt2046.o(i.set_CS)
    set_CS                                   0x08002fb9   Thumb Code    14  xpt2046.o(i.set_CS)
    i.st_clust                               0x08002fcc   Section        0  ff.o(i.st_clust)
    st_clust                                 0x08002fcd   Thumb Code    16  ff.o(i.st_clust)
    i.stm32_spi_rw                           0x08002fdc   Section        0  diskio.o(i.stm32_spi_rw)
    stm32_spi_rw                             0x08002fdd   Thumb Code    36  diskio.o(i.stm32_spi_rw)
    i.sum_sfn                                0x08003004   Section        0  ff.o(i.sum_sfn)
    sum_sfn                                  0x08003005   Thumb Code    32  ff.o(i.sum_sfn)
    i.sync                                   0x08003024   Section        0  ff.o(i.sync)
    sync                                     0x08003025   Thumb Code   202  ff.o(i.sync)
    i.validate                               0x080030ee   Section        0  ff.o(i.validate)
    validate                                 0x080030ef   Thumb Code    52  ff.o(i.validate)
    i.wait_ready                             0x08003124   Section        0  diskio.o(i.wait_ready)
    wait_ready                               0x08003125   Thumb Code    36  diskio.o(i.wait_ready)
    i.xmit_datablock                         0x0800314c   Section        0  diskio.o(i.xmit_datablock)
    xmit_datablock                           0x0800314d   Thumb Code    92  diskio.o(i.xmit_datablock)
    .constdata                               0x080031a8   Section       24  my_stm32f4_discovery.o(.constdata)
    .constdata                               0x080031c0   Section    10260  asciilib.o(.constdata)
    ASCII8x16                                0x08004390   Data        1520  asciilib.o(.constdata)
    ASCII8x12                                0x08005268   Data        1140  asciilib.o(.constdata)
    ASCII8x8                                 0x080056dc   Data         760  asciilib.o(.constdata)
    .constdata                               0x080059d4   Section      141  ff.o(.constdata)
    LfnOfs                                   0x080059d4   Data          13  ff.o(.constdata)
    excvt                                    0x080059e1   Data         128  ff.o(.constdata)
    .constdata                               0x08005a62   Section     1216  ccsbcs.o(.constdata)
    Tbl                                      0x08005a62   Data         256  ccsbcs.o(.constdata)
    tbl_lower                                0x08005b62   Data         480  ccsbcs.o(.constdata)
    tbl_upper                                0x08005d42   Data         480  ccsbcs.o(.constdata)
    .data                                    0x20000000   Section        5  main.o(.data)
    TimingDelay                              0x20000000   Data           4  main.o(.data)
    fr                                       0x20000004   Data           1  main.o(.data)
    .data                                    0x20000008   Section       28  my_stm32f4_discovery.o(.data)
    .data                                    0x20000024   Section       20  system_stm32f4xx.o(.data)
    .data                                    0x20000038   Section       16  ili9325.o(.data)
    .data                                    0x20000048   Section        8  diskio.o(.data)
    Stat                                     0x20000048   Data           1  diskio.o(.data)
    CardType                                 0x20000049   Data           1  diskio.o(.data)
    i                                        0x2000004c   Data           4  diskio.o(.data)
    .data                                    0x20000050   Section        7  ff.o(.data)
    FatFs                                    0x20000050   Data           4  ff.o(.data)
    Fsid                                     0x20000054   Data           2  ff.o(.data)
    CurrVol                                  0x20000056   Data           1  ff.o(.data)
    .bss                                     0x20000058   Section     1180  main.o(.bss)
    fatfs                                    0x20000058   Data         564  main.o(.bss)
    fil                                      0x2000028c   Data         548  main.o(.bss)
    dir                                      0x200004b0   Data          36  main.o(.bss)
    fno                                      0x200004d4   Data          32  main.o(.bss)
    .bss                                     0x200004f4   Section      512  ff.o(.bss)
    LfnBuf                                   0x200004f4   Data         512  ff.o(.bss)
    STACK                                    0x200006f8   Section     1024  startup_stm32f4xx.o(STACK)

    Global Symbols

    Symbol Name                              Value     Ov Type        Size  Object(Section)

    BuildAttributes$$THM_ISAv4$E$P$D$K$B$S$7EM$VFPi3$EXTD16$VFPS$VFMA$PE$A:L22UL41UL21$X:L11$S22US41US21$IEEE1$IW$USESV6$~STKCKD$USESV7$~SHL$OSPACE$ROPI$EBA8$MICROLIB$REQ8$PRES8$EABIv2 0x00000000   Number         0  anon$$obj.o ABSOLUTE
    __ARM_use_no_argv                        0x00000000   Number         0  main.o ABSOLUTE
    __cpp_initialize__aeabi_                  - Undefined Weak Reference
    __cxa_finalize                            - Undefined Weak Reference
    __decompress                              - Undefined Weak Reference
    _clock_init                               - Undefined Weak Reference
    _microlib_exit                            - Undefined Weak Reference
    __Vectors_Size                           0x00000188   Number         0  startup_stm32f4xx.o ABSOLUTE
    __Vectors                                0x08000000   Data           4  startup_stm32f4xx.o(RESET)
    __Vectors_End                            0x08000188   Data           0  startup_stm32f4xx.o(RESET)
    __main                                   0x08000189   Thumb Code     0  entry.o(.ARM.Collect$$$$00000000)
    _main_stk                                0x08000189   Thumb Code     0  entry2.o(.ARM.Collect$$$$00000001)
    _main_scatterload                        0x0800018d   Thumb Code     0  entry5.o(.ARM.Collect$$$$00000004)
    __main_after_scatterload                 0x08000191   Thumb Code     0  entry5.o(.ARM.Collect$$$$00000004)
    _main_clock                              0x08000191   Thumb Code     0  entry7b.o(.ARM.Collect$$$$00000008)
    _main_cpp_init                           0x08000191   Thumb Code     0  entry8b.o(.ARM.Collect$$$$0000000A)
    _main_init                               0x08000191   Thumb Code     0  entry9a.o(.ARM.Collect$$$$0000000B)
    __rt_final_cpp                           0x08000199   Thumb Code     0  entry10a.o(.ARM.Collect$$$$0000000D)
    __rt_final_exit                          0x08000199   Thumb Code     0  entry11a.o(.ARM.Collect$$$$0000000F)
    Reset_Handler                            0x0800019d   Thumb Code     8  startup_stm32f4xx.o(.text)
    SysTick_Handler                          0x080001b5   Thumb Code     2  startup_stm32f4xx.o(.text)
    ADC_IRQHandler                           0x080001b7   Thumb Code     0  startup_stm32f4xx.o(.text)
    CAN1_RX0_IRQHandler                      0x080001b7   Thumb Code     0  startup_stm32f4xx.o(.text)
    CAN1_RX1_IRQHandler                      0x080001b7   Thumb Code     0  startup_stm32f4xx.o(.text)
    CAN1_SCE_IRQHandler                      0x080001b7   Thumb Code     0  startup_stm32f4xx.o(.text)
    CAN1_TX_IRQHandler                       0x080001b7   Thumb Code     0  startup_stm32f4xx.o(.text)
    CAN2_RX0_IRQHandler                      0x080001b7   Thumb Code     0  startup_stm32f4xx.o(.text)
    CAN2_RX1_IRQHandler                      0x080001b7   Thumb Code     0  startup_stm32f4xx.o(.text)
    CAN2_SCE_IRQHandler                      0x080001b7   Thumb Code     0  startup_stm32f4xx.o(.text)
    CAN2_TX_IRQHandler                       0x080001b7   Thumb Code     0  startup_stm32f4xx.o(.text)
    CRYP_IRQHandler                          0x080001b7   Thumb Code     0  startup_stm32f4xx.o(.text)
    DCMI_IRQHandler                          0x080001b7   Thumb Code     0  startup_stm32f4xx.o(.text)
    DMA1_Stream0_IRQHandler                  0x080001b7   Thumb Code     0  startup_stm32f4xx.o(.text)
    DMA1_Stream1_IRQHandler                  0x080001b7   Thumb Code     0  startup_stm32f4xx.o(.text)
    DMA1_Stream2_IRQHandler                  0x080001b7   Thumb Code     0  startup_stm32f4xx.o(.text)
    DMA1_Stream3_IRQHandler                  0x080001b7   Thumb Code     0  startup_stm32f4xx.o(.text)
    DMA1_Stream4_IRQHandler                  0x080001b7   Thumb Code     0  startup_stm32f4xx.o(.text)
    DMA1_Stream5_IRQHandler                  0x080001b7   Thumb Code     0  startup_stm32f4xx.o(.text)
    DMA1_Stream6_IRQHandler                  0x080001b7   Thumb Code     0  startup_stm32f4xx.o(.text)
    DMA1_Stream7_IRQHandler                  0x080001b7   Thumb Code     0  startup_stm32f4xx.o(.text)
    DMA2_Stream0_IRQHandler                  0x080001b7   Thumb Code     0  startup_stm32f4xx.o(.text)
    DMA2_Stream1_IRQHandler                  0x080001b7   Thumb Code     0  startup_stm32f4xx.o(.text)
    DMA2_Stream2_IRQHandler                  0x080001b7   Thumb Code     0  startup_stm32f4xx.o(.text)
    DMA2_Stream3_IRQHandler                  0x080001b7   Thumb Code     0  startup_stm32f4xx.o(.text)
    DMA2_Stream4_IRQHandler                  0x080001b7   Thumb Code     0  startup_stm32f4xx.o(.text)
    DMA2_Stream5_IRQHandler                  0x080001b7   Thumb Code     0  startup_stm32f4xx.o(.text)
    DMA2_Stream6_IRQHandler                  0x080001b7   Thumb Code     0  startup_stm32f4xx.o(.text)
    DMA2_Stream7_IRQHandler                  0x080001b7   Thumb Code     0  startup_stm32f4xx.o(.text)
    ETH_IRQHandler                           0x080001b7   Thumb Code     0  startup_stm32f4xx.o(.text)
    ETH_WKUP_IRQHandler                      0x080001b7   Thumb Code     0  startup_stm32f4xx.o(.text)
    EXTI0_IRQHandler                         0x080001b7   Thumb Code     0  startup_stm32f4xx.o(.text)
    EXTI15_10_IRQHandler                     0x080001b7   Thumb Code     0  startup_stm32f4xx.o(.text)
    EXTI1_IRQHandler                         0x080001b7   Thumb Code     0  startup_stm32f4xx.o(.text)
    EXTI2_IRQHandler                         0x080001b7   Thumb Code     0  startup_stm32f4xx.o(.text)
    EXTI3_IRQHandler                         0x080001b7   Thumb Code     0  startup_stm32f4xx.o(.text)
    EXTI4_IRQHandler                         0x080001b7   Thumb Code     0  startup_stm32f4xx.o(.text)
    EXTI9_5_IRQHandler                       0x080001b7   Thumb Code     0  startup_stm32f4xx.o(.text)
    FLASH_IRQHandler                         0x080001b7   Thumb Code     0  startup_stm32f4xx.o(.text)
    FPU_IRQHandler                           0x080001b7   Thumb Code     0  startup_stm32f4xx.o(.text)
    FSMC_IRQHandler                          0x080001b7   Thumb Code     0  startup_stm32f4xx.o(.text)
    HASH_RNG_IRQHandler                      0x080001b7   Thumb Code     0  startup_stm32f4xx.o(.text)
    I2C1_ER_IRQHandler                       0x080001b7   Thumb Code     0  startup_stm32f4xx.o(.text)
    I2C1_EV_IRQHandler                       0x080001b7   Thumb Code     0  startup_stm32f4xx.o(.text)
    I2C2_ER_IRQHandler                       0x080001b7   Thumb Code     0  startup_stm32f4xx.o(.text)
    I2C2_EV_IRQHandler                       0x080001b7   Thumb Code     0  startup_stm32f4xx.o(.text)
    I2C3_ER_IRQHandler                       0x080001b7   Thumb Code     0  startup_stm32f4xx.o(.text)
    I2C3_EV_IRQHandler                       0x080001b7   Thumb Code     0  startup_stm32f4xx.o(.text)
    OTG_FS_IRQHandler                        0x080001b7   Thumb Code     0  startup_stm32f4xx.o(.text)
    OTG_FS_WKUP_IRQHandler                   0x080001b7   Thumb Code     0  startup_stm32f4xx.o(.text)
    OTG_HS_EP1_IN_IRQHandler                 0x080001b7   Thumb Code     0  startup_stm32f4xx.o(.text)
    OTG_HS_EP1_OUT_IRQHandler                0x080001b7   Thumb Code     0  startup_stm32f4xx.o(.text)
    OTG_HS_IRQHandler                        0x080001b7   Thumb Code     0  startup_stm32f4xx.o(.text)
    OTG_HS_WKUP_IRQHandler                   0x080001b7   Thumb Code     0  startup_stm32f4xx.o(.text)
    PVD_IRQHandler                           0x080001b7   Thumb Code     0  startup_stm32f4xx.o(.text)
    RCC_IRQHandler                           0x080001b7   Thumb Code     0  startup_stm32f4xx.o(.text)
    RTC_Alarm_IRQHandler                     0x080001b7   Thumb Code     0  startup_stm32f4xx.o(.text)
    RTC_WKUP_IRQHandler                      0x080001b7   Thumb Code     0  startup_stm32f4xx.o(.text)
    SDIO_IRQHandler                          0x080001b7   Thumb Code     0  startup_stm32f4xx.o(.text)
    SPI1_IRQHandler                          0x080001b7   Thumb Code     0  startup_stm32f4xx.o(.text)
    SPI2_IRQHandler                          0x080001b7   Thumb Code     0  startup_stm32f4xx.o(.text)
    SPI3_IRQHandler                          0x080001b7   Thumb Code     0  startup_stm32f4xx.o(.text)
    TAMP_STAMP_IRQHandler                    0x080001b7   Thumb Code     0  startup_stm32f4xx.o(.text)
    TIM1_BRK_TIM9_IRQHandler                 0x080001b7   Thumb Code     0  startup_stm32f4xx.o(.text)
    TIM1_CC_IRQHandler                       0x080001b7   Thumb Code     0  startup_stm32f4xx.o(.text)
    TIM1_TRG_COM_TIM11_IRQHandler            0x080001b7   Thumb Code     0  startup_stm32f4xx.o(.text)
    TIM1_UP_TIM10_IRQHandler                 0x080001b7   Thumb Code     0  startup_stm32f4xx.o(.text)
    TIM2_IRQHandler                          0x080001b7   Thumb Code     0  startup_stm32f4xx.o(.text)
    TIM3_IRQHandler                          0x080001b7   Thumb Code     0  startup_stm32f4xx.o(.text)
    TIM4_IRQHandler                          0x080001b7   Thumb Code     0  startup_stm32f4xx.o(.text)
    TIM5_IRQHandler                          0x080001b7   Thumb Code     0  startup_stm32f4xx.o(.text)
    TIM6_DAC_IRQHandler                      0x080001b7   Thumb Code     0  startup_stm32f4xx.o(.text)
    TIM7_IRQHandler                          0x080001b7   Thumb Code     0  startup_stm32f4xx.o(.text)
    TIM8_BRK_TIM12_IRQHandler                0x080001b7   Thumb Code     0  startup_stm32f4xx.o(.text)
    TIM8_CC_IRQHandler                       0x080001b7   Thumb Code     0  startup_stm32f4xx.o(.text)
    TIM8_TRG_COM_TIM14_IRQHandler            0x080001b7   Thumb Code     0  startup_stm32f4xx.o(.text)
    TIM8_UP_TIM13_IRQHandler                 0x080001b7   Thumb Code     0  startup_stm32f4xx.o(.text)
    UART4_IRQHandler                         0x080001b7   Thumb Code     0  startup_stm32f4xx.o(.text)
    UART5_IRQHandler                         0x080001b7   Thumb Code     0  startup_stm32f4xx.o(.text)
    USART1_IRQHandler                        0x080001b7   Thumb Code     0  startup_stm32f4xx.o(.text)
    USART2_IRQHandler                        0x080001b7   Thumb Code     0  startup_stm32f4xx.o(.text)
    USART3_IRQHandler                        0x080001b7   Thumb Code     0  startup_stm32f4xx.o(.text)
    USART6_IRQHandler                        0x080001b7   Thumb Code     0  startup_stm32f4xx.o(.text)
    WWDG_IRQHandler                          0x080001b7   Thumb Code     0  startup_stm32f4xx.o(.text)
    __aeabi_memcpy                           0x080001c1   Thumb Code    36  memcpya.o(.text)
    __aeabi_memcpy4                          0x080001c1   Thumb Code     0  memcpya.o(.text)
    __aeabi_memcpy8                          0x080001c1   Thumb Code     0  memcpya.o(.text)
    __scatterload                            0x080001e5   Thumb Code    28  init.o(.text)
    __scatterload_rt2                        0x080001e5   Thumb Code     0  init.o(.text)
    BusFault_Handler                         0x08000209   Thumb Code     4  stm32f4xx_it.o(i.BusFault_Handler)
    DebugMon_Handler                         0x0800020d   Thumb Code     2  stm32f4xx_it.o(i.DebugMon_Handler)
    Delay_ms                                 0x08000211   Thumb Code    58  ili9325.o(i.Delay_ms)
    FSMC_NORSRAMCmd                          0x08000255   Thumb Code    46  stm32f4xx_fsmc.o(i.FSMC_NORSRAMCmd)
    FSMC_NORSRAMInit                         0x08000289   Thumb Code   230  stm32f4xx_fsmc.o(i.FSMC_NORSRAMInit)
    GPIO_Init                                0x0800036f   Thumb Code   144  stm32f4xx_gpio.o(i.GPIO_Init)
    GPIO_PinAFConfig                         0x080003ff   Thumb Code    70  stm32f4xx_gpio.o(i.GPIO_PinAFConfig)
    GPIO_ResetBits                           0x08000445   Thumb Code     4  stm32f4xx_gpio.o(i.GPIO_ResetBits)
    GPIO_SetBits                             0x08000449   Thumb Code     4  stm32f4xx_gpio.o(i.GPIO_SetBits)
    GetASCIICode1                            0x0800044d   Thumb Code    20  asciilib.o(i.GetASCIICode1)
    GetASCIICode2                            0x08000465   Thumb Code    28  asciilib.o(i.GetASCIICode2)
    GetASCIICode3                            0x08000485   Thumb Code    30  asciilib.o(i.GetASCIICode3)
    GetASCIICode4                            0x080004a9   Thumb Code    26  asciilib.o(i.GetASCIICode4)
    GetASCIICode5                            0x080004c9   Thumb Code    30  asciilib.o(i.GetASCIICode5)
    HardFault_Handler                        0x080004ed   Thumb Code     4  stm32f4xx_it.o(i.HardFault_Handler)
    LCD_Clear                                0x080004f1   Thumb Code    56  ili9325.o(i.LCD_Clear)
    LCD_CtrlLinesConfig                      0x0800052d   Thumb Code   246  ili9325.o(i.LCD_CtrlLinesConfig)
    LCD_DisplayOn                            0x0800062d   Thumb Code    14  ili9325.o(i.LCD_DisplayOn)
    LCD_FSMCConfig                           0x0800063b   Thumb Code   132  ili9325.o(i.LCD_FSMCConfig)
    LCD_Init                                 0x080006c1   Thumb Code   534  ili9325.o(i.LCD_Init)
    LCD_PutChar                              0x080008e1   Thumb Code   614  ili9325.o(i.LCD_PutChar)
    LCD_ReadReg                              0x08000b65   Thumb Code    38  ili9325.o(i.LCD_ReadReg)
    LCD_SetBackLight                         0x08000b91   Thumb Code   176  ili9325.o(i.LCD_SetBackLight)
    LCD_SetCursor                            0x08000c51   Thumb Code    24  ili9325.o(i.LCD_SetCursor)
    LCD_SetTextColor                         0x08000c69   Thumb Code    14  ili9325.o(i.LCD_SetTextColor)
    LCD_StringLine                           0x08000c85   Thumb Code    96  ili9325.o(i.LCD_StringLine)
    LCD_WriteRAM                             0x08000ce9   Thumb Code    24  ili9325.o(i.LCD_WriteRAM)
    LCD_WriteRAM_Prepare                     0x08000d05   Thumb Code    16  ili9325.o(i.LCD_WriteRAM_Prepare)
    LCD_WriteReg                             0x08000d15   Thumb Code    28  ili9325.o(i.LCD_WriteReg)
    MemManage_Handler                        0x08000d35   Thumb Code     4  stm32f4xx_it.o(i.MemManage_Handler)
    NMI_Handler                              0x08000d39   Thumb Code     2  stm32f4xx_it.o(i.NMI_Handler)
    PendSV_Handler                           0x08000d3b   Thumb Code     2  stm32f4xx_it.o(i.PendSV_Handler)
    Pixel                                    0x08000d3d   Thumb Code    56  ili9325.o(i.Pixel)
    RCC_AHB1PeriphClockCmd                   0x08000d75   Thumb Code    26  stm32f4xx_rcc.o(i.RCC_AHB1PeriphClockCmd)
    RCC_AHB3PeriphClockCmd                   0x08000d95   Thumb Code    26  stm32f4xx_rcc.o(i.RCC_AHB3PeriphClockCmd)
    RCC_APB1PeriphClockCmd                   0x08000db5   Thumb Code    26  stm32f4xx_rcc.o(i.RCC_APB1PeriphClockCmd)
    RCC_APB1PeriphResetCmd                   0x08000dd5   Thumb Code    26  stm32f4xx_rcc.o(i.RCC_APB1PeriphResetCmd)
    RCC_APB2PeriphClockCmd                   0x08000df5   Thumb Code    26  stm32f4xx_rcc.o(i.RCC_APB2PeriphClockCmd)
    RCC_APB2PeriphResetCmd                   0x08000e15   Thumb Code    26  stm32f4xx_rcc.o(i.RCC_APB2PeriphResetCmd)
    SPI_CalculateCRC                         0x08000e35   Thumb Code    24  stm32f4xx_spi.o(i.SPI_CalculateCRC)
    SPI_Cmd                                  0x08000e4d   Thumb Code    24  stm32f4xx_spi.o(i.SPI_Cmd)
    SPI_I2S_DeInit                           0x08000e65   Thumb Code    76  stm32f4xx_spi.o(i.SPI_I2S_DeInit)
    SPI_I2S_GetFlagStatus                    0x08000ebd   Thumb Code    18  stm32f4xx_spi.o(i.SPI_I2S_GetFlagStatus)
    SPI_I2S_ReceiveData                      0x08000ecf   Thumb Code     6  stm32f4xx_spi.o(i.SPI_I2S_ReceiveData)
    SPI_I2S_SendData                         0x08000ed5   Thumb Code     4  stm32f4xx_spi.o(i.SPI_I2S_SendData)
    SPI_Init                                 0x08000ed9   Thumb Code    60  stm32f4xx_spi.o(i.SPI_Init)
    STM_EVAL_LEDInit                         0x08000f15   Thumb Code    62  my_stm32f4_discovery.o(i.STM_EVAL_LEDInit)
    SVC_Handler                              0x08000f61   Thumb Code     2  stm32f4xx_it.o(i.SVC_Handler)
    SystemInit                               0x08001051   Thumb Code    88  system_stm32f4xx.o(i.SystemInit)
    TIM_ARRPreloadConfig                     0x080010b9   Thumb Code    24  stm32f4xx_tim.o(i.TIM_ARRPreloadConfig)
    TIM_Cmd                                  0x080010d1   Thumb Code    24  stm32f4xx_tim.o(i.TIM_Cmd)
    TIM_CtrlPWMOutputs                       0x080010e9   Thumb Code    30  stm32f4xx_tim.o(i.TIM_CtrlPWMOutputs)
    TIM_OC1Init                              0x08001109   Thumb Code   114  stm32f4xx_tim.o(i.TIM_OC1Init)
    TIM_OC1PreloadConfig                     0x08001185   Thumb Code    18  stm32f4xx_tim.o(i.TIM_OC1PreloadConfig)
    TIM_TimeBaseInit                         0x08001199   Thumb Code   104  stm32f4xx_tim.o(i.TIM_TimeBaseInit)
    UsageFault_Handler                       0x0800121d   Thumb Code     4  stm32f4xx_it.o(i.UsageFault_Handler)
    XPT2046_Init                             0x08001221   Thumb Code   248  xpt2046.o(i.XPT2046_Init)
    __scatterload_copy                       0x08001321   Thumb Code    14  handlers.o(i.__scatterload_copy)
    __scatterload_null                       0x0800132f   Thumb Code     2  handlers.o(i.__scatterload_null)
    __scatterload_zeroinit                   0x08001331   Thumb Code    14  handlers.o(i.__scatterload_zeroinit)
    clust2sect                               0x08001785   Thumb Code    26  ff.o(i.clust2sect)
    disk_initialize                          0x08001fd5   Thumb Code   296  diskio.o(i.disk_initialize)
    disk_ioctl                               0x08002105   Thumb Code   222  diskio.o(i.disk_ioctl)
    disk_read                                0x080021e5   Thumb Code   138  diskio.o(i.disk_read)
    disk_status                              0x08002275   Thumb Code    48  diskio.o(i.disk_status)
    disk_write                               0x080022a9   Thumb Code   158  diskio.o(i.disk_write)
    f_close                                  0x0800234d   Thumb Code    22  ff.o(i.f_close)
    f_mount                                  0x08002365   Thumb Code    38  ff.o(i.f_mount)
    f_open                                   0x08002391   Thumb Code   354  ff.o(i.f_open)
    f_sync                                   0x080024f9   Thumb Code   176  ff.o(i.f_sync)
    ff_convert                               0x080025a9   Thumb Code    70  ccsbcs.o(i.ff_convert)
    ff_wtoupper                              0x080025f5   Thumb Code    46  ccsbcs.o(i.ff_wtoupper)
    gen_numname                              0x0800275b   Thumb Code   168  ff.o(i.gen_numname)
    get_fat                                  0x08002803   Thumb Code   228  ff.o(i.get_fat)
    get_fattime                              0x080028e7   Thumb Code    60  fattime.o(i.get_fattime)
    gettime                                  0x08002923   Thumb Code    36  fattime.o(i.gettime)
    main                                     0x08002989   Thumb Code   158  main.o(i.main)
    power                                    0x08002b5d   Thumb Code   298  diskio.o(i.power)
    put_fat                                  0x08002ced   Thumb Code   310  ff.o(i.put_fat)
    GPIO_PIN                                 0x080031a8   Data           8  my_stm32f4_discovery.o(.constdata)
    GPIO_CLK                                 0x080031b0   Data          16  my_stm32f4_discovery.o(.constdata)
    ASCII16x24                               0x080031c0   Data        4560  asciilib.o(.constdata)
    ASCII12x12                               0x08004980   Data        2280  asciilib.o(.constdata)
    Region$$Table$$Base                      0x08005f24   Number         0  anon$$obj.o(Region$$Table)
    Region$$Table$$Limit                     0x08005f44   Number         0  anon$$obj.o(Region$$Table)
    GPIO_PORT                                0x20000008   Data          16  my_stm32f4_discovery.o(.data)
    NVIC_InitStructure                       0x20000018   Data           4  my_stm32f4_discovery.o(.data)
    BlueLED_counter                          0x2000001c   Data           4  my_stm32f4_discovery.o(.data)
    RedLED_counter                           0x20000020   Data           4  my_stm32f4_discovery.o(.data)
    SystemCoreClock                          0x20000024   Data           4  system_stm32f4xx.o(.data)
    AHBPrescTable                            0x20000028   Data          16  system_stm32f4xx.o(.data)
    textRed                                  0x20000038   Data           1  ili9325.o(.data)
    textGreen                                0x20000039   Data           1  ili9325.o(.data)
    textBlue                                 0x2000003a   Data           1  ili9325.o(.data)
    readValue                                0x2000003c   Data           2  ili9325.o(.data)
    backRed                                  0x2000003e   Data           1  ili9325.o(.data)
    backGreen                                0x2000003f   Data           1  ili9325.o(.data)
    backBlue                                 0x20000040   Data           1  ili9325.o(.data)
    i                                        0x20000042   Data           2  ili9325.o(.data)
    j                                        0x20000044   Data           2  ili9325.o(.data)
    asciisize                                0x20000046   Data           2  ili9325.o(.data)
    __initial_sp                             0x20000af8   Data           0  startup_stm32f4xx.o(STACK)



==============================================================================

Memory Map of the image

  Image Entry point : 0x08000189

  Load Region LR_IROM1 (Base: 0x08000000, Size: 0x00005f9c, Max: 0x00100000, ABSOLUTE)

    Execution Region ER_IROM1 (Base: 0x08000000, Size: 0x00005f44, Max: 0x00100000, ABSOLUTE)

    Base Addr    Size         Type   Attr      Idx    E Section Name        Object

    0x08000000   0x00000188   Data   RO          294    RESET               startup_stm32f4xx.o
    0x08000188   0x00000000   Code   RO         5048  * .ARM.Collect$$$$00000000  mc_w.l(entry.o)
    0x08000188   0x00000004   Code   RO         5071    .ARM.Collect$$$$00000001  mc_w.l(entry2.o)
    0x0800018c   0x00000004   Code   RO         5074    .ARM.Collect$$$$00000004  mc_w.l(entry5.o)
    0x08000190   0x00000000   Code   RO         5076    .ARM.Collect$$$$00000008  mc_w.l(entry7b.o)
    0x08000190   0x00000000   Code   RO         5078    .ARM.Collect$$$$0000000A  mc_w.l(entry8b.o)
    0x08000190   0x00000008   Code   RO         5079    .ARM.Collect$$$$0000000B  mc_w.l(entry9a.o)
    0x08000198   0x00000000   Code   RO         5081    .ARM.Collect$$$$0000000D  mc_w.l(entry10a.o)
    0x08000198   0x00000000   Code   RO         5083    .ARM.Collect$$$$0000000F  mc_w.l(entry11a.o)
    0x08000198   0x00000004   Code   RO         5072    .ARM.Collect$$$$00002712  mc_w.l(entry2.o)
    0x0800019c   0x00000024   Code   RO          295    .text               startup_stm32f4xx.o
    0x080001c0   0x00000024   Code   RO         5051    .text               mc_w.l(memcpya.o)
    0x080001e4   0x00000024   Code   RO         5094    .text               mc_w.l(init.o)
    0x08000208   0x00000004   Code   RO          232    i.BusFault_Handler  stm32f4xx_it.o
    0x0800020c   0x00000002   Code   RO          233    i.DebugMon_Handler  stm32f4xx_it.o
    0x0800020e   0x00000002   PAD
    0x08000210   0x00000044   Code   RO         4275    i.Delay_ms          ili9325.o
    0x08000254   0x00000034   Code   RO         1635    i.FSMC_NORSRAMCmd   stm32f4xx_fsmc.o
    0x08000288   0x000000e6   Code   RO         1637    i.FSMC_NORSRAMInit  stm32f4xx_fsmc.o
    0x0800036e   0x00000090   Code   RO         1749    i.GPIO_Init         stm32f4xx_gpio.o
    0x080003fe   0x00000046   Code   RO         1751    i.GPIO_PinAFConfig  stm32f4xx_gpio.o
    0x08000444   0x00000004   Code   RO         1757    i.GPIO_ResetBits    stm32f4xx_gpio.o
    0x08000448   0x00000004   Code   RO         1758    i.GPIO_SetBits      stm32f4xx_gpio.o
    0x0800044c   0x00000018   Code   RO         4219    i.GetASCIICode1     asciilib.o
    0x08000464   0x00000020   Code   RO         4220    i.GetASCIICode2     asciilib.o
    0x08000484   0x00000024   Code   RO         4221    i.GetASCIICode3     asciilib.o
    0x080004a8   0x00000020   Code   RO         4222    i.GetASCIICode4     asciilib.o
    0x080004c8   0x00000024   Code   RO         4223    i.GetASCIICode5     asciilib.o
    0x080004ec   0x00000004   Code   RO          234    i.HardFault_Handler  stm32f4xx_it.o
    0x080004f0   0x0000003c   Code   RO         4277    i.LCD_Clear         ili9325.o
    0x0800052c   0x00000100   Code   RO         4279    i.LCD_CtrlLinesConfig  ili9325.o
    0x0800062c   0x0000000e   Code   RO         4282    i.LCD_DisplayOn     ili9325.o
    0x0800063a   0x00000084   Code   RO         4291    i.LCD_FSMCConfig    ili9325.o
    0x080006be   0x00000002   PAD
    0x080006c0   0x00000220   Code   RO         4294    i.LCD_Init          ili9325.o
    0x080008e0   0x00000284   Code   RO         4295    i.LCD_PutChar       ili9325.o
    0x08000b64   0x0000002c   Code   RO         4297    i.LCD_ReadReg       ili9325.o
    0x08000b90   0x000000c0   Code   RO         4299    i.LCD_SetBackLight  ili9325.o
    0x08000c50   0x00000018   Code   RO         4301    i.LCD_SetCursor     ili9325.o
    0x08000c68   0x0000001c   Code   RO         4302    i.LCD_SetTextColor  ili9325.o
    0x08000c84   0x00000064   Code   RO         4303    i.LCD_StringLine    ili9325.o
    0x08000ce8   0x0000001c   Code   RO         4304    i.LCD_WriteRAM      ili9325.o
    0x08000d04   0x00000010   Code   RO         4305    i.LCD_WriteRAM_Prepare  ili9325.o
    0x08000d14   0x00000020   Code   RO         4306    i.LCD_WriteReg      ili9325.o
    0x08000d34   0x00000004   Code   RO          235    i.MemManage_Handler  stm32f4xx_it.o
    0x08000d38   0x00000002   Code   RO          236    i.NMI_Handler       stm32f4xx_it.o
    0x08000d3a   0x00000002   Code   RO          237    i.PendSV_Handler    stm32f4xx_it.o
    0x08000d3c   0x00000038   Code   RO         4307    i.Pixel             ili9325.o
    0x08000d74   0x00000020   Code   RO         2340    i.RCC_AHB1PeriphClockCmd  stm32f4xx_rcc.o
    0x08000d94   0x00000020   Code   RO         2346    i.RCC_AHB3PeriphClockCmd  stm32f4xx_rcc.o
    0x08000db4   0x00000020   Code   RO         2349    i.RCC_APB1PeriphClockCmd  stm32f4xx_rcc.o
    0x08000dd4   0x00000020   Code   RO         2351    i.RCC_APB1PeriphResetCmd  stm32f4xx_rcc.o
    0x08000df4   0x00000020   Code   RO         2352    i.RCC_APB2PeriphClockCmd  stm32f4xx_rcc.o
    0x08000e14   0x00000020   Code   RO         2354    i.RCC_APB2PeriphResetCmd  stm32f4xx_rcc.o
    0x08000e34   0x00000018   Code   RO         3219    i.SPI_CalculateCRC  stm32f4xx_spi.o
    0x08000e4c   0x00000018   Code   RO         3220    i.SPI_Cmd           stm32f4xx_spi.o
    0x08000e64   0x00000058   Code   RO         3227    i.SPI_I2S_DeInit    stm32f4xx_spi.o
    0x08000ebc   0x00000012   Code   RO         3228    i.SPI_I2S_GetFlagStatus  stm32f4xx_spi.o
    0x08000ece   0x00000006   Code   RO         3231    i.SPI_I2S_ReceiveData  stm32f4xx_spi.o
    0x08000ed4   0x00000004   Code   RO         3232    i.SPI_I2S_SendData  stm32f4xx_spi.o
    0x08000ed8   0x0000003c   Code   RO         3233    i.SPI_Init          stm32f4xx_spi.o
    0x08000f14   0x0000004c   Code   RO          182    i.STM_EVAL_LEDInit  my_stm32f4_discovery.o
    0x08000f60   0x00000002   Code   RO          238    i.SVC_Handler       stm32f4xx_it.o
    0x08000f62   0x00000002   PAD
    0x08000f64   0x000000ec   Code   RO          300    i.SetSysClock       system_stm32f4xx.o
    0x08001050   0x00000068   Code   RO          302    i.SystemInit        system_stm32f4xx.o
    0x080010b8   0x00000018   Code   RO         3424    i.TIM_ARRPreloadConfig  stm32f4xx_tim.o
    0x080010d0   0x00000018   Code   RO         3436    i.TIM_Cmd           stm32f4xx_tim.o
    0x080010e8   0x0000001e   Code   RO         3438    i.TIM_CtrlPWMOutputs  stm32f4xx_tim.o
    0x08001106   0x00000002   PAD
    0x08001108   0x0000007c   Code   RO         3465    i.TIM_OC1Init       stm32f4xx_tim.o
    0x08001184   0x00000012   Code   RO         3468    i.TIM_OC1PreloadConfig  stm32f4xx_tim.o
    0x08001196   0x00000002   PAD
    0x08001198   0x00000084   Code   RO         3508    i.TIM_TimeBaseInit  stm32f4xx_tim.o
    0x0800121c   0x00000004   Code   RO          239    i.UsageFault_Handler  stm32f4xx_it.o
    0x08001220   0x00000100   Code   RO         4505    i.XPT2046_Init      xpt2046.o
    0x08001320   0x0000000e   Code   RO         5098    i.__scatterload_copy  mc_w.l(handlers.o)
    0x0800132e   0x00000002   Code   RO         5099    i.__scatterload_null  mc_w.l(handlers.o)
    0x08001330   0x0000000e   Code   RO         5100    i.__scatterload_zeroinit  mc_w.l(handlers.o)
    0x0800133e   0x00000002   PAD
    0x08001340   0x00000090   Code   RO         4728    i.check_fs          ff.o
    0x080013d0   0x00000014   Code   RO         4729    i.chk_chr           ff.o
    0x080013e4   0x000003a0   Code   RO         4730    i.chk_mounted       ff.o
    0x08001784   0x0000001a   Code   RO         4731    i.clust2sect        ff.o
    0x0800179e   0x00000002   PAD
    0x080017a0   0x00000090   Code   RO         4732    i.cmp_lfn           ff.o
    0x08001830   0x000000ca   Code   RO         4733    i.create_chain      ff.o
    0x080018fa   0x00000002   PAD
    0x080018fc   0x00000298   Code   RO         4734    i.create_name       ff.o
    0x08001b94   0x00000014   Code   RO         4594    i.deselect          diskio.o
    0x08001ba8   0x000000de   Code   RO         4735    i.dir_find          ff.o
    0x08001c86   0x00000118   Code   RO         4736    i.dir_next          ff.o
    0x08001d9e   0x00000198   Code   RO         4738    i.dir_register      ff.o
    0x08001f36   0x0000009c   Code   RO         4740    i.dir_sdi           ff.o
    0x08001fd2   0x00000002   PAD
    0x08001fd4   0x00000130   Code   RO         4595    i.disk_initialize   diskio.o
    0x08002104   0x000000de   Code   RO         4596    i.disk_ioctl        diskio.o
    0x080021e2   0x00000002   PAD
    0x080021e4   0x00000090   Code   RO         4597    i.disk_read         diskio.o
    0x08002274   0x00000034   Code   RO         4598    i.disk_status       diskio.o
    0x080022a8   0x000000a4   Code   RO         4599    i.disk_write        diskio.o
    0x0800234c   0x00000016   Code   RO         4744    i.f_close           ff.o
    0x08002362   0x00000002   PAD
    0x08002364   0x0000002c   Code   RO         4749    i.f_mount           ff.o
    0x08002390   0x00000168   Code   RO         4750    i.f_open            ff.o
    0x080024f8   0x000000b0   Code   RO         4756    i.f_sync            ff.o
    0x080025a8   0x0000004c   Code   RO         5016    i.ff_convert        ccsbcs.o
    0x080025f4   0x00000038   Code   RO         5017    i.ff_wtoupper       ccsbcs.o
    0x0800262c   0x00000080   Code   RO         4761    i.fit_lfn           ff.o
    0x080026ac   0x000000ae   Code   RO         4762    i.follow_path       ff.o
    0x0800275a   0x000000a8   Code   RO         4763    i.gen_numname       ff.o
    0x08002802   0x000000e4   Code   RO         4764    i.get_fat           ff.o
    0x080028e6   0x0000003c   Code   RO         4697    i.get_fattime       fattime.o
    0x08002922   0x00000024   Code   RO         4698    i.gettime           fattime.o
    0x08002946   0x00000002   PAD
    0x08002948   0x00000020   Code   RO         4600    i.interface_speed   diskio.o
    0x08002968   0x00000020   Code   RO         4766    i.ld_clust          ff.o
    0x08002988   0x0000010c   Code   RO            4    i.main              main.o
    0x08002a94   0x00000026   Code   RO         4767    i.mem_cmp           ff.o
    0x08002aba   0x0000001a   Code   RO         4768    i.mem_cpy           ff.o
    0x08002ad4   0x00000014   Code   RO         4769    i.mem_set           ff.o
    0x08002ae8   0x00000072   Code   RO         4770    i.move_window       ff.o
    0x08002b5a   0x00000002   PAD
    0x08002b5c   0x0000013c   Code   RO         4601    i.power             diskio.o
    0x08002c98   0x00000054   Code   RO         4602    i.power_off         diskio.o
    0x08002cec   0x00000136   Code   RO         4772    i.put_fat           ff.o
    0x08002e22   0x00000064   Code   RO         4603    i.rcvr_datablock    diskio.o
    0x08002e86   0x0000000a   Code   RO         4604    i.rcvr_spi          diskio.o
    0x08002e90   0x0000000c   Code   RO         4605    i.release_spi       diskio.o
    0x08002e9c   0x00000068   Code   RO         4773    i.remove_chain      ff.o
    0x08002f04   0x00000024   Code   RO         4606    i.select            diskio.o
    0x08002f28   0x0000008e   Code   RO         4607    i.send_cmd          diskio.o
    0x08002fb6   0x00000002   PAD
    0x08002fb8   0x00000014   Code   RO         4511    i.set_CS            xpt2046.o
    0x08002fcc   0x00000010   Code   RO         4774    i.st_clust          ff.o
    0x08002fdc   0x00000028   Code   RO         4608    i.stm32_spi_rw      diskio.o
    0x08003004   0x00000020   Code   RO         4775    i.sum_sfn           ff.o
    0x08003024   0x000000ca   Code   RO         4776    i.sync              ff.o
    0x080030ee   0x00000034   Code   RO         4777    i.validate          ff.o
    0x08003122   0x00000002   PAD
    0x08003124   0x00000028   Code   RO         4609    i.wait_ready        diskio.o
    0x0800314c   0x0000005c   Code   RO         4610    i.xmit_datablock    diskio.o
    0x080031a8   0x00000018   Data   RO          188    .constdata          my_stm32f4_discovery.o
    0x080031c0   0x00002814   Data   RO         4226    .constdata          asciilib.o
    0x080059d4   0x0000008d   Data   RO         4779    .constdata          ff.o
    0x08005a61   0x00000001   PAD
    0x08005a62   0x000004c0   Data   RO         5018    .constdata          ccsbcs.o
    0x08005f22   0x00000002   PAD
    0x08005f24   0x00000020   Data   RO         5096    Region$$Table       anon$$obj.o


    Execution Region RW_IRAM1 (Base: 0x20000000, Size: 0x00000af8, Max: 0x00020000, ABSOLUTE)

    Base Addr    Size         Type   Attr      Idx    E Section Name        Object

    0x20000000   0x00000005   Data   RW            6    .data               main.o
    0x20000005   0x00000003   PAD
    0x20000008   0x0000001c   Data   RW          189    .data               my_stm32f4_discovery.o
    0x20000024   0x00000014   Data   RW          303    .data               system_stm32f4xx.o
    0x20000038   0x00000010   Data   RW         4309    .data               ili9325.o
    0x20000048   0x00000008   Data   RW         4611    .data               diskio.o
    0x20000050   0x00000007   Data   RW         4780    .data               ff.o
    0x20000057   0x00000001   PAD
    0x20000058   0x0000049c   Zero   RW            5    .bss                main.o
    0x200004f4   0x00000200   Zero   RW         4778    .bss                ff.o
    0x200006f4   0x00000004   PAD
    0x200006f8   0x00000400   Zero   RW          292    STACK               startup_stm32f4xx.o


==============================================================================

Image component sizes


      Code (inc. data)   RO Data    RW Data    ZI Data      Debug   Object Name

       160         26      10260          0          0       3501   asciilib.o
       132         16       1216          0          0       2419   ccsbcs.o
      1810         72          0          8          0      12158   diskio.o
        96          0          0          0          0       1636   fattime.o
      5440         76        141          7        512      25513   ff.o
      2238        112          0         16          0      11485   ili9325.o
       268        110          0          5       1180     261895   main.o
        76         14         24         28          0       1359   my_stm32f4_discovery.o
        36          8        392          0       1024        908   startup_stm32f4xx.o
       282          6          0          0          0       1957   stm32f4xx_fsmc.o
       222          0          0          0          0       3083   stm32f4xx_gpio.o
        24          0          0          0          0       3480   stm32f4xx_it.o
       192         36          0          0          0       3750   stm32f4xx_rcc.o
       224         12          0          0          0       4950   stm32f4xx_spi.o
       352         38          0          0          0       4578   stm32f4xx_tim.o
       340         32          0         20          0       1713   system_stm32f4xx.o
       276         14          0          0          0       1127   xpt2046.o

    ----------------------------------------------------------------------
     12196        572      12068         88       2720     345512   Object Totals
         0          0         32          0          0          0   (incl. Generated)
        28          0          3          4          4          0   (incl. Padding)

    ----------------------------------------------------------------------

      Code (inc. data)   RO Data    RW Data    ZI Data      Debug   Library Member Name

         0          0          0          0          0          0   entry.o
         0          0          0          0          0          0   entry10a.o
         0          0          0          0          0          0   entry11a.o
         8          4          0          0          0          0   entry2.o
         4          0          0          0          0          0   entry5.o
         0          0          0          0          0          0   entry7b.o
         0          0          0          0          0          0   entry8b.o
         8          4          0          0          0          0   entry9a.o
        30          0          0          0          0          0   handlers.o
        36          8          0          0          0         68   init.o
        36          0          0          0          0         68   memcpya.o

    ----------------------------------------------------------------------
       124         16          0          0          0        136   Library Totals
         2          0          0          0          0          0   (incl. Padding)

    ----------------------------------------------------------------------

      Code (inc. data)   RO Data    RW Data    ZI Data      Debug   Library Name

       122         16          0          0          0        136   mc_w.l

    ----------------------------------------------------------------------
       124         16          0          0          0        136   Library Totals

    ----------------------------------------------------------------------

==============================================================================


      Code (inc. data)   RO Data    RW Data    ZI Data      Debug   

     12320        588      12068         88       2720     335252   Grand Totals
     12320        588      12068         88       2720     335252   ELF Image Totals
     12320        588      12068         88          0          0   ROM Totals

==============================================================================

    Total RO  Size (Code + RO Data)                24388 (  23.82kB)
    Total RW  Size (RW Data + ZI Data)              2808 (   2.74kB)
    Total ROM Size (Code + RO Data + RW Data)      24476 (  23.90kB)

==============================================================================

